09-18 15:37:48.341 17080 17080 I [+0100]oneconnect[1.8.17.22_01][BEACON_MANAGER_CONTROL_SERVICE]: BeaconManagerFilter.addSamsungConnectFilter - 
09-18 15:37:48.341 17080 17080 I [+0100]oneconnect[1.8.17.22_01][BEACON_MANAGER_CONTROL_SERVICE]: BeaconManagerFilter.addAqaraDoorLockFilter - 
09-18 15:37:48.341 17080 17080 I [+0100]oneconnect[1.8.17.22_01][BEACON_MANAGER_CONTROL_SERVICE]: BeaconManagerFilter.addMatterFilter - 
09-18 15:37:48.341 17080 17080 I [+0100]oneconnect[1.8.17.22_01][BEACON_MANAGER_CONTROL_SERVICE]: BeaconManagerFilter.addBleCloudV2Filter - 
09-18 15:37:48.344 17080 17080 I [+0100]oneconnect[1.8.17.22_01][BEACON_MANAGER_CONTROL_SERVICE]: BeaconManagerControlService.onBind - 
09-18 15:37:48.346 17078 17178 I CameraManagerGlobal: Connecting to camera service
09-18 15:37:48.345  4791  4824 I DMASA[D][476-399-579853]: [DiagmonProvider]Received msg based on provider : request_deviceid / request_deviceid
09-18 15:37:48.347 17922 17922 I BCMGR[11.0.01.10]ContentValues: onServiceConnected - BeaconManagerControlService connected Intent { cmp=com.samsung.android.oneconnect/.easysetup.beaconmanager.BeaconManagerControlService }
09-18 15:37:48.348 17922 17922 I BCMGR[11.0.01.10]: BeaconManager] updateSkipFilter - BroadcastReceiver onReceive end
09-18 15:37:48.348 17922 17922 W BCMGR[11.0.01.10]: BeaconManager] setSkipFilter - 0
09-18 15:37:48.348 17922 17922 I BCMGR[11.0.01.10]: ContentValues(ST)] updateScanFilter - size : 9
09-18 15:37:48.348 17922 17922 I BCMGR[11.0.01.10]: BeaconManager] updateCustomPacketFilters (Smartthings)  - setSmartthingsPacketFilters :9
09-18 15:37:48.348 17922 17922 I BCMGR[11.0.01.10]BeaconManagerFilter: setSmartThingsFilterList - size : 9filter: [SamsungFriends] , [SmartSwitch] , [SamsungDiscovery_StInvitation] , [SDiscovery_tvOn] , [SamsungIba] , [SamsungConnect_V2_V3_On] , [AqaraDoorLock] , [Matter] , [BleCloudV2] , 
09-18 15:37:48.349 17922 17068 I BCMGR[11.0.01.10]: BeaconManager] updateScanCondition - 
09-18 15:37:48.349 17922 17068 I BCMGR[11.0.01.10]: BeaconManager] getScanFilter - filterFlag - 0b1100000
09-18 15:37:48.349 17922 17068 I BCMGR[11.0.01.10]: BeaconManager] updateScanCondition - filter: (on : 9, off:0)[SamsungFriends] , [SmartSwitch] , [SamsungDiscovery_StInvitation] , [SDiscovery_tvOn] , [SamsungIba] , [SamsungConnect_V2_V3_On] , [AqaraDoorLock] , [Matter] , [BleCloudV2] , 
09-18 15:37:48.349 17922 17068 I BCMGR[11.0.01.10]: BleScanHelper] updateScanFilternInterval - On Filter: 9, Off Filter: 0
09-18 15:37:48.349 17078 17078 I IC_g[1.2.93]: getSmartThingVersion, stub_app : false
09-18 15:37:48.350 17078 17078 I IC_g[1.2.93]: getSmartThingVersion, verCode : 181722010
09-18 15:37:48.350 17922 17068 I BluetoothAdapter: STATE_OFF=10
09-18 15:37:48.350 17922 17068 I BluetoothAdapter: StandAloneBleMode=true called by PID : 17922 @ com.samsung.android.beaconmanager
09-18 15:37:48.350  2435  2463 D SemNativeCarrierFeature_vendor: getInstance
09-18 15:37:48.351  3459  3459 V KeyguardUpdateMonitor: onSubscriptionInfoChanged()
09-18 15:37:48.351 17078 17078 I IC_g[1.2.93]: getNDSVersion, verCode : 1111200014
09-18 15:37:48.351 17078 17078 I IC_g[1.2.93]: isNDSPrimary, Primary Supported
09-18 15:37:48.351 17922 17068 I BluetoothAdapter:  setting StandAloneBleMode=true
09-18 15:37:48.351 17078 17078 I IC_DialogController[1.2.93]: IcDialogController :: constructor
09-18 15:37:48.351 17078 17078 I IC_DialogController[1.2.93]: initialize :: 
09-18 15:37:48.351  1450  1450 I NSLocationMonitor: onSubscriptionsChanged
09-18 15:37:48.352  1450  3305 D CompatibilityChangeReporter: Compat change id reported: 124107808; UID 1001; state: ENABLED
09-18 15:37:48.353  1450  3309 D GnssNetworkConnectivityHandler: Active Sub List size: 1
09-18 15:37:48.353  1450  1450 W NSLocationMonitor: SubId[46] for sim[0] was not changed
09-18 15:37:48.354  1450  1450 W NSLocationMonitor: Failed to load subId for sim[1]
09-18 15:37:48.354  3846  3846 I SimManagerFactory: onSubscriptionsChanged: subInfo={id=46 iccId=894412260[****] simSlotIndex=0 carrierId=718 displayName=EE carrierName=null nameSource=1 iconTint=-16746133 number=[****] dataRoaming=0 iconBitmap=null mcc=234 mnc=33 countryIso=gb isEmbedded=false nativeAccessRules=null cardString=894412260[****] cardId=45 portIndex=0 isOpportunistic=false groupUUID=null isGroupDisabled=false profileClass=-1 ehplmns=[] hplmns=[23430, 23430, 23430] subscriptionType=0 groupOwner=null carrierConfigAccessRules=null areUiccApplicationsEnabled=true usageSetting=0}
09-18 15:37:48.354  3846  3846 I SimManagerFactory: Do not notify: SubId is not changed.
09-18 15:37:48.354  3846  3846 I SimManagerFactory: updateAdsSlot: subId:46 phoneId:0 curActiveDataPhone:0
09-18 15:37:48.356  3459  3459 V KeyguardUpdateMonitor: SubInfo:{id=46 iccId=894412260[****] simSlotIndex=0 carrierId=718 displayName=EE carrierName=null nameSource=1 iconTint=-16746133 number=[****] dataRoaming=0 iconBitmap=null mcc=234 mnc=33 countryIso=gb isEmbedded=false nativeAccessRules=null cardString=894412260[****] cardId=45 portIndex=0 isOpportunistic=false groupUUID=null isGroupDisabled=false profileClass=-1 ehplmns=[] hplmns=[23430, 23430, 23430] subscriptionType=0 groupOwner=null carrierConfigAccessRules=null areUiccApplicationsEnabled=true usageSetting=0}
09-18 15:37:48.356  2435  2463 D SemNativeCarrierFeature_vendor: getInstance
09-18 15:37:48.357 17922 17068 I BluetoothAdapter: enableRadio() : Calling enable
09-18 15:37:48.357  1450  3533 D SecContentProvider: query(), uri = 3 selection = isBLEAllowed
09-18 15:37:48.357  1450  3533 D SecContentProvider: called from android.uid.system:1000
09-18 15:37:48.357  1450  3533 D BluetoothManagerService: enableBle(): mIsSamsungKernel = true, fromSamsungApp = true
09-18 15:37:48.357  1450  3533 D SecContentProvider: query(), uri = 3 selection = isBLEAllowed
09-18 15:37:48.358  1450  3533 D SecContentProvider: called from android.uid.system:1000
09-18 15:37:48.358  3459  3459 D CarrierTextController: onRefreshCarrierInfo(), mTelephonyCapable: true
09-18 15:37:48.358  3459  3459 D CarrierTextController: updateCarrierText(): 1
09-18 15:37:48.358  3459  3459 D CarrierTextController: Handling (subId=46): 5 null
09-18 15:37:48.358  3459  3459 D CarrierTextController: carrierTextForSimState = null
09-18 15:37:48.358  1450  3533 D BluetoothManagerService: updateBleAppCount #UP | mBleAppCount: 0, mSappCount: 0, Using SS: true
09-18 15:37:48.358  3459  3459 D CarrierTextController: setText : No SIM
09-18 15:37:48.358  3459  3459 D FaceWidgetPagesController: onRefreshCarrierInfo()
09-18 15:37:48.358  1450  2590 D BluetoothManagerService: binding Bluetooth service
09-18 15:37:48.358  3459  3459 D FaceWidgetClockRoamManager: isNetworkRoamingState id=46
09-18 15:37:48.358  3459  3459 D FaceWidgetClockRoamManager: isNetworkRoamingState false
09-18 15:37:48.358  3459  3459 D FaceWidgetClockRoamManager: onRefreshCarrierInfo(pre, now): false, false
09-18 15:37:48.358  3459  3459 D FaceWidgetClockPage: onRefreshCarrierInfo : isChanged false mIsRoaming false
09-18 15:37:48.358  3459  3459 D MultiSIMController: onSubscriptionsChanged: 
09-18 15:37:48.358 17078 17078 I BluetoothAdapter: BluetoothAdapter() : com.samsung.android.easysetup
09-18 15:37:48.358  3459  3459 D MultiSIMController: MESSAGE_UPDATE_SUBSCRIPTION_INFO
09-18 15:37:48.359  4791  4824 I DMASA[D][476-399-579853]: [DiagmonProvider]Signature Check Success
09-18 15:37:48.359  4791  4824 I DMASA[D][476-399-579853]: [DiagmonProvider]Action : Request deviceID
09-18 15:37:48.359  1450  3765 D SLocation: CellLocationManager - onCellLocationChanged 46 / 0
09-18 15:37:48.360  4791  4824 W DMASA[D][476-399-579853]: [DiagmonProvider]DeviceId failed : user binary or info null
09-18 15:37:48.361  1450  2590 D CompatibilityChangeReporter: Compat change id reported: 135634846; UID 1002; state: DISABLED
09-18 15:37:48.361  1561  1561 D CameraService: addListenerHelper: Add listener 0xb4000076afd91d40
09-18 15:37:48.362  1450  1475 W ContextImpl: Calling a method in the system process without a qualified user: android.app.ContextImpl.sendBroadcastMultiplePermissions:1285 com.android.server.TelephonyRegistry.broadcastServiceStateChanged:3130 com.android.server.TelephonyRegistry.notifyServiceStateForPhoneId:1630 com.android.internal.telephony.ITelephonyRegistry$Stub.onTransact:499 android.os.Binder.execTransactInternal:1316 
09-18 15:37:48.362  1450  2590 D BluetoothManagerService: mDisableBleCallbacks count 11
09-18 15:37:48.362  1450  1475 W ContextImpl: Calling a method in the system process without a qualified user: android.app.ContextImpl.sendBroadcastMultiplePermissions:1335 android.content.Context.sendBroadcastMultiplePermissions:2285 com.android.server.TelephonyRegistry.broadcastServiceStateChanged:3134 com.android.server.TelephonyRegistry.notifyServiceStateForPhoneId:1630 com.android.internal.telephony.ITelephonyRegistry$Stub.onTransact:499 
09-18 15:37:48.362  1561  1561 D CameraService: addListenerHelper: CameraDeviceState for CameraManager
09-18 15:37:48.363  3459  3554 D NetworkController: doUpdateMobileControllers size=1 from=com.android.systemui.statusbar.connectivity.NetworkControllerImpl.updateMobileControllers:1066 com.android.systemui.statusbar.connectivity.NetworkControllerImpl.-$$Nest$mupdateMobileControllers:0 com.android.systemui.statusbar.connectivity.NetworkControllerImpl$SubListener.onSubscriptionsChanged:1730 android.telephony.TelephonyRegistryManager$1.lambda$onSubscriptionsChanged$0:125 
09-18 15:37:48.363  3459  3554 D NetworkController: SubInfo:{id=46 iccId=894412260[****] simSlotIndex=0 carrierId=718 displayName=EE carrierName=null nameSource=1 iconTint=-16746133 number=[****] dataRoaming=0 iconBitmap=null mcc=234 mnc=33 countryIso=gb isEmbedded=false nativeAccessRules=null cardString=894412260[****] cardId=45 portIndex=0 isOpportunistic=false groupUUID=null isGroupDisabled=false profileClass=-1 ehplmns=[] hplmns=[23430, 23430, 23430] subscriptionType=0 groupOwner=null carrierConfigAccessRules=null areUiccApplicationsEnabled=true usageSetting=0}
09-18 15:37:48.363  1561  1561 I CameraService: this package can access to hidden camera ids.
09-18 15:37:48.363 17078 17160 I CameraManagerGlobal: Camera 0 facing CAMERA_FACING_BACK state now CAMERA_STATE_CLOSED for client android.system API Level 2User Id 0
09-18 15:37:48.363  3459  3554 D NetworkController: onReceive: android.telephony.action.SERVICE_PROVIDERS_UPDATED, slotId=1
09-18 15:37:48.363 17078 17160 I CameraManagerGlobal: Camera 1 facing CAMERA_FACING_FRONT state now CAMERA_STATE_CLOSED for client android.system API Level 2User Id 0
09-18 15:37:48.363 17078 17160 I CameraManagerGlobal: Camera 2 facing CAMERA_FACING_BACK state now CAMERA_STATE_CLOSED for client android.system API Level 2User Id 0
09-18 15:37:48.363 17078 17160 I CameraManagerGlobal: Camera 20 facing CAMERA_FACING_BACK state now CAMERA_STATE_CLOSED for client android.system API Level 2User Id 0
09-18 15:37:48.363 17078 17160 I CameraManagerGlobal: Camera 21 facing CAMERA_FACING_BACK state now CAMERA_STATE_CLOSED for client android.system API Level 2User Id 0
09-18 15:37:48.363 17078 17109 I CameraManagerGlobal: Camera 23 facing CAMERA_FACING_BACK state now CAMERA_STATE_CLOSED for client android.system API Level 2User Id 0
09-18 15:37:48.363 17080 17183 I [+0100]oneconnect[1.8.17.22_01][BEACON_MANAGER_CONTROL_SERVICE]: SystemInfo.hasSepFeature - true
09-18 15:37:48.363 17078 17109 I CameraManagerGlobal: Camera 3 facing CAMERA_FACING_FRONT state now CAMERA_STATE_CLOSED for client android.system API Level 2User Id 0
09-18 15:37:48.363 17080 17183 I [+0100]oneconnect[1.8.17.22_01][BEACON_MANAGER_CONTROL_SERVICE]: SystemInfo.isSemAvailable : - ? true ,Version: 3301
09-18 15:37:48.363 17078 17109 I CameraManagerGlobal: Camera 4 facing CAMERA_FACING_FRONT state now CAMERA_STATE_CLOSED for client android.system API Level 2User Id 0
09-18 15:37:48.363 17078 17109 I CameraManagerGlobal: Camera 40 facing CAMERA_FACING_BACK state now CAMERA_STATE_CLOSED for client android.system API Level 2User Id 0
09-18 15:37:48.363 17078 17109 I CameraManagerGlobal: Camera 41 facing CAMERA_FACING_FRONT state now CAMERA_STATE_CLOSED for client android.system API Level 2User Id 0
09-18 15:37:48.364 17078 17109 I CameraManagerGlobal: Camera 52 facing CAMERA_FACING_BACK state now CAMERA_STATE_CLOSED for client android.system API Level 2User Id 0
09-18 15:37:48.365  1450  1450 D SemWifiService: received: android.intent.action.SERVICE_STATE
09-18 15:37:48.365 17078 17145 I DIAGMON_SDK[605059][476-399-579853] : Agreement value: D
09-18 15:37:48.366 17078 17145 I DIAGMON_SDK[605059][476-399-579853] : Request Service Registration
09-18 15:37:48.366 17078 17178 I CameraManager: registerAvailabilityCallback: Is device callback = false
09-18 15:37:48.366 17078 17178 I CameraManagerGlobal: postSingleUpdate device: camera id 0 status STATUS_PRESENT
09-18 15:37:48.366 17078 17178 I CameraManagerGlobal: postSingleUpdate device: camera id 1 status STATUS_PRESENT
09-18 15:37:48.366 17078 17174 I IC_Service[1.2.93]: onCameraAvailable(0)
09-18 15:37:48.367 17078 17174 I IC_Service[1.2.93]: onCameraAvailable(1)
09-18 15:37:48.367 17080 17183 I [+0100]oneconnect[1.8.17.22_01][BEACON_MANAGER_CONTROL_SERVICE]: [BeaconManagerControlService] IntelligentContinuity.getNDSVersion - verCode : 1111200014
09-18 15:37:48.367 17078 17178 I CameraManagerGlobal: postSingleUpdate device: camera id 2 status STATUS_PRESENT
09-18 15:37:48.367  3459  3554 D NetworkController: ServiceState from intent slotId=1
09-18 15:37:48.367 17078 17178 I CameraManagerGlobal: postSingleUpdate device: camera id 3 status STATUS_PRESENT
09-18 15:37:48.367 17078 17178 I CameraManagerGlobal: postSingleUpdate device: camera id 20 status STATUS_PRESENT
09-18 15:37:48.367 17078 17178 I CameraManagerGlobal: postSingleUpdate device: camera id 21 status STATUS_PRESENT
09-18 15:37:48.367 17078 17178 I CameraManagerGlobal: postSingleUpdate device: camera id 23 status STATUS_PRESENT
09-18 15:37:48.367 17078 17178 I CameraManagerGlobal: postSingleUpdate device: camera id 40 status STATUS_PRESENT
09-18 15:37:48.367 17078 17178 I CameraManagerGlobal: postSingleUpdate device: camera id 41 status STATUS_PRESENT
09-18 15:37:48.367  1450  1520 W BroadcastQueue: Permission Denial: receiving Intent { act=android.intent.action.SERVICE_STATE flg=0x1000010 (has extras) } to com.google.android.cellbroadcastreceiver/com.android.cellbroadcastreceiver.CellBroadcastReceiver requires android.permission.READ_PHONE_STATE due to sender android (uid 1001)
09-18 15:37:48.367 17078 17174 I IC_Service[1.2.93]: onCameraAvailable(2)
09-18 15:37:48.367 17078 17178 I CameraManagerGlobal: postSingleUpdate device: camera id 52 status STATUS_PRESENT
09-18 15:37:48.367 17078 17174 I IC_Service[1.2.93]: onCameraAvailable(3)
09-18 15:37:48.367 17078 17174 I IC_Service[1.2.93]: onCameraAvailable(20)
09-18 15:37:48.367 17078 17174 I IC_Service[1.2.93]: onCameraAvailable(21)
09-18 15:37:48.367 17078 17174 I IC_Service[1.2.93]: onCameraAvailable(23)
09-18 15:37:48.367 17078 17174 I IC_Service[1.2.93]: onCameraAvailable(40)
09-18 15:37:48.367 17078 17174 I IC_Service[1.2.93]: onCameraAvailable(41)
09-18 15:37:48.367 17078 17174 I IC_Service[1.2.93]: onCameraAvailable(52)
09-18 15:37:48.367  4791  4824 I DMASA[D][476-399-579853]: [DiagmonProvider]Received msg based on provider : registration / register_service
09-18 15:37:48.368 17078 17178 I IC_Service[1.2.93]: initialize() - camCb registered
09-18 15:37:48.368  1450  1475 W ContextImpl: Calling a method in the system process without a qualified user: android.app.ContextImpl.sendBroadcastMultiplePermissions:1335 android.content.Context.sendBroadcastMultiplePermissions:2285 com.android.server.TelephonyRegistry.broadcastServiceStateChanged:3141 com.android.server.TelephonyRegistry.notifyServiceStateForPhoneId:1630 com.android.internal.telephony.ITelephonyRegistry$Stub.onTransact:499 
09-18 15:37:48.368  2435  2463 D SemNativeCarrierFeature_vendor: getInstance
09-18 15:37:48.369 18621 18663 I ORC/MultiSimManager: updateSimCount() = 1
09-18 15:37:48.369  1450  1475 W ContextImpl: Calling a method in the system process without a qualified user: android.app.ContextImpl.sendBroadcastMultiplePermissions:1335 android.content.Context.sendBroadcastMultiplePermissions:2285 com.android.server.TelephonyRegistry.broadcastServiceStateChanged:3145 com.android.server.TelephonyRegistry.notifyServiceStateForPhoneId:1630 com.android.internal.telephony.ITelephonyRegistry$Stub.onTransact:499 
09-18 15:37:48.369 18621 18663 I ORC/MultiSimManager: updateMultiSimState() Before : sIsSim1Active = true, sIsSim2Active = false
09-18 15:37:48.369  1450  1520 W BroadcastQueue: Appop Denial: receiving Intent { act=android.intent.action.SERVICE_STATE flg=0x1000010 (has extras) } to ProcessRecord{9b9b1a8 1450:system/1000} (pid=1450, uid=1000) excludes appop android:read_phone_state due to sender android (uid 1001)
09-18 15:37:48.370 17080 17080 I [+0100]oneconnect[1.8.17.22_01][BEACON_MANAGER_CONTROL_SERVICE]: BeaconManagerControlService.onStartCommand - start_self
09-18 15:37:48.371  1450  1520 W BroadcastQueue: Appop Denial: receiving Intent { act=android.intent.action.SERVICE_STATE flg=0x1000010 (has extras) } to ProcessRecord{a9c5ea 3459:com.android.systemui/u0a62} (pid=3459, uid=10062) excludes appop android:read_phone_state due to sender android (uid 1001)
09-18 15:37:48.371  1450  1520 W BroadcastQueue: Appop Denial: receiving Intent { act=android.intent.action.SERVICE_STATE flg=0x1000010 (has extras) } to ProcessRecord{9b9b1a8 1450:system/1000} (pid=1450, uid=1000) excludes appop android:read_phone_state due to sender android (uid 1001)
09-18 15:37:48.371  4791  4824 I DMASA[D][476-399-579853]: [DiagmonProvider]Signature Check Success
09-18 15:37:48.371  1450  1520 W BroadcastQueue: Appop Denial: receiving Intent { act=android.intent.action.SERVICE_STATE flg=0x1000010 (has extras) } to ProcessRecord{6466ac0 3799:com.android.phone/1001} (pid=3799, uid=1001) excludes appop android:read_phone_state due to sender android (uid 1001)
09-18 15:37:48.371  4791  4824 I DMASA[D][476-399-579853]: [DiagmonProvider]Action : Register service
09-18 15:37:48.371  1450  1520 W BroadcastQueue: Appop Denial: receiving Intent { act=android.intent.action.SERVICE_STATE flg=0x1000010 (has extras) } to ProcessRecord{6466ac0 3799:com.android.phone/1001} (pid=3799, uid=1001) excludes appop android:read_phone_state due to sender android (uid 1001)
09-18 15:37:48.372  1450  1520 W BroadcastQueue: Appop Denial: receiving Intent { act=android.intent.action.SERVICE_STATE flg=0x1000010 (has extras) } to ProcessRecord{6466ac0 3799:com.android.phone/1001} (pid=3799, uid=1001) excludes appop android:read_phone_state due to sender android (uid 1001)
09-18 15:37:48.372  1450  1520 W BroadcastQueue: Appop Denial: receiving Intent { act=android.intent.action.SERVICE_STATE flg=0x1000010 (has extras) } to ProcessRecord{9b9b1a8 1450:system/1000} (pid=1450, uid=1000) excludes appop android:fine_location due to sender android (uid 1001)
09-18 15:37:48.372  3459  3459 D MultiSIMController: onReceive() - action = android.intent.action.SERVICE_STATE
09-18 15:37:48.372  1450  1520 W BroadcastQueue: Appop Denial: receiving Intent { act=android.intent.action.SERVICE_STATE flg=0x1000010 (has extras) } to ProcessRecord{a9c5ea 3459:com.android.systemui/u0a62} (pid=3459, uid=10062) excludes appop android:fine_location due to sender android (uid 1001)
09-18 15:37:48.372 17080 17185 I [+0100]oneconnect[1.8.17.22_01][BEACON_MANAGER_CONTROL_SERVICE]: SystemInfo.hasSepFeature - true
09-18 15:37:48.372  4791  4824 I DMASA[D][476-399-579853]: [b]Service Agree: true
09-18 15:37:48.372  1450  1520 W BroadcastQueue: Appop Denial: receiving Intent { act=android.intent.action.SERVICE_STATE flg=0x1000010 (has extras) } to ProcessRecord{9b9b1a8 1450:system/1000} (pid=1450, uid=1000) excludes appop android:fine_location due to sender android (uid 1001)
09-18 15:37:48.372  3459  3459 D Tile.AirplaneModeTile: onReceive android.intent.action.SERVICE_STATE
09-18 15:37:48.372 17080 17185 I [+0100]oneconnect[1.8.17.22_01][BEACON_MANAGER_CONTROL_SERVICE]: SystemInfo.isSemAvailable : - ? true ,Version: 3301
09-18 15:37:48.372  3459  3459 D KeyguardUpdateMonitor: received broadcast android.intent.action.SERVICE_STATE
09-18 15:37:48.372  1450  1520 W BroadcastQueue: Appop Denial: receiving Intent { act=android.intent.action.SERVICE_STATE flg=0x1000010 (has extras) } to ProcessRecord{6466ac0 3799:com.android.phone/1001} (pid=3799, uid=1001) excludes appop android:fine_location due to sender android (uid 1001)
09-18 15:37:48.372  4791  4824 I DMASA[D][476-399-579853]: [b]Device ID is null or empty
09-18 15:37:48.372  1450  1520 W BroadcastQueue: Appop Denial: receiving Intent { act=android.intent.action.SERVICE_STATE flg=0x1000010 (has extras) } to ProcessRecord{6466ac0 3799:com.android.phone/1001} (pid=3799, uid=1001) excludes appop android:fine_location due to sender android (uid 1001)
09-18 15:37:48.372  3459  3459 V KeyguardUpdateMonitor: action android.intent.action.SERVICE_STATE serviceState={mVoiceRegState=1(OUT_OF_SERVICE), mDataRegState=1(OUT_OF_SERVICE), mChannelNumber=-1, duplexMode()=0, mCellBandwidths=[], mOperatorAlphaLong=, mOperatorAlphaShort=, isManualNetworkSelection=false(automatic), getRilVoiceRadioTechnology=0(Unknown), getRilDataRadioTechnology=0(Unknown), mCssIndicator=unsupported, mNetworkId=*1, mSystemId=*1, mCdmaRoamingIndicator=-1, mCdmaDefaultRoamingIndicator=-1, VoiceRegType=0, Snap=0, MobileData=OUT_OF_SERVICE, MobileDataRoamingType=home, MobileDataRat=Unknown, PsOnly=false, FemtocellInd=0, SprDisplayRoam=false, OptRadioTech=0, MsimSubmode=0, IsVoiceCallAvailable=false, mIsEmergencyOnly=false, isUsingCarrierAggregation=false, mArfcnRsrpBoost=0, mNetworkRegistrationInfos=[NetworkRegistrationInfo{ domain=CS transportType=WWAN registrationState=NOT_REG_SEARCHING roamingType=NOT_ROAMING accessNetworkTechnology=UNKNOWN rejectCause=0 emergencyEnabled=false availableServices=[] cellIdentity=null voiceSpecificInfo=VoiceSpecificRegistrationInfo { mCssSupported=false mRoamingIndicator=0 mSystemIsInPrl=0 mDefaultRoamingIndicator=0} dataSpecificInfo=null nrState=**** rRplmn= isUsingCarrierAggregation=false}, NetworkRegistrationInfo{ domain=PS transportType=WWAN registrationState=NOT_REG_SEARCHING roamingType=NOT_ROAMING accessNetworkTechnology=UNKNOWN rejectCause=0 emergencyEnabled=false availableServices=[] cellIdentity=null voiceSpecificInfo=null dataSpecificInfo=android.telephony.DataSpecificRegistrationInfo :{ maxDataCalls = 16 isDcNrRestricted = false isNrAvailable = false isEnDcAvailable = false LteVopsSupportInfo :  mVopsSupport = 1 mEmcBearerSupport = 1 } nrState=**** rRplmn= isUsingCarrierAggregation=false}], mNrFrequencyRange=0, mOperatorAlphaLongRaw=, mOperatorAlphaShortRaw=, mIsDataRoamingFromRegistration=false, mIsIwlanPreferred=false} subId=-1
09-18 15:37:48.372  3459  3459 D MultiSIMController: MESSAGE_UPDATE_SERVICE_STATE
09-18 15:37:48.372  4791  4824 I DMASA[D][476-399-579853]: [b]Tracking ID is null or empty
09-18 15:37:48.372  1450  1520 W BroadcastQueue: Appop Denial: receiving Intent { act=android.intent.action.SERVICE_STATE flg=0x1000010 (has extras) } to ProcessRecord{6466ac0 3799:com.android.phone/1001} (pid=3799, uid=1001) excludes appop android:fine_location due to sender android (uid 1001)
09-18 15:37:48.372  1450  1520 W BroadcastQueue: Permission Denial: receiving Intent { act=android.intent.action.SERVICE_STATE flg=0x1000010 (has extras) } to com.google.android.cellbroadcastreceiver/com.android.cellbroadcastreceiver.CellBroadcastReceiver requires android.permission.ACCESS_FINE_LOCATION due to sender android (uid 1001)
09-18 15:37:48.373  3799  3799 D ServiceStateProvider: subId=-1
09-18 15:37:48.373  3459  3554 D NetworkController: IsPowerOffServiceState is true
09-18 15:37:48.373  3459  3554 D Tile.AirplaneModeTile: Tile.STATE_UNAVAILABLE
09-18 15:37:48.373  3459  3554 D Tile.AirplaneModeTile:  handleUpdateState:  value = true, state = 0
09-18 15:37:48.373  4791  4824 I DMASA[D][476-399-579853]: [DiagmonProvider]SERVICE INFO already registered to server [476-399-579853]
09-18 15:37:48.374  3459  3459 D KeyguardUpdateMonitor: handleServiceStateChange(subId=-1, serviceState={mVoiceRegState=1(OUT_OF_SERVICE), mDataRegState=1(OUT_OF_SERVICE), mChannelNumber=-1, duplexMode()=0, mCellBandwidths=[], mOperatorAlphaLong=, mOperatorAlphaShort=, isManualNetworkSelection=false(automatic), getRilVoiceRadioTechnology=0(Unknown), getRilDataRadioTechnology=0(Unknown), mCssIndicator=unsupported, mNetworkId=*1, mSystemId=*1, mCdmaRoamingIndicator=-1, mCdmaDefaultRoamingIndicator=-1, VoiceRegType=0, Snap=0, MobileData=OUT_OF_SERVICE, MobileDataRoamingType=home, MobileDataRat=Unknown, PsOnly=false, FemtocellInd=0, SprDisplayRoam=false, OptRadioTech=0, MsimSubmode=0, IsVoiceCallAvailable=false, mIsEmergencyOnly=false, isUsingCarrierAggregation=false, mArfcnRsrpBoost=0, mNetworkRegistrationInfos=[NetworkRegistrationInfo{ domain=CS transportType=WWAN registrationState=NOT_REG_SEARCHING roamingType=NOT_ROAMING accessNetworkTechnology=UNKNOWN rejectCause=0 emergencyEnabled=false availableServices=[] cellIdentity=null voiceSpecificInfo=VoiceSpecificRegistrationInfo { mCssSupported=false mRoamingIndicator=0 mSystemIsInPrl=0 mDefaultRoamingIndicator=0} dataSpecificInfo=null nrState=**** rRplmn= isUsingCarrierAggregation=false}, NetworkRegistrationInfo{ domain=PS transportType=WWAN registrationState=NOT_REG_SEARCHING roamingType=NOT_ROAMING accessNetworkTechnology=UNKNOWN rejectCause=0 emergencyEnabled=false availableServices=[] cellIdentity=null voiceSpecificInfo=null dataSpecificInfo=android.telephony.DataSpecificRegistrationInfo :{ maxDataCalls = 16 isDcNrRestricted = false isNrAvailable = false isEnDcAvailable = false LteVopsSupportInfo :  mVopsSupport = 1 mEmcBearerSupport = 1 } nrState=**** rRplmn= isUsingCarrierAggregation=false}], mNrFrequencyRange=0, mOperatorAlphaLongRaw=, mOperatorAlphaShortRaw=, mIsDataRoamingFromRegistration=false, mIsIwlanPreferred=false}
09-18 15:37:48.374  3459  3459 W KeyguardUpdateMonitor: invalid subId in handleServiceStateChange()
09-18 15:37:48.374  1450  1520 W BroadcastQueue: Appop Denial: receiving Intent { act=android.intent.action.SERVICE_STATE flg=0x1000010 (has extras) } to ProcessRecord{9b9b1a8 1450:system/1000} (pid=1450, uid=1000) excludes appop android:read_phone_state due to sender android (uid 1001)
09-18 15:37:48.374  1450  1520 W BroadcastQueue: Appop Denial: receiving Intent { act=android.intent.action.SERVICE_STATE flg=0x1000010 (has extras) } to ProcessRecord{a9c5ea 3459:com.android.systemui/u0a62} (pid=3459, uid=10062) excludes appop android:read_phone_state due to sender android (uid 1001)
09-18 15:37:48.374  1450  1520 W BroadcastQueue: Appop Denial: receiving Intent { act=android.intent.action.SERVICE_STATE flg=0x1000010 (has extras) } to ProcessRecord{9b9b1a8 1450:system/1000} (pid=1450, uid=1000) excludes appop android:read_phone_state due to sender android (uid 1001)
09-18 15:37:48.375  1450  1520 W BroadcastQueue: Appop Denial: receiving Intent { act=android.intent.action.SERVICE_STATE flg=0x1000010 (has extras) } to ProcessRecord{6466ac0 3799:com.android.phone/1001} (pid=3799, uid=1001) excludes appop android:read_phone_state due to sender android (uid 1001)
09-18 15:37:48.375  1450  1520 W BroadcastQueue: Appop Denial: receiving Intent { act=android.intent.action.SERVICE_STATE flg=0x1000010 (has extras) } to ProcessRecord{6466ac0 3799:com.android.phone/1001} (pid=3799, uid=1001) excludes appop android:read_phone_state due to sender android (uid 1001)
09-18 15:37:48.375  1450  1520 W BroadcastQueue: Appop Denial: receiving Intent { act=android.intent.action.SERVICE_STATE flg=0x1000010 (has extras) } to ProcessRecord{6466ac0 3799:com.android.phone/1001} (pid=3799, uid=1001) excludes appop android:read_phone_state due to sender android (uid 1001)
09-18 15:37:48.375  1450  1520 W BroadcastQueue: Permission Denial: receiving Intent { act=android.intent.action.SERVICE_STATE flg=0x1000010 (has extras) } to com.google.android.cellbroadcastreceiver/com.android.cellbroadcastreceiver.CellBroadcastReceiver requires android.permission.READ_PHONE_STATE due to sender android (uid 1001)
09-18 15:37:48.375  2435  2463 D SemNativeCarrierFeature_vendor: getInstance
09-18 15:37:48.376 17078 17078 I BluetoothAdapter: STATE_OFF=10
09-18 15:37:48.375  1157  1157 D Zygote  : Forked child process 17187
09-18 15:37:48.377  1341  8058 V APM_AudioPolicyManager: setAppState(portId:77, state:2)
09-18 15:37:48.378  1450  1521 I ActivityManager: Start proc 17187:com.android.bluetooth/1002 for service {com.android.bluetooth/com.android.bluetooth.btservice.AdapterService}
09-18 15:37:48.378  3846  4418 I VolteServiceModule: onBarringInfoChanged: barringInfo BarringInfo {mCellIdentity=null, mBarringServiceInfos={0={isBarred: false (type: 0, isConditionally: false), factor: 0, timeseconds: 0}, 1={isBarred: false (type: 0, isConditionally: false), factor: 0, timeseconds: 0}, 2={isBarred: false (type: 0, isConditionally: false), factor: 0, timeseconds: 0}, 3={isBarred: false (type: 0, isConditionally: false), factor: 0, timeseconds: 0}, 4={isBarred: false (type: 0, isConditionally: false), factor: 0, timeseconds: 0}, 5={isBarred: false (type: 0, isConditionally: false), factor: 0, timeseconds: 0}, 6={isBarred: false (type: 0, isConditionally: false), factor: 0, timeseconds: 0}, 7={isBarred: false (type: 0, isConditionally: false), factor: 0, timeseconds: 0}, 8={isBarred: false (type: 0, isConditionally: false), factor: 0, timeseconds: 0}, 9={isBarred: false (type: 0, isConditionally: false), factor: 0, timeseconds: 0}}}
09-18 15:37:48.378  3846  4418 I VolteServiceModule: voiceBarringInfo mConditionalBarringFactor:0 mConditionalBarringTimeSeconds:0
09-18 15:37:48.378  3846  4418 I VolteServiceModule: videoBarringInfo mConditionalBarringFactor:0 mConditionalBarringTimeSeconds:0
09-18 15:37:48.378  3846  4418 I SsacManager: updateSSACInfo[0] : Voice(100:0) Video(100:0)
09-18 15:37:48.378  3846  4418 I SsacManager: Voice Call updateSSACInfo[0] : f[100], t[0]
09-18 15:37:48.378  3846  4418 I SsacManager: Video Call updateSSACInfo[0] : f[100], t[0]
09-18 15:37:48.378  3799  3799 D CallNotifier: onSubscriptionsChanged, updatePhoneStateListeners
09-18 15:37:48.378  3799  3799 D CallNotifier: updatePhoneStateListeners: isRefresh=true, updateType=2, subIdToUpdate=-1
09-18 15:37:48.379  3846  3846 I VolteServiceModule: onBarringInfoChanged: barringInfo BarringInfo {mCellIdentity=null, mBarringServiceInfos={0={isBarred: false (type: 0, isConditionally: false), factor: 0, timeseconds: 0}, 1={isBarred: false (type: 0, isConditionally: false), factor: 0, timeseconds: 0}, 2={isBarred: false (type: 0, isConditionally: false), factor: 0, timeseconds: 0}, 3={isBarred: false (type: 0, isConditionally: false), factor: 0, timeseconds: 0}, 4={isBarred: false (type: 0, isConditionally: false), factor: 0, timeseconds: 0}, 5={isBarred: false (type: 0, isConditionally: false), factor: 0, timeseconds: 0}, 6={isBarred: false (type: 0, isConditionally: false), factor: 0, timeseconds: 0}, 7={isBarred: false (type: 0, isConditionally: false), factor: 0, timeseconds: 0}, 8={isBarred: false (type: 0, isConditionally: false), factor: 0, timeseconds: 0}, 9={isBarred: false (type: 0, isConditionally: false), factor: 0, timeseconds: 0}}}
09-18 15:37:48.379  3846  4418 I VolteServiceModule: voiceBarringInfo mConditionalBarringFactor:0 mConditionalBarringTimeSeconds:0
09-18 15:37:48.379  3846  4418 I VolteServiceModule: videoBarringInfo mConditionalBarringFactor:0 mConditionalBarringTimeSeconds:0
09-18 15:37:48.379  3846  4418 I SsacManager: updateSSACInfo[1] : Voice(100:0) Video(100:0)
09-18 15:37:48.379  3846  4418 I SsacManager: Voice Call updateSSACInfo[1] : f[100], t[0]
09-18 15:37:48.379  3846  4418 I SsacManager: Video Call updateSSACInfo[1] : f[100], t[0]
09-18 15:37:48.380  3799  3799 D CallNotifier: updatePhoneStateListeners: subId=46
09-18 15:37:48.380  3799  3799 D CallNotifier: updatePhoneStateListeners: update CF notifications.
09-18 15:37:48.380 30679 30679 D CellBroadcastReceiver: onReceive Intent { act=android.intent.action.SERVICE_STATE flg=0x1000010 cmp=com.google.android.cellbroadcastreceiver/com.android.cellbroadcastreceiver.CellBroadcastReceiver (has extras) }
09-18 15:37:48.381  3799  3799 I Telephony: SamsungImsManagerInjector: [getImsManager_0 : com.samsung.telephony.model.ims.SamsungTelephonyImsManager@d596a5c] [ getImsManager_1 : com.samsung.telephony.model.ims.SamsungTelephonyImsManager@dbc0e3a]
09-18 15:37:48.381  3799  3799 D semImsManager[0]: isImsFeatureEnabled: mmtel-video, -1
09-18 15:37:48.381 17078 17145 I DIAGMON_SDK[605059][476-399-579853] : Results : Success
09-18 15:37:48.381 30679 30679 D CellBroadcastReceiver: onServiceStateChanged, ss: 1
09-18 15:37:48.382  3846  8623 I ImsServiceStub<0>: isServiceAvailable: VoImsFeature : (mmtel-video) is not supported
09-18 15:37:48.382  3799  3799 I Telephony: SamsungImsRepositoryImpl: isPSVTRegistered, result :false
09-18 15:37:48.382  3799  3799 I Telephony: SamsungCallForwardUpdateManager: shouldCheckVideoCallForwarding for slot 0 : false
09-18 15:37:48.382  3799  3799 I Telephony: SamsungCallForwardUpdateManager: isCfiVisible, voiceI: false, videoI: false
09-18 15:37:48.382  3799  3799 I NotificationMgr: updateCfi: subId= 46, visible=N, isValidSubId= true
09-18 15:37:48.383 17078 17078 W IC_DeviceManager[1.2.93]: updateBondState() - list empty
09-18 15:37:48.383 17078 17078 I IC_g[1.2.93]: checkConnectPermission CONNECT SDK_INT : 33
09-18 15:37:48.383 30679 30679 D CellBroadcastReceiver: networkOperator: 
09-18 15:37:48.383  3799  3799 D NotificationMgr: cancelAsUser, tag=46, id=4, user=UserHandle{0}
09-18 15:37:48.383  3799  3799 D CallNotifier: updatePhoneStateListeners: update MW notifications.
09-18 15:37:48.383 17078 17078 I IC_DeviceManager[1.2.93]: Getting info from BT Settings
09-18 15:37:48.383  3799  3799 I NotificationMgr: updateMwi(): subId 46 update to true
09-18 15:37:48.383 17078 17078 I IC_g[1.2.93]: mGetPermissionStatus : 0
09-18 15:37:48.383  3799  3799 D Telephony: SamsungVoiceMailMwiNotifiaction: getMwiNotificationId, notificationId: 3
09-18 15:37:48.383  3799  3799 I NotificationMgr: updateMwi(): phoneId 0, notificationId 3
09-18 15:37:48.384 18621 18663 I ORC/MultiSimManager: isSimActive() : simSlot = 0, simActive = true
09-18 15:37:48.384  3799  3799 D Telephony: SamsungVoiceMailMwiNotifiaction: getMwiNotificationResId, phoneId: 0
09-18 15:37:48.384  3799  3819 D PhoneInterfaceManager: setDataEnabledForReason() Reason=1 Pid=1450 App=system
09-18 15:37:48.384  3799  3799 D NotificationMgr: updateMwi, resId = 2131230891
09-18 15:37:48.385  3799  3799 D NotificationMgr: - got vm number: '+44*******222'
09-18 15:37:48.385  3799  3799 D Telephony: SamsungVoiceMailMwiNotifiaction: getMwiNotificationText, subId: 46
09-18 15:37:48.385  3799  3799 D Telephony: SamsungVoiceMailMwiNotifiaction: sim_operator_name: EE
09-18 15:37:48.385  3799  3799 D NotificationMgr: updateMwi, notificationText = EE
09-18 15:37:48.385  3799  3799 D Telephony: SamsungVoiceMailMwiNotifiaction: getMwiNotificationChannelId, channelId: SIM 1
09-18 15:37:48.385 18621 18663 I ORC/MultiSimManager: isSimActive() : simSlot = 1, simActive = false
09-18 15:37:48.385 18621 18663 I ORC/MultiSimManager: updateMultiSimState() sIsSim1ActiveWhenNotCalling = true, sIsSim2ActiveWhenNotCalling = false
09-18 15:37:48.385 18621 18663 I ORC/MultiSimManager: updateMultiSimState() not in call sIsSim1Active and sIsSim2Active set TRUE
09-18 15:37:48.385 18621 18663 I ORC/MultiSimManager: updateMultiSimState() After : sIsSim1Active = true, sIsSim2Active = false
09-18 15:37:48.386 30679 30679 D CellBroadcastReceiver: mockmodem is running? = false
09-18 15:37:48.386  1450  5800 I Telecom:SamsungTelecomServiceImpl: getDefaultDialerPackageForUser - userId : 0 / callingPid : 3799 / processName : sts
09-18 15:37:48.386 30679 30679 D CompatibilityChangeReporter: Compat change id reported: 183155436; UID 10273; state: ENABLED
09-18 15:37:48.386 18621 18663 I ORC/MultiSimManager: updateSimState() : sSimSlotCount = 2
09-18 15:37:48.386 30679 30679 D CellBroadcastReceiver: Start Cell Broadcast configuration for intent=ACTION_ENABLE_CHANNELS
09-18 15:37:48.386 18621 18621 I ORC/MultiSimManager: onSubscriptionsChanged
09-18 15:37:48.387  3799  3799 D Telephony: SamsungPackageRepositoryImpl: NameNotFoundException
09-18 15:37:48.387  3799  3799 D Telephony: SamsungCarrierRepositoryImpl: getSimOperator, phoneId=0, simOperator=23433
09-18 15:37:48.387  3799  3799 D Telephony: SamsungCarrierRepositoryImpl: getSimOperator, phoneId=0, simOperator=23433
09-18 15:37:48.387  3799  3799 D NotificationMgr: updateMwi, notifyAsUserMwi
09-18 15:37:48.387  3799  3799 D Telephony: SamsungVoiceMailMwiManager: notifyAsUser, id=3, user=UserHandle{0}
09-18 15:37:48.389  1341  8058 V APM_AudioPolicyManager: setAppState(portId:77, state:2)
09-18 15:37:48.389  1450  2582 D ApplicationPolicy: isStatusBarNotificationAllowedAsUser: packageName = com.android.phone,userId = 0
09-18 15:37:48.390  1450  2582 D ApplicationPolicy: isStatusBarNotificationAllowedAsUser: packageName = com.android.phone,userId = 0
09-18 15:37:48.390  3799  3799 D Telephony: SamsungVoiceMailMwiManager: notifyShowMwiForGear count = -1
09-18 15:37:48.391  3799  3799 I Telephony: TelecomAccountRegistry$1: TelecomAccountRegistry: onSubscriptionsChanged - update accounts
09-18 15:37:48.393  3799  3799 I Telephony: SamsungTelecomAccountRegistry: shouldUpdatePhoneAccountsOnSubscriptionsChanged: false, validPhoneCounts: 1, accounts.size: 1
09-18 15:37:48.393  3799  3799 I Telephony: TelecomAccountRegistry$1: TelecomAccountRegistry: onSubscriptionsChanged - end
09-18 15:37:48.395 17187 17187 I droid.bluetooth: Using CollectorTypeCC GC.
09-18 15:37:48.397 30679 17195 D CellBroadcastConfigService: Enable CellBroadcast on sub 46
09-18 15:37:48.398   697   697 D io_stats: !@   8,0 r 661831 30496376 w 164081 3275256 d 57451 3880872 f 0 0 iot 135964 0 th 0 0 0 pt 0 inp 0 1 20050.829
09-18 15:37:48.400 17187 17187 E droid.bluetooth: Not starting debugger since process cannot load the jdwp agent.
09-18 15:37:48.402  3799  3799 I TelephonyProvider: D/TelephonyProvider: update: match = 13
09-18 15:37:48.402  3799  3799 I TelephonyProvider: D/TelephonyProvider: subIdString = 46 subId = 46
09-18 15:37:48.404  3799  3799 I TelephonyProvider: D/TelephonyProvider: APN updated !! match = 13
09-18 15:37:48.404 17187 17187 D ActivityThread: setConscryptValidator
09-18 15:37:48.404 17187 17187 D ActivityThread: setConscryptValidator - put
09-18 15:37:48.405  1450  5800 D CompatibilityChangeReporter: Compat change id reported: 168419799; UID 1002; state: DISABLED
09-18 15:37:48.405  1450  5800 I ActivityManager: DSS OFF for com.android.bluetooth
09-18 15:37:48.407  1450  5800 I ActivityManager: Changes in 1002 20 to 0, 0 to 15
09-18 15:37:48.407  1450  5800 I AppOps  : updateUidProcState uid: 1002 procState: 0 capability:15
09-18 15:37:48.407  1450  5800 I AppOps  : commitUidPendingStateLocked() :: UID - 1002, 700 > 100, 0 > 15
09-18 15:37:48.408  3459  3459 V KeyguardUpdateMonitor: onSubscriptionInfoChanged()
09-18 15:37:48.409  4153  4206 I RequestManager_FLP: onOpChanged, op=0 / packageName=com.android.bluetooth
09-18 15:37:48.410  1450  3309 D GnssNetworkConnectivityHandler: Active Sub List size: 1
09-18 15:37:48.411  1450  1450 I NSLocationMonitor: onSubscriptionsChanged
09-18 15:37:48.411  1450  1450 W NSLocationMonitor: SubId[46] for sim[0] was not changed
09-18 15:37:48.411  1450  1450 W NSLocationMonitor: Failed to load subId for sim[1]
09-18 15:37:48.412  3846  3846 I SimManagerFactory: onSubscriptionsChanged: subInfo={id=46 iccId=894412260[****] simSlotIndex=0 carrierId=718 displayName=EE carrierName=No service nameSource=1 iconTint=-16746133 number=[****] dataRoaming=0 iconBitmap=null mcc=234 mnc=33 countryIso=gb isEmbedded=false nativeAccessRules=null cardString=894412260[****] cardId=45 portIndex=0 isOpportunistic=false groupUUID=null isGroupDisabled=false profileClass=-1 ehplmns=[] hplmns=[23430, 23430, 23430] subscriptionType=0 groupOwner=null carrierConfigAccessRules=null areUiccApplicationsEnabled=true usageSetting=0}
09-18 15:37:48.413  3846  3846 I SimManagerFactory: Do not notify: SubId is not changed.
09-18 15:37:48.413  3846  3846 I SimManagerFactory: updateAdsSlot: subId:46 phoneId:0 curActiveDataPhone:0
09-18 15:37:48.413  1450  3765 D SLocation: CellLocationManager - onCellLocationChanged 46 / 0
09-18 15:37:48.417  3459  3459 V KeyguardUpdateMonitor: SubInfo:{id=46 iccId=894412260[****] simSlotIndex=0 carrierId=718 displayName=EE carrierName=No service nameSource=1 iconTint=-16746133 number=[****] dataRoaming=0 iconBitmap=null mcc=234 mnc=33 countryIso=gb isEmbedded=false nativeAccessRules=null cardString=894412260[****] cardId=45 portIndex=0 isOpportunistic=false groupUUID=null isGroupDisabled=false profileClass=-1 ehplmns=[] hplmns=[23430, 23430, 23430] subscriptionType=0 groupOwner=null carrierConfigAccessRules=null areUiccApplicationsEnabled=true usageSetting=0}
09-18 15:37:48.418  3459  3459 D CarrierTextController: onRefreshCarrierInfo(), mTelephonyCapable: true
09-18 15:37:48.418  3459  3459 D CarrierTextController: updateCarrierText(): 1
09-18 15:37:48.418  3459  3459 D CarrierTextController: Handling (subId=46): 5 No service
09-18 15:37:48.418  3459  3459 D CarrierTextController: carrierTextForSimState = No service
09-18 15:37:48.418 17187 17187 D CompatibilityChangeReporter: Compat change id reported: 171979766; UID 1002; state: ENABLED
09-18 15:37:48.418  1450  1450 D SemWifiService: onServiceStateChanged : state - 1, dataNetworkType : 0
09-18 15:37:48.418  3459  3459 D CarrierTextController: setText : No service
09-18 15:37:48.418  3459  3459 D FaceWidgetPagesController: onRefreshCarrierInfo()
09-18 15:37:48.418  3459  3459 D FaceWidgetClockRoamManager: isNetworkRoamingState id=46
09-18 15:37:48.419  3459  3459 D FaceWidgetClockRoamManager: isNetworkRoamingState false
09-18 15:37:48.419  3459  3459 D FaceWidgetClockRoamManager: onRefreshCarrierInfo(pre, now): false, false
09-18 15:37:48.419  3459  3459 D FaceWidgetClockPage: onRefreshCarrierInfo : isChanged false mIsRoaming false
09-18 15:37:48.419  3459  3459 D MultiSIMController: onSubscriptionsChanged: 
09-18 15:37:48.419  3459  3459 D MultiSIMController: MESSAGE_UPDATE_SUBSCRIPTION_INFO
09-18 15:37:48.419  3459  3554 D NetworkController: doUpdateMobileControllers size=1 from=com.android.systemui.statusbar.connectivity.NetworkControllerImpl.updateMobileControllers:1066 com.android.systemui.statusbar.connectivity.NetworkControllerImpl.-$$Nest$mupdateMobileControllers:0 com.android.systemui.statusbar.connectivity.NetworkControllerImpl$SubListener.onSubscriptionsChanged:1730 android.telephony.TelephonyRegistryManager$1.lambda$onSubscriptionsChanged$0:125 
09-18 15:37:48.419  3459  3554 D NetworkController: SubInfo:{id=46 iccId=894412260[****] simSlotIndex=0 carrierId=718 displayName=EE carrierName=No service nameSource=1 iconTint=-16746133 number=[****] dataRoaming=0 iconBitmap=null mcc=234 mnc=33 countryIso=gb isEmbedded=false nativeAccessRules=null cardString=894412260[****] cardId=45 portIndex=0 isOpportunistic=false groupUUID=null isGroupDisabled=false profileClass=-1 ehplmns=[] hplmns=[23430, 23430, 23430] subscriptionType=0 groupOwner=null carrierConfigAccessRules=null areUiccApplicationsEnabled=true usageSetting=0}
09-18 15:37:48.419  3459  3554 D MobileSignalController(0/46): updateNetworkName showSpn=false spn=EE dataSpn=EE showPlmn=true plmn=No service hasVoWifiPLMN=false
09-18 15:37:48.420  1450  3765 D SLocation: CellLocationManager - onServiceStateChanged 1
09-18 15:37:48.420  1450  1450 D SemWifiApServiceImpl: onServiceStateChanged : 1dataNetworkType : 0
09-18 15:37:48.421  3846  3846 I VolteServiceModule: onServiceStateChanged({mVoiceRegState=1(OUT_OF_SERVICE), mDataRegState=1(OUT_OF_SERVICE), mChannelNumber=-1, duplexMode()=0, mCellBandwidths=[], mOperatorAlphaLong=, mOperatorAlphaShort=, isManualNetworkSelection=false(automatic), getRilVoiceRadioTechnology=0(Unknown), getRilDataRadioTechnology=0(Unknown), mCssIndicator=unsupported, mNetworkId=*1, mSystemId=*1, mCdmaRoamingIndicator=-1, mCdmaDefaultRoamingIndicator=-1, VoiceRegType=0, Snap=0, MobileData=OUT_OF_SERVICE, MobileDataRoamingType=home, MobileDataRat=Unknown, PsOnly=false, FemtocellInd=0, SprDisplayRoam=false, OptRadioTech=0, MsimSubmode=0, IsVoiceCallAvailable=false, mIsEmergencyOnly=false, isUsingCarrierAggregation=false, mArfcnRsrpBoost=0, mNetworkRegistrationInfos=[NetworkRegistrationInfo{ domain=CS transportType=WWAN registrationState=NOT_REG_SEARCHING roamingType=NOT_ROAMING accessNetworkTechnology=UNKNOWN rejectCause=0 emergencyEnabled=false availableServices=[] cellIdentity=null voiceSpecificInfo=VoiceSpecificRegistrationInfo { mCssSupported=false mRoamingIndicator=0 mSystemIsInPrl=0 mDefaultRoamingIndicator=0} dataSpecificInfo=null nrState=**** rRplmn= isUsingCarrierAggregation=false}, NetworkRegistrationInfo{ domain=PS transportType=WWAN registrationState=NOT_REG_SEARCHING roamingType=NOT_ROAMING accessNetworkTechnology=UNKNOWN rejectCause=0 emergencyEnabled=false availableServices=[] cellIdentity=null voiceSpecificInfo=null dataSpecificInfo=android.telephony.DataSpecificRegistrationInfo :{ maxDataCalls = 16 isDcNrRestricted = false isNrAvailable = false isEnDcAvailable = false LteVopsSupportInfo :  mVopsSupport = 1 mEmcBearerSupport = 1 } nrState=**** rRplmn= isUsingCarrierAggregation=false}], mNrFrequencyRange=0, mOperatorAlphaLongRaw=, mOperatorAlphaShortRaw=, mIsDataRoamingFromRegistration=false, mIsIwlanPreferred=false})
09-18 15:37:48.421  3846  3846 I VolteServiceModule: mIsLteEpsOnlyAttached(1):false
09-18 15:37:48.421  1450  1450 W NSLocationMonitor: onServiceStateChanged, state=1 / channel=-1
09-18 15:37:48.421 17187 17187 W ziparchive: Unable to open '/system/framework/knoxsdk.dm': No such file or directory
09-18 15:37:48.421 17187 17187 W ziparchive: Unable to open '/system/framework/knoxsdk.dm': No such file or directory
09-18 15:37:48.421  1450  1450 I NSLocationMonitor: networkType[0]=UNKNOWN / nrState=false
09-18 15:37:48.421  1450  1450 W AS.PhoneStateHelper: RIL State is changed: 3 -> 1
09-18 15:37:48.422  3459  3554 D MobileStatusTracker(0/46): onServiceStateChanged voiceState=1 dataState=1
09-18 15:37:48.422  3846  4195 I PdnController<0>: Active Phone Id = 0 MobileConnected = false
09-18 15:37:48.422  3846  4195 I PhoneStateTracker<0>: onServiceStateChanged: state={mVoiceRegState=1(OUT_OF_SERVICE), mDataRegState=1(OUT_OF_SERVICE), mChannelNumber=-1, duplexMode()=0, mCellBandwidths=[], mOperatorAlphaLong=, mOperatorAlphaShort=, isManualNetworkSelection=false(automatic), getRilVoiceRadioTechnology=0(Unknown), getRilDataRadioTechnology=0(Unknown), mCssIndicator=unsupported, mNetworkId=*1, mSystemId=*1, mCdmaRoamingIndicator=-1, mCdmaDefaultRoamingIndicator=-1, VoiceRegType=0, Snap=0, MobileData=OUT_OF_SERVICE, MobileDataRoamingType=home, MobileDataRat=Unknown, PsOnly=false, FemtocellInd=0, SprDisplayRoam=false, OptRadioTech=0, MsimSubmode=0, IsVoiceCallAvailable=false, mIsEmergencyOnly=false, isUsingCarrierAggregation=false, mArfcnRsrpBoost=0, mNetworkRegistrationInfos=[NetworkRegistrationInfo{ domain=CS transportType=WWAN registrationState=NOT_REG_SEARCHING roamingType=NOT_ROAMING accessNetworkTechnology=UNKNOWN rejectCause=0 emergencyEnabled=false availableServices=[] cellIdentity=null voiceSpecificInfo=VoiceSpecificRegistrationInfo { mCssSupported=false mRoamingIndicator=0 mSystemIsInPrl=0 mDefaultRoamingIndicator=0} dataSpecificInfo=null nrState=**** rRplmn= isUsingCarrierAggregation=false}, NetworkRegistrationInfo{ domain=PS transportType=WWAN registrationState=NOT_REG_SEARCHING roamingType=NOT_ROAMING accessNetworkTechnology=UNKNOWN rejectCause=0 emergencyEnabled=false availableServices=[] cellIdentity=null voiceSpecificInfo=null dataSpecificInfo=android.telephony.DataSpecificRegistrationInfo :{ maxDataCalls = 16 isDcNrRestricted = false isNrAvailable = false isEnDcAvailable = false LteVopsSupportInfo :  mVopsSupport = 1 mEmcBearerSupport = 1 } nrState=**** rRplmn= isUsingCarrierAggregation=false}], mNrFrequencyRange=0, mOperatorAlphaLongRaw=, mOperatorAlphaShortRaw=, mIsDataRoamingFromRegistration=false, mIsIwlanPreferred=false}Changed=EmergencyOnlyReg:false=>true, VoiceReg:3=>1
09-18 15:37:48.422  3846  4195 I PdnController<0>: notifyDataConnectionState
09-18 15:37:48.422  3846  4195 I PdnController<0>: notifyDataConnectionState: needNotify=true networkType=0 isEpdgConnected=false dataNetType=0=>0 dataRegState=3=>1
09-18 15:37:48.422  3846  4195 I PdnController: isWifiConnected: Default NW is null 
09-18 15:37:48.422  3846  4195 I ImsCallSessionManager: onDataConnectionStateChanged(): networkType [UNKNOWN]isWifiConnected [false], phoneId [0]
09-18 15:37:48.422  3846  4195 I PdnController: isWifiConnected: Default NW is null 
09-18 15:37:48.423  3846  4195 I PdnController: isWifiConnected: Default NW is null 
09-18 15:37:48.423  1450  1475 W ContextImpl: Calling a method in the system process without a qualified user: android.app.ContextImpl.sendBroadcastMultiplePermissions:1285 com.android.server.TelephonyRegistry.broadcastServiceStateChanged:3130 com.android.server.TelephonyRegistry.notifyServiceStateForPhoneId:1630 com.android.internal.telephony.ITelephonyRegistry$Stub.onTransact:499 android.os.Binder.execTransactInternal:1316 
09-18 15:37:48.423  3846  4195 I RegiMgr-Handler<0>: onDataConnectionStateChanged(): networkType [UNKNOWN], isWifiConnected [false]
09-18 15:37:48.423  3846  4195 I PhoneStateTracker<0>: notifySnapshotState: snapshotState=0 old=0
