09-18 15:37:48.888  3799  3799 V PhoneGlobals: subId=46, mDefaultDataSubId=46, ss roaming=false
09-18 15:37:48.888  3799  3799 V PhoneGlobals: updateDataRoamingStatus
09-18 15:37:48.888  3799  3799 V PhoneGlobals: dataAllowed=false, reasons=Data disallowed reasons: NOT_ATTACHED
09-18 15:37:48.919  3459  3459 D BubblesManager: onEntryUpdated : shouldBubbleUp=false ,key=0|com.android.phone|3|null|1001
09-18 15:37:48.931  1617 17038 I cnss-daemon: WLPS service connected
09-18 15:37:48.934  1450  1512 D SettingsProvider: isChangeAllowed() : name = enabled_notification_listeners
09-18 15:37:48.934  3459  3459 D InterruptionStateProvider:  no Heads up : edgelighting enabled app. 0|com.android.phone|3|null|1001
09-18 15:37:48.949  3459  3459 I FaceWidgetPositionAlgorithm: getClockContainerHeight() supplier = 309, bottom margin = 0, real height = 381
09-18 15:37:48.949  3459  3459 I FaceWidgetPositionAlgorithm: getClockContainerHeight() supplier = 309, bottom margin = 72, real height = 381
09-18 15:37:48.949  3459  3459 I FaceWidgetPositionAlgorithm: getMediaContainerHeight() height = 0 container Visibility = 8, isValid = false, mIsDozing = false, fraction = 1.0, source = 0, target = 0
09-18 15:37:48.949  3459  3459 I FaceWidgetPositionAlgorithm: getMediaContainerHeight() supplier = 0
09-18 15:37:48.965  3459  3459 I FaceWidgetPositionAlgorithm: getClockContainerHeight() supplier = 309, bottom margin = 0, real height = 381
09-18 15:37:48.965  3459  3459 I FaceWidgetPositionAlgorithm: getClockContainerHeight() supplier = 309, bottom margin = 72, real height = 381
09-18 15:37:48.965  3459  3459 I FaceWidgetPositionAlgorithm: getMediaContainerHeight() height = 0 container Visibility = 8, isValid = false, mIsDozing = false, fraction = 1.0, source = 0, target = 0
09-18 15:37:48.965  3459  3459 I FaceWidgetPositionAlgorithm: getMediaContainerHeight() supplier = 0
09-18 15:37:48.980  3459  3459 I FaceWidgetPositionAlgorithm: getClockContainerHeight() supplier = 309, bottom margin = 0, real height = 381
09-18 15:37:48.980  3459  3459 I FaceWidgetPositionAlgorithm: getClockContainerHeight() supplier = 309, bottom margin = 72, real height = 381
09-18 15:37:48.980  3459  3459 I FaceWidgetPositionAlgorithm: getMediaContainerHeight() height = 0 container Visibility = 8, isValid = false, mIsDozing = false, fraction = 1.0, source = 0, target = 0
09-18 15:37:48.980  3459  3459 I FaceWidgetPositionAlgorithm: getMediaContainerHeight() supplier = 0
09-18 15:37:48.996  1363  1414 I VSyncReactor: Current= 120, TransitioningTo= 0, hwcPeriod= 120, Distance= 0
09-18 15:37:49.042 16494 16539 I ShareLive: [SLog][RxCachedThreadScheduler-3][SettingsRepositoryImpl] Update airplane mode : false
09-18 15:37:49.044  1450  3533 D SettingsProvider: isChangeAllowed() : name = quickshare_enabled
09-18 15:37:49.044  1450  3533 D SettingsProvider: edmUri: content://com.sec.knox.provider/RestrictionPolicy3
09-18 15:37:49.044  1450  3533 D SettingsProvider: projectionArgs: isSettingsChangesAllowed
09-18 15:37:49.044  1450  3533 D SettingsProvider: selectionArgs: false
09-18 15:37:49.044  1450  3533 D SettingsProvider: selectionArgs: 5026
09-18 15:37:49.044  1450  3533 D SecContentProvider: query(), uri = 17 selection = isSettingsChangesAllowed
09-18 15:37:49.044  1450  3533 D SecContentProvider: called from android.uid.sharelive:5026
09-18 15:37:49.044  1450  3533 D RestrictionPolicy: isSettingsChangesAllowedAsUser, userId 0 : true
09-18 15:37:49.044  1450  3533 D SettingsProvider: ret = 1
09-18 15:37:49.045 16494 16543 I ShareLive: [SLog][RxCachedThreadScheduler-6][BroadcastUtil] sendBroadcastUpdateVisibility
09-18 15:37:49.049 16494 16494 I ShareLive: [SLog][main][ActiveTileServiceReceiver] onReceive userId=0
09-18 15:37:49.049 16494 16494 I ShareLive: [SLog][main][BroadcastUtil] sendBroadcastSyncVisibilityWithTile
09-18 15:37:49.049 16494 16543 I ShareLive: [SLog][RxCachedThreadScheduler-6][PrefUtil] isEnabledChinaP2pComponent value=true
09-18 15:37:49.050 16494 16543 I ShareLive: [SLog][RxCachedThreadScheduler-6][BroadcastUtil] sendBroadcastMdeSuggestion
09-18 15:37:49.050  1450  5800 D StatusBarManagerService: isSecCustomTile : componentName =ComponentInfo{com.samsung.android.app.sharelive/com.samsung.android.app.sharelive.presentation.quickpanel.DeviceVisibilityTileService}
09-18 15:37:49.051 16494 16543 I ShareLive: [SLog][RxCachedThreadScheduler-6][AirplaneWorker] success AirplaneWorker
09-18 15:37:49.051 16494 16494 I ShareLive: [SLog][main][NearbyTileBroadcastReceiver] received action : com.samsung.android.sharelive.action_device_visibility_tile_sync
09-18 15:37:49.051 16494 16494 I ShareLive: [SLog][main][TileViewModel] processing viewEvent: ce.h$b@75294f
09-18 15:37:49.052 16494 16747 I WM-WorkerWrapper: Worker result SUCCESS for Work [ id=233f1916-079b-4551-8772-a33a18a4fd94, tags={ com.samsung.android.app.sharelive.worker.workers.AirplaneWorker } ]
09-18 15:37:49.054 16768 17222 I SEMS:SupportedService_13.1.12: [][binder:16768_6][MobileServiceCapaInfoProvider] query() - code:5
09-18 15:37:49.054 16768 17222 I SEMS:SupportedService_13.1.12: [][binder:16768_6][MobileServiceCapaInfoProvider] getAccountBaseServiceSupported: android.database.MatrixCursor@b9270f5
09-18 15:37:49.054  3459  3459 D TileLifecycleManager: onStartListening
09-18 15:37:49.055 16494 16494 I ShareLive: [SLog][main][DeviceVisibilityTileService] onStartListening
09-18 15:37:49.055  3459  3459 V Tile.CustomTile: refreshDetailInfo ComponentInfo{com.samsung.android.app.sharelive/com.samsung.android.app.sharelive.presentation.quickpanel.DeviceVisibilityTileService}
09-18 15:37:49.055  3459  3459 D TileLifecycleManager: semGetDetailView
09-18 15:37:49.055 16494 16494 I ShareLive: [SLog][main][TileViewModel] processing viewEvent: ce.h$b@75294f
09-18 15:37:49.055 16494 17221 I ShareLive: [SLog][binder:16494_5][DeviceVisibilityTileService] semGetDetailView
09-18 15:37:49.055 16494 17221 I ShareLive: [SLog][binder:16494_5][SystemSettingUtil] isActivated: true
09-18 15:37:49.056 16494 16754 I ShareLive: [SLog][RxComputationThreadPool-1][WorkSourceImpl] enqueueAirplaneObserverWorker
09-18 15:37:49.057 16494 16754 I ShareLive: [SLog][RxComputationThreadPool-1][TileViewModel] enqueueAirplaneWorker success
09-18 15:37:49.057 16768 17222 I SEMS:SupportedService_13.1.12: [][binder:16768_6][MobileServiceCapaInfoProvider] query() - code:5
09-18 15:37:49.057 16768 17222 I SEMS:SupportedService_13.1.12: [][binder:16768_6][MobileServiceCapaInfoProvider] getAccountBaseServiceSupported: android.database.MatrixCursor@e42ee8a
09-18 15:37:49.057 16494 17303 I ShareLive: [SLog][RxComputationThreadPool-8][WorkSourceImpl] enqueueAirplaneObserverWorker
09-18 15:37:49.058 16494 17303 I ShareLive: [SLog][RxComputationThreadPool-8][TileViewModel] enqueueAirplaneWorker success
09-18 15:37:49.059 16449 16449 I MDENotifyReceiver: onReceive : com.samsung.intent.action.MDE_SUGGESTION_NOTIFY
09-18 15:37:49.059 16494 16541 I ShareLive: [SLog][RxCachedThreadScheduler-5][CapabilitySourceImpl] isSocialSupportedAdditionalDiscovery=true
09-18 15:37:49.059 16494 16541 I LinkSharing: [RLog][RxCachedThreadScheduler-5] [DeviceUtil] isKnoxDopMode: false
09-18 15:37:49.059 16494 16541 I ShareLive: [SLog][RxCachedThreadScheduler-5][SettingsRepositoryImpl] isDiscoveryAdditionalFeatureSupported qs:true, mdx=true, groupSharing=true, isKnoxDopMode=false
09-18 15:37:49.060 16449 16491 D ActionExecutionHandler: handleMessage : MSG_INIT
09-18 15:37:49.060 16449 16491 D ActionExecutionHandler: handleMessage : MSG_LOAD
09-18 15:37:49.060 16449 16491 D ActionExecutionHandler: handleMessage : MSG_EXECUTE
09-18 15:37:49.060 16449 16491 I Engine  : runScenarios : start runScenarios
09-18 15:37:49.061 16494 16761 I ShareLive: [SLog][RxCachedThreadScheduler-11][CapabilitySourceImpl] isSocialSupportedAdditionalDiscovery=true
09-18 15:37:49.061 16494 16761 I LinkSharing: [RLog][RxCachedThreadScheduler-11] [DeviceUtil] isKnoxDopMode: false
09-18 15:37:49.061 16494 16761 I ShareLive: [SLog][RxCachedThreadScheduler-11][SettingsRepositoryImpl] isDiscoveryAdditionalFeatureSupported qs:true, mdx=true, groupSharing=true, isKnoxDopMode=false
09-18 15:37:49.061  1341 23058 V APM_AudioPolicyManager: setAppState(portId:77, state:2)
09-18 15:37:49.061  1341 23058 V APM_AudioPolicyManager: setAppState(portId:77, state:2)
09-18 15:37:49.061  1450  1472 D SecContentProvider: query(), uri = 17 selection = isSettingsChangesAllowed
09-18 15:37:49.061  1450  1472 D SecContentProvider: called from android.uid.sharelive:5026
09-18 15:37:49.061  1450  1472 D RestrictionPolicy: isSettingsChangesAllowedAsUser, userId 0 : true
09-18 15:37:49.062 16494 16506 I ShareLive: [SLog][binder:16494_1][ExternalProvider] query: content://com.samsung.android.sharelive.external/exsettings/1
09-18 15:37:49.062 16494 17221 I ShareLive: [SLog][binder:16494_5][SecurityUtil] checkAllowSettingChange = true
09-18 15:37:49.062 16494 16506 I ShareLive: [SLog][binder:16494_1][SettingsDao] Update airplane mode : false
09-18 15:37:49.062 16494 17221 I ShareLive: [SLog][binder:16494_5][TileViewModel] fetchStatus : ce.i$a@d04b604
09-18 15:37:49.062 16494 17221 I ShareLive: [SLog][binder:16494_5][NearbyTileRemoteView] semGetDetailView called
09-18 15:37:49.062 16494 17221 I ShareLive: [SLog][binder:16494_5][StringUtil] getDeviceVisibilityDetailString: isTabDevice=false, isBuddySupported=true
09-18 15:37:49.063 16449 16491 D Utils   : removeIdListToLocalStorage
09-18 15:37:49.063 16449 16491 D Engine  : runActionFlow : Quick Share On
09-18 15:37:49.063 16449 16491 I ActionDispatcher: executeAction : tag = get/is_samsung_account_signed_in
09-18 15:37:49.064  1341 23058 V APM_AudioPolicyManager: setAppState(portId:77, state:2)
09-18 15:37:49.064  1341 23058 V APM_AudioPolicyManager: setAppState(portId:77, state:2)
09-18 15:37:49.064 16449 16491 I ActionDispatcher: executeAction : tag = get/quickshare_status
09-18 15:37:49.065 16494 16494 I ShareLive: [SLog][main][TileViewModel] viewState: TileState(fetchStatus=ce.i$a@d04b604, discovery=OFF, isScanMyDeviceVisibilityOffSupported=true, certificate=true, accountBase=true, deviceName=Galaxy S20 FE 5G, discoveryAdditionalFeature=true)
09-18 15:37:49.065  3459  3459 D TileLifecycleManager: semGetDetailViewTitle
09-18 15:37:49.065 16494 16494 I ShareLive: [SLog][main][b] observed viewState : TileState(fetchStatus=ce.i$a@d04b604, discovery=OFF, isScanMyDeviceVisibilityOffSupported=true, certificate=true, accountBase=true, deviceName=Galaxy S20 FE 5G, discoveryAdditionalFeature=true)
09-18 15:37:49.065 16494 16494 I ShareLive: [SLog][main][DeviceVisibilityTileService] updateTileWithDetailView TileState(fetchStatus=ce.i$a@d04b604, discovery=OFF, isScanMyDeviceVisibilityOffSupported=true, certificate=true, accountBase=true, deviceName=Galaxy S20 FE 5G, discoveryAdditionalFeature=true)
09-18 15:37:49.065  3459  3459 D TileLifecycleManager: semGetSettingsIntent
09-18 15:37:49.065 16494 16506 I ShareLive: [SLog][binder:16494_1][DeviceVisibilityTileService] semGetSettingsIntent
09-18 15:37:49.065 16494 16506 I ShareLive: [SLog][binder:16494_1][SystemSettingUtil] isActivated: true
09-18 15:37:49.066  1450  2582 D SecContentProvider: query(), uri = 17 selection = isSettingsChangesAllowed
09-18 15:37:49.066  1450  2582 D SecContentProvider: called from android.uid.sharelive:5026
09-18 15:37:49.066  1450  2582 D RestrictionPolicy: isSettingsChangesAllowedAsUser, userId 0 : true
09-18 15:37:49.066 16552 16606 I MCFQS   : (PhoneVisibilityRepository) updateVisibilityData()-[td:RxCachedThreadScheduler-1] visible=false, type=INVISIBLE, updated:false
09-18 15:37:49.066 16552 16606 I MCFQS   : (DeviceDiscoverySystemReceiverViewModelImpl) isAllowed()-[td:RxCachedThreadScheduler-1] no - visibility off
09-18 15:37:49.066 16494 16506 I ShareLive: [SLog][binder:16494_1][SecurityUtil] checkAllowSettingChange = true
09-18 15:37:49.066 16494 16506 I ShareLive: [SLog][binder:16494_1][ExternalIntentUtil] getIntentSettingsActivity
09-18 15:37:49.067 16494 16508 I ShareLive: [SLog][binder:16494_3][ExternalProvider] query: content://com.samsung.android.sharelive.external/exsettings/1
09-18 15:37:49.067  3459  3459 D TileLifecycleManager: semIsToggleButtonExists
09-18 15:37:49.067 16494 16508 I ShareLive: [SLog][binder:16494_3][SettingsDao] Update airplane mode : false
09-18 15:37:49.067  3459  5008 D TileLifecycleManager: onStopListening
09-18 15:37:49.068  3459  5008 D TileServices: semUpdateDetailView : customTile =  com.android.systemui.qs.external.CustomTile@1a77560
09-18 15:37:49.068 16494 16494 I ShareLive: [SLog][main][TileViewModel] viewState: TileState(fetchStatus=ce.i$a@d04b604, discovery=OFF, isScanMyDeviceVisibilityOffSupported=true, certificate=true, accountBase=true, deviceName=Galaxy S20 FE 5G, discoveryAdditionalFeature=true)
09-18 15:37:49.068 16494 16494 I ShareLive: [SLog][main][b] observed viewState : TileState(fetchStatus=ce.i$a@d04b604, discovery=OFF, isScanMyDeviceVisibilityOffSupported=true, certificate=true, accountBase=true, deviceName=Galaxy S20 FE 5G, discoveryAdditionalFeature=true)
09-18 15:37:49.068  3459  3554 D Tile.CustomTile: updateState : Label = Quick Share, State = 1, Icon = Icon(typ=RESOURCE pkg=com.samsung.android.app.sharelive id=0x7f08019d)
09-18 15:37:49.068 16494 16494 I ShareLive: [SLog][main][DeviceVisibilityTileService] updateTileWithDetailView TileState(fetchStatus=ce.i$a@d04b604, discovery=OFF, isScanMyDeviceVisibilityOffSupported=true, certificate=true, accountBase=true, deviceName=Galaxy S20 FE 5G, discoveryAdditionalFeature=true)
09-18 15:37:49.068  1450  6507 D PackageManager: setEnabledSetting : userId = 0 packageName = com.samsung.android.app.sharelive cmp = androidx.work.impl.background.systemalarm.RescheduleReceiver newState = 1 callingPackage = 5026/com.samsung.android.app.sharelive
09-18 15:37:49.068  3459  3554 D TileLifecycleManager: onStopListening
09-18 15:37:49.068  3459  5008 D TileLifecycleManager: onStopListening
09-18 15:37:49.069  3459  5008 D TileServices: semUpdateDetailView : customTile =  com.android.systemui.qs.external.CustomTile@1a77560
09-18 15:37:49.069  1450  6507 D ApplicationPolicy: getApplicationStateEnabled : pkg = com.samsung.android.app.sharelive userId : 0
09-18 15:37:49.069  1450  6507 D ApplicationPolicy: getApplicationComponentState : pkg = com.samsung.android.app.sharelive userId : 0
09-18 15:37:49.071 16449 16491 D [MdeResource]QuickShareStatusChecker: quick share status : false
09-18 15:37:49.071 16449 16491 D [MdeResource]QuickShareStatusChecker: Status ID : quickshare_continuity_status
09-18 15:37:49.071 16449 16491 I [SCPMSDK][0.9.1000][ScpmDeviceService]: call : Method = setStatus, appId = 7ifb2oyy52
09-18 15:37:49.071  3459  3554 D Tile.CustomTile: updateState : Label = Quick Share, State = 1, Icon = Icon(typ=RESOURCE pkg=com.samsung.android.app.sharelive id=0x7f08019d)
09-18 15:37:49.071  3459  3554 D TileLifecycleManager: onStopListening
09-18 15:37:49.073 16449 16491 I [SCPMSDK][0.9.1000][ScpmDeviceService]: result = 2, rcode = 70000003, rmsg = No Account..
09-18 15:37:49.073 16449 16491 I ActionDispatcher: executeAction : tag = get/has_quickshare_off_history
09-18 15:37:49.074 16494 16508 I ShareLive: [SLog][binder:16494_3][ExternalProvider] query: content://com.samsung.android.sharelive.external/suggestSetting
09-18 15:37:49.074 16494 16508 I ShareLive: [SLog][binder:16494_3][SystemSettingUtil] isActivated: true
09-18 15:37:49.076 16449 16491 D [MdeResource]QuickShareOffHistoryChecker: quick share off history : false
09-18 15:37:49.076 16449 16491 I ActionDispatcher: executeAction : tag = flow_control/branch_if
09-18 15:37:49.076 16449 16491 I ActionDispatcher: param.TYPE : STRING
09-18 15:37:49.076 16449 16491 I ActionDispatcher: param.VALUE : 1&&2&&3
09-18 15:37:49.076 16449 16491 I ActionDispatcher: param token : 1
09-18 15:37:49.076 16449 16491 I ActionDispatcher: param token : 2
09-18 15:37:49.076 16449 16491 I ActionDispatcher: param token : 3
09-18 15:37:49.076 16449 16491 I ActionDispatcher: expression.TYPE : LIST{STRING}
09-18 15:37:49.076 16449 16491 D ActionDispatcher: variable : get/is_samsung_account_signed_in, operator : ==, value : true, getter value : false, value type class : class java.lang.Boolean
09-18 15:37:49.076 16449 16491 I ActionDispatcher: executeAction : tag = flow_control/branch_endif
09-18 15:37:49.076 16449 16491 D Engine  : runActionFlow : Auto Hotspot On
09-18 15:37:49.076 16449 16491 I ActionDispatcher: executeAction : tag = get/is_samsung_account_signed_in
09-18 15:37:49.077 16449 16491 I ActionDispatcher: executeAction : tag = get/remote/phone_tablet
09-18 15:37:49.077 16449 16491 D [MdeResource]PhoneTabletCountChecker: My product code : SM-G781BZBDEVR
09-18 15:37:49.077 16449 16491 D [MdeResource]PhoneTabletCountChecker: Device types : [phone, tablet]
09-18 15:37:49.077 16449 16491 I [SCPMSDK][0.9.1000][ScpmDeviceService]: call : Method = getDevices, appId = 7ifb2oyy52
09-18 15:37:49.079  1450  1450 I AppWidgetServiceImpl: Received broadcast: android.intent.action.PACKAGE_CHANGED, Updates all providers with com.samsung.android.messaging, userId: 0
09-18 15:37:49.079  1450  1510 I CompanionDeviceManagerService: onPackageModified() u0/com.samsung.android.messaging
09-18 15:37:49.079 16449 16491 I [SCPMSDK][0.9.1000][ScpmDeviceService]: result = 2, rcode = 70000003, rmsg = No Account..
09-18 15:37:49.079 16449 16491 I [SCPMSDK][0.9.1000][ScpmDeviceService]: no bundles.(null or empty)
09-18 15:37:49.079 16449 16491 D [MdeResource]PhoneTabletCountChecker: ScpmDevices result : 2
09-18 15:37:49.079 16449 16491 E [MdeResource]PhoneTabletCountChecker: error while getting devices. reason: 70000003, No Account..
09-18 15:37:49.079 16449 16491 D [MdeResource]PhoneTabletCountChecker: getValue : 0
09-18 15:37:49.080 16449 16491 I ActionDispatcher: executeAction : tag = get/auto_hotspot_status
09-18 15:37:49.080 16449 16491 D [MdeResource]AutoHotspotStatusChecker: auto hotspot status : false
09-18 15:37:49.080 16449 16491 D [MdeResource]AutoHotspotStatusChecker: Status ID : autohotspot_continuity_status
09-18 15:37:49.080 16449 16491 I [SCPMSDK][0.9.1000][ScpmDeviceService]: call : Method = setStatus, appId = 7ifb2oyy52
09-18 15:37:49.080  1450  2485 D OverlayManager: reconcileSettingsForPackage pkgName=com.samsung.android.messaging userId=0
09-18 15:37:49.080  1450  2485 I OverlayManager: updateOverlaysForTarget() called with: targetPackage = [com.samsung.android.messaging], userId = [0], flags = [0], skipUpdateState = [true]
09-18 15:37:49.080  1450  2485 D OverlayManager: create idmap for com.samsung.android.messaging and android
09-18 15:37:49.082  3459  3459 D SPluginManagerImpl: onReceive: android.intent.action.PACKAGE_CHANGED, size:{com.android.systemui.navigationbar.plugin.PluginBarInteractionManager$pluginListener$1@390898a=SPluginInstanceManager@78955278 (action=com.samsung.systemui.navigationbar.PLUGIN), com.samsung.android.systemui.multistar.MultiStarManager$2@4016405=SPluginInstanceManager@255426863 (action=com.samsung.systemui.action.PLUGIN_MULTISTAR), com.android.systemui.volume.VolumeStarInteractor$1@5bfe366=SPluginInstanceManager@171082556 (action=com.samsung.systemui.volume.PLUGIN), com.android.systemui.pluginlock.PluginLockMediatorImpl@7115609=SPluginInstanceManager@132536517 (action=com.samsung.systemui.action.PLUGIN_LOCK), com.android.systemui.slimindicator.SlimIndicatorPluginMediator@73101c6=SPluginInstanceManager@159253018 (action=com.samsung.systemui.action.SPLUGIN_SLIMINDICATOR), com.android.systemui.lockstar.PluginLockStarManager@aa5fd02=SPluginInstanceManager@157745483 (action=com.samsung.systemui.action.PLUGIN_LOCK_STAR), com.android.systemui.noticenter.NotiCenterPlugin$NotiCenterPluginListener@e3e378d=SPluginInstanceManager@239245096 (action=com.samsung.systemui.action.PLUGIN_NOTICENTER)}
09-18 15:37:49.082  3459  3459 D KeyguardUpdateMonitor: received broadcast android.intent.action.PACKAGE_CHANGED
09-18 15:37:49.082  3459  3459 D FaceWidgetMetadataParser: updatePackage() com.samsung.android.messaging false
09-18 15:37:49.083  1450  1518 W ShortcutService: android:mimeType must be string literal.
09-18 15:37:49.083  1450  1518 E ShortcutService: Invalid data tag found. activity=ComponentInfo{com.samsung.android.messaging/com.android.mms.ui.ConversationComposer}
09-18 15:37:49.083  1450  1518 W ShortcutService: android:mimeType must be string literal.
09-18 15:37:49.083  1450  1518 E ShortcutService: Invalid data tag found. activity=ComponentInfo{com.samsung.android.messaging/com.android.mms.ui.ConversationComposer}
09-18 15:37:49.083  1450  1518 W ShortcutService: android:mimeType must be string literal.
09-18 15:37:49.083  1450  1518 E ShortcutService: Invalid data tag found. activity=ComponentInfo{com.samsung.android.messaging/com.android.mms.ui.ConversationComposer}
09-18 15:37:49.083  1450  1518 W ShortcutService: android:mimeType must be string literal.
09-18 15:37:49.083  1450  1518 E ShortcutService: Invalid data tag found. activity=ComponentInfo{com.samsung.android.messaging/com.android.mms.ui.ConversationComposer}
09-18 15:37:49.083  3459  3459 W FaceWidgetMetadataParser: updatePackage() there is no metadata
09-18 15:37:49.083  1450  1518 W ShortcutService: android:mimeType must be string literal.
09-18 15:37:49.083  3459  3459 D FaceWidgetMetadataParser: removePackage() key = com.samsung.android.messaging
09-18 15:37:49.083  1450  1518 E ShortcutService: Invalid data tag found. activity=ComponentInfo{com.samsung.android.messaging/com.android.mms.ui.ConversationComposer}
09-18 15:37:49.083 16449 16491 I [SCPMSDK][0.9.1000][ScpmDeviceService]: result = 2, rcode = 70000003, rmsg = No Account..
09-18 15:37:49.083  1450  1518 W ShortcutService: android:mimeType must be string literal.
09-18 15:37:49.083  1450  1518 E ShortcutService: Invalid data tag found. activity=ComponentInfo{com.samsung.android.messaging/com.android.mms.ui.ConversationComposer}
09-18 15:37:49.083 16449 16491 I ActionDispatcher: executeAction : tag = get/auto_hotspot_available
09-18 15:37:49.083  3459  3564 D PluginInstanceManager: queryPkg com.samsung.android.messaging com.android.systemui.action.PLUGIN_NOTIFICATION_MENU_ROW
09-18 15:37:49.083  1450  1518 W ShortcutService: android:mimeType must be string literal.
09-18 15:37:49.083  1450  1518 E ShortcutService: Invalid data tag found. activity=ComponentInfo{com.samsung.android.messaging/com.android.mms.ui.ConversationComposer}
09-18 15:37:49.083  1450  1518 W ShortcutService: android:mimeType must be string literal.
09-18 15:37:49.083  1450  1518 E ShortcutService: Invalid data tag found. activity=ComponentInfo{com.samsung.android.messaging/com.android.mms.ui.ConversationComposer}
09-18 15:37:49.083  1450  1518 W ShortcutService: android:mimeType must be string literal.
09-18 15:37:49.083  1450  1518 E ShortcutService: Invalid data tag found. activity=ComponentInfo{com.samsung.android.messaging/com.android.mms.ui.ConversationComposer}
09-18 15:37:49.083  1450  1518 W ShortcutService: android:mimeType must be string literal.
09-18 15:37:49.083  1450  1518 E ShortcutService: Invalid data tag found. activity=ComponentInfo{com.samsung.android.messaging/com.android.mms.ui.ConversationComposer}
09-18 15:37:49.083  3459  3564 D PluginInstanceManager: Found 0 plugins
09-18 15:37:49.083  3459  3564 D PluginInstanceManager: queryPkg com.samsung.android.messaging com.android.systemui.action.PLUGIN_TOAST
09-18 15:37:49.083  1450  1518 E system_server: No package ID 7f found for ID 0x7f0804db.
09-18 15:37:49.083  1450  6507 I SemWifiApUtils: Getting(DB) AutoHotspot: false
09-18 15:37:49.084  3459  3564 D PluginInstanceManager: Found 0 plugins
09-18 15:37:49.084  3459  3564 D PluginInstanceManager: queryPkg com.samsung.android.messaging com.android.systemui.action.PLUGIN_NOTIFICATION_MENU_ROW
09-18 15:37:49.084  3459  3564 D PluginInstanceManager: Found 0 plugins
09-18 15:37:49.084  3459  3564 D PluginInstanceManager: queryPkg com.samsung.android.messaging com.android.systemui.action.PLUGIN_VOLUME
09-18 15:37:49.084  3459  3564 D PluginInstanceManager: Found 0 plugins
09-18 15:37:49.084  3459  3564 D PluginInstanceManager: queryPkg com.samsung.android.messaging com.android.systemui.action.PLUGIN_NOTIFICATION_MENU_ROW
09-18 15:37:49.084  3459  3564 D PluginInstanceManager: Found 0 plugins
09-18 15:37:49.084  1450  6507 I SemWifiApUtils: ActiveNetwork is Null
09-18 15:37:49.084  3459  3564 D PluginInstanceManager: queryPkg com.samsung.android.messaging com.android.systemui.action.PLUGIN_NOTIFICATION_MENU_ROW
09-18 15:37:49.084  1450  1518 E system_server: No package ID 7f found for ID 0x7f1202bf.
09-18 15:37:49.084  3459  3564 D PluginInstanceManager: Found 0 plugins
09-18 15:37:49.085  3459  3564 D PluginInstanceManager: queryPkg com.samsung.android.messaging com.android.systemui.action.PLUGIN_NOTIFICATION_MENU_ROW
09-18 15:37:49.085  1450  1518 E system_server: No package ID 7f found for ID 0x7f1202bf.
09-18 15:37:49.085  3459  3564 D PluginInstanceManager: Found 0 plugins
09-18 15:37:49.085  3459  3564 D PluginInstanceManager: queryPkg com.samsung.android.messaging com.android.systemui.action.PLUGIN_NOTIFICATION_MENU_ROW
09-18 15:37:49.086  3459  3564 D PluginInstanceManager: Found 0 plugins
09-18 15:37:49.086  1450  1450 I Telecom : DefaultDialerCache: Refreshing default dialer for user 0: now com.samsung.android.dialer: DDC.oR@B14
09-18 15:37:49.086  3459  3564 D PluginInstanceManager: queryPkg com.samsung.android.messaging com.android.systemui.action.PLUGIN_NOTIFICATION_MENU_ROW
09-18 15:37:49.087  3459  3564 D PluginInstanceManager: Found 0 plugins
09-18 15:37:49.087  3459  3564 D PluginInstanceManager: queryPkg com.samsung.android.messaging com.android.systemui.action.PLUGIN_NOTIFICATION_MENU_ROW
09-18 15:37:49.087  3459  3564 D PluginInstanceManager: Found 0 plugins
09-18 15:37:49.087  3459  3564 D PluginInstanceManager: queryPkg com.samsung.android.messaging com.android.systemui.action.PLUGIN_NOTIFICATION_MENU_ROW
09-18 15:37:49.087  1450  2534 D SEP_UNION_SemDeviceInfoManagerService: onReceive : android.intent.action.PACKAGE_CHANGED, userId = 0 
09-18 15:37:49.087  3459  3564 D PluginInstanceManager: Found 0 plugins
09-18 15:37:49.087  1450  2534 D ActivityTaskManager: SafeActivityOptions created, mOriginalCallingPid=1450, mOriginalCallingUid=1000, options=null, caller=com.android.server.am.PendingIntentRecord.sendInner:486 com.android.server.am.ActivityManagerService.sendIntentSender:6624 com.android.server.am.ActivityManagerService.sendIntentSender:6613 android.app.PendingIntent.sendAndReturnResult:1029 android.app.PendingIntent.send:1000 android.app.PendingIntent.send:908 com.android.server.sepunion.SemDeviceInfoManagerService.sendIntentAction:197 
09-18 15:37:49.087  3459  3564 D PluginInstanceManager: queryPkg com.samsung.android.messaging com.android.systemui.action.PLUGIN_NOTIFICATION_MENU_ROW
09-18 15:37:49.088  1450  6507 I SemWifiApUtils: Is samsung Account logged out: true
09-18 15:37:49.088  1450  6507 D SemWifiApSmartMHS: Can AutoHotspot switch be made Enabled - , isAutoHotspotSupported : true, isAutoHotspotEnabled : false, isTetheringRestricted : false, isAirplaneModeOn : false, isSimDisabled : false, isNetworkDisconnected : true, isSamsungAccountLoggedOut : true, isNearByDeviceScanningDisabled : false
09-18 15:37:49.088  1450  2589 I InputReader: Reconfiguring input devices, changes=KEYBOARD_LAYOUTS | 
09-18 15:37:49.088 16449 16491 I SemWifiApAutoHotspotHelper: setIfAutoHotspotCanBeEnabled() - false
09-18 15:37:49.089 16948 16948 I SCS@AiSearch user 0: (PackageBroadcastReceiver) onReceive android.intent.action.PACKAGE_CHANGED
09-18 15:37:49.090 16948 16948 I SCS@AiSearch user 0: (PackageBroadcastReceiver) packageName: com.samsung.android.messaging
09-18 15:37:49.090 16449 16491 D SemWifiApContentProviderHelper: SemWifiApContentProviderHelper insert:com.android.settings.intelligence,Binder.getCallingUid():10128,hasPermission:true
09-18 15:37:49.090  3799  3799 D CarrierSvcBindHelper: onPackageModified: com.samsung.android.messaging
09-18 15:37:49.090  3799  3799 D CarrierSvcBindHelper: No carrier app for: 0
09-18 15:37:49.090  3799  3799 D CarrierSvcBindHelper: No carrier app for: 1
09-18 15:37:49.090 16948 16948 I SCS@AiSearch user 0: (PackageBroadcastReceiver) Packages changed: [com.samsung.android.messaging]
09-18 15:37:49.092  1450  2531 I RoleService: Granting default roles...
09-18 15:37:49.093  1450  2534 D CompatibilityChangeReporter: Compat change id reported: 168419799; UID 10062; state: DISABLED
09-18 15:37:49.094  3799  3799 D ImsResolver: maybeAddedImsService, packageName: com.samsung.android.messaging
09-18 15:37:49.094 16948 16948 I SCS@AiSearch user 0: (AppsDataObserver) scheduling worker CMD_UPDATE_LIST
09-18 15:37:49.094  3845  3845 D RegisteredNfcFServicesCache: Service unchanged, not updating
09-18 15:37:49.095 16850 16850 I Routine@Core[4.2.00.52]: RoutineService: onCreate
09-18 15:37:49.095 16850 16850 I Routine@Core[4.2.00.52]: RoutineService: onStartCommand: com.samsung.android.routine.ACTION_PACKAGE_CHANGED
09-18 15:37:49.095  1450  2534 D ActivityManager: Received SERVICE intent 0xe0cc7bd Key{startService pkg=com.samsung.android.app.routines intent=act=com.samsung.android.routine.ACTION_PACKAGE_CHANGED cmp=com.samsung.android.app.routines/.domainmodel.service.RoutineService flags=0x2000000 u=0} requestCode=10000 from uid 1000
09-18 15:37:49.095  1450  2534 D SEP_UNION_SemDeviceInfoManagerService: sendIntentAction() action = android.intent.action.PACKAGE_CHANGED, tag =  
09-18 15:37:49.096  1450  2534 D ActivityTaskManager: SafeActivityOptions created, mOriginalCallingPid=1450, mOriginalCallingUid=1000, options=null, caller=com.android.server.am.PendingIntentRecord.sendInner:486 com.android.server.am.ActivityManagerService.sendIntentSender:6624 com.android.server.am.ActivityManagerService.sendIntentSender:6613 android.app.PendingIntent.sendAndReturnResult:1029 android.app.PendingIntent.send:1000 android.app.PendingIntent.send:908 com.android.server.sepunion.SemDeviceInfoManagerService.sendIntentAction:197 
09-18 15:37:49.096  3459  3564 D PluginInstanceManager: Found 0 plugins
09-18 15:37:49.096  3459  3564 D PluginInstanceManager: queryPkg com.samsung.android.messaging com.android.systemui.action.PLUGIN_NOTIFICATION_MENU_ROW
09-18 15:37:49.096 16850 16850 I Routine@Core[4.2.00.52]: RoutineService: onDestroy
09-18 15:37:49.097  3459  3564 D PluginInstanceManager: Found 0 plugins
09-18 15:37:49.097  3459  3564 D PluginInstanceManager: queryPkg com.samsung.android.messaging com.android.systemui.action.PLUGIN_NOTIFICATION_MENU_ROW
09-18 15:37:49.097  3459  3564 D PluginInstanceManager: Found 0 plugins
09-18 15:37:49.097  3459  3564 D PluginInstanceManager: queryPkg com.samsung.android.messaging com.android.systemui.action.PLUGIN_NOTIFICATION_MENU_ROW
09-18 15:37:49.098  1341  8060 V APM_AudioPolicyManager: setAppState(portId:77, state:2)
09-18 15:37:49.098  3459  3564 D PluginInstanceManager: Found 0 plugins
09-18 15:37:49.098  3459  3564 D PluginInstanceManager: queryPkg com.samsung.android.messaging com.android.systemui.action.PLUGIN_LOCKSCREEN_LEFT_BUTTON
09-18 15:37:49.099  1450  2534 I ActivityManager: com.samsung.android.app.galaxyfinder is exempt from freezer by list
09-18 15:37:49.099  3459  3564 D PluginInstanceManager: Found 0 plugins
09-18 15:37:49.099  1450  2534 D CompatibilityChangeReporter: Compat change id reported: 135634846; UID 10085; state: DISABLED
09-18 15:37:49.099  3459  3564 D PluginInstanceManager: queryPkg com.samsung.android.messaging com.android.systemui.action.PLUGIN_SENSOR_MANAGER
09-18 15:37:49.099  1450  2534 D CompatibilityChangeReporter: Compat change id reported: 177438394; UID 10085; state: DISABLED
09-18 15:37:49.099  1450  2534 D CompatibilityChangeReporter: Compat change id reported: 135772972; UID 10085; state: DISABLED
09-18 15:37:49.099  1450  3684 I SemWifiApContentProvider: updated:content://com.samsung.android.wifi.softap/softapInfo
09-18 15:37:49.099  1450  2534 D CompatibilityChangeReporter: Compat change id reported: 135754954; UID 10085; state: ENABLED
09-18 15:37:49.099  3459  3564 D PluginInstanceManager: Found 0 plugins
09-18 15:37:49.100  3459  3564 D PluginInstanceManager: queryPkg com.samsung.android.messaging com.android.systemui.action.PLUGIN_OVERLAY
09-18 15:37:49.100  3459  3564 D PluginInstanceManager: Found 0 plugins
09-18 15:37:49.100  3459  3564 D PluginInstanceManager: queryPkg com.samsung.android.messaging com.android.systemui.action.PLUGIN_NOTIFICATION_ASSISTANT
09-18 15:37:49.100 16449 16491 I SemWifiApContentProviderHelper: key is already present:key_can_auto_hotspot_be_enabled,ret:1
09-18 15:37:49.100  1450  2534 D ActivityManager: Received SERVICE intent 0x79f4ec6 Key{startService pkg=com.samsung.android.app.galaxyfinder intent=act=package_changed cmp=com.samsung.android.app.galaxyfinder/.acceleration.AppCoreService flags=0x2000000 u=0} requestCode=0 from uid 1000
09-18 15:37:49.100 16449 16491 D SemWifiApContentProviderHelper: SemWifiApContentProviderHelper insert:com.android.settings.intelligence,Binder.getCallingUid():10128,hasPermission:true
09-18 15:37:49.100  1450  2534 D SEP_UNION_SemDeviceInfoManagerService: sendIntentAction() action = android.intent.action.PACKAGE_CHANGED, tag =  
09-18 15:37:49.100  1450  1521 D CompatibilityChangeReporter: Compat change id reported: 143937733; UID 10085; state: ENABLED
09-18 15:37:49.101  3459  3564 D PluginInstanceManager: Found 0 plugins
09-18 15:37:49.101  3459  3564 D PluginInstanceManager: queryPkg com.samsung.android.messaging com.android.systemui.action.PLUGIN_GLOBAL_ACTIONS
09-18 15:37:49.103  3459  3564 D PluginInstanceManager: Found 0 plugins
09-18 15:37:49.103  3459  3564 D PluginInstanceManager: queryPkg com.samsung.android.messaging com.android.systemui.action.PLUGIN_LOCKSCREEN_RIGHT_BUTTON
09-18 15:37:49.103  3459  3564 D PluginInstanceManager: Found 0 plugins
09-18 15:37:49.103  3459  3564 D PluginInstanceManager: queryPkg com.samsung.android.messaging com.android.systemui.action.PLUGIN_LOCKSCREEN_RIGHT_BUTTON
09-18 15:37:49.107  1157  1157 D Zygote  : Forked child process 17306
09-18 15:37:49.107  3459  3564 D PluginInstanceManager: Found 0 plugins
09-18 15:37:49.107  3459  3564 D PluginInstanceManager: queryPkg com.samsung.android.messaging com.android.systemui.action.PLUGIN_NOTIFICATION_MENU_ROW
09-18 15:37:49.109 16449 16491 I SemWifiApAutoHotspotHelper: getIfAutoHotspotCanBeEnabled() - Getting: 0
09-18 15:37:49.109 16449 16491 D [MdeResource]AutoHotspotAvailableChecker: getValue : false
09-18 15:37:49.109 16449 16491 I ActionDispatcher: executeAction : tag = flow_control/branch_if
09-18 15:37:49.109 16449 16491 I ActionDispatcher: param.TYPE : STRING
09-18 15:37:49.109 16449 16491 I ActionDispatcher: param.VALUE : 1&&2&&3&&4
09-18 15:37:49.109 16449 16491 I ActionDispatcher: param token : 1
09-18 15:37:49.109 16449 16491 I ActionDispatcher: param token : 2
09-18 15:37:49.109 16449 16491 I ActionDispatcher: param token : 3
09-18 15:37:49.109 16449 16491 I ActionDispatcher: param token : 4
09-18 15:37:49.109 16449 16491 I ActionDispatcher: expression.TYPE : LIST{STRING}
09-18 15:37:49.110 16449 16491 D ActionDispatcher: variable : get/is_samsung_account_signed_in, operator : ==, value : true, getter value : false, value type class : class java.lang.Boolean
09-18 15:37:49.110 16449 16491 I ActionDispatcher: executeAction : tag = flow_control/branch_endif
09-18 15:37:49.110 16449 16491 D Engine  : runActionFlow : All Sync/Auto Backup On
09-18 15:37:49.110 16449 16491 I ActionDispatcher: executeAction : tag = get/is_samsung_account_signed_in
09-18 15:37:49.111 16449 16491 I ActionDispatcher: executeAction : tag = get/auto_sync_for_all_items_off
09-18 15:37:49.111 16449 16491 D [MdeResource]AutoSyncForAllItemsOffChecker: Status tag : sync
09-18 15:37:49.111 16449 16491 I [scsettingv2suggestion][2.0.11.0]: getStatusIds
09-18 15:37:49.111  1598 16054 I OMX-VENC: venc_dev: stats: avg. fps 35.12, bitrate 784652
09-18 15:37:49.111 16617 16630 I [SC]SCloudStatusProvider: tagId: sync, method: get_status_ids, arg: null
09-18 15:37:49.112 16449 16491 D [MdeResource]AutoSyncForAllItemsOffChecker: Status IDs : []
09-18 15:37:49.112 16449 16491 I ActionDispatcher: executeAction : tag = get/auto_backup_for_all_items_off
09-18 15:37:49.112 16449 16491 D [MdeResource]AutoBackupForAllItemsOffChecker: Status tag : backup
09-18 15:37:49.112 16449 16491 I [scsettingv2suggestion][2.0.11.0]: getStatusIds
09-18 15:37:49.113 16617 16630 I [SC]SCloudStatusProvider: tagId: backup, method: get_status_ids, arg: null
09-18 15:37:49.113  3459  3564 D PluginInstanceManager: Found 0 plugins
09-18 15:37:49.113  1450  3533 D PackageManager: setEnabledSetting : userId = 0 packageName = com.samsung.android.scs cmp = androidx.work.impl.background.systemalarm.RescheduleReceiver newState = 1 callingPackage = 10117/com.samsung.android.scs
09-18 15:37:49.113  3459  3564 D PluginInstanceManager: queryPkg com.samsung.android.messaging com.android.systemui.action.PLUGIN_QS_FACTORY
09-18 15:37:49.114  3459  3564 D PluginInstanceManager: Found 0 plugins
09-18 15:37:49.114  3459  3564 D PluginInstanceManager: queryPkg com.samsung.android.messaging com.android.systemui.action.PEOPLE_HUB_PERSON_EXTRACTOR
09-18 15:37:49.114  3459  3564 D PluginInstanceManager: Found 0 plugins
09-18 15:37:49.114  3459  3564 D PluginInstanceManager: queryPkg com.samsung.android.messaging com.android.systemui.action.PLUGIN_NOTIFICATION_MENU_ROW
09-18 15:37:49.114  1450  3533 D ApplicationPolicy: getApplicationStateEnabled : pkg = com.samsung.android.scs userId : 0
09-18 15:37:49.114  3459  3564 D PluginInstanceManager: Found 0 plugins
09-18 15:37:49.114  3459  3564 D PluginInstanceManager: queryPkg com.samsung.android.messaging com.android.systemui.action.PLUGIN_NOTIFICATION_MENU_ROW
09-18 15:37:49.114  3459  3564 D PluginInstanceManager: Found 0 plugins
09-18 15:37:49.114  1450  3533 D ApplicationPolicy: getApplicationComponentState : pkg = com.samsung.android.scs userId : 0
09-18 15:37:49.114  3459  3564 D PluginInstanceManager: queryPkg com.samsung.android.messaging com.samsung.systemui.action.PLUGIN_FACE_WIDGET
09-18 15:37:49.114  3459  3564 D PluginInstanceManager: Too many of com.samsung.systemui.action.PLUGIN_FACE_WIDGET
09-18 15:37:49.114  3459  3564 D PluginInstanceManager: queryPkg com.samsung.android.messaging com.android.systemui.action.PLUGIN_NOTIFICATION_MENU_ROW
09-18 15:37:49.115  3459  3564 D PluginInstanceManager: Found 0 plugins
09-18 15:37:49.115  1341  8060 D AF::TrackHandle: OpPlayAudio: track:61 usage:2 not muted
09-18 15:37:49.115  1450  1521 I ActivityManager: Start proc 17306:com.samsung.android.app.galaxyfinder:appservice/u0a85 for service {com.samsung.android.app.galaxyfinder/com.samsung.android.app.galaxyfinder.acceleration.AppCoreService}
09-18 15:37:49.115  3459  3564 D PluginInstanceManager: queryPkg com.samsung.android.messaging com.android.systemui.action.PLUGIN_NOTIFICATION_MENU_ROW
09-18 15:37:49.115  3459  3564 D PluginInstanceManager: Found 0 plugins
09-18 15:37:49.115  3459  3564 D PluginInstanceManager: queryPkg com.samsung.android.messaging com.android.systemui.action.PLUGIN_QS
09-18 15:37:49.116  3459  3564 D PluginInstanceManager: Found 0 plugins
09-18 15:37:49.116  1341  8060 D AF::TrackHandle: OpPlayAudio: track:61 usage:2 not muted
09-18 15:37:49.116  3459  3564 D PluginInstanceManager: queryPkg com.samsung.android.messaging com.android.systemui.action.PLUGIN_LOCKSCREEN_LEFT_BUTTON
09-18 15:37:49.116  1341  8060 D AF::TrackHandle: OpPlayAudio: track:61 usage:2 not muted
09-18 15:37:49.117  1341  8060 D AF::TrackHandle: OpPlayAudio: track:61 usage:2 not muted
09-18 15:37:49.117  3459  3564 D PluginInstanceManager: Found 0 plugins
09-18 15:37:49.117  3459  3564 D PluginInstanceManager: queryPkg com.samsung.android.messaging com.android.systemui.action.PLUGIN_NOTIFICATION_MENU_ROW
09-18 15:37:49.117  1341  8060 D AF::TrackHandle: OpPlayAudio: track:61 usage:2 not muted
09-18 15:37:49.117  3459  3564 D PluginInstanceManager: Found 0 plugins
09-18 15:37:49.117  3459  3564 D PluginInstanceManager: queryPkg com.samsung.android.messaging com.android.systemui.action.PLUGIN_NOTIFICATION_MENU_ROW
09-18 15:37:49.117  1450  6507 I PackageManager: Removing prefs while replacing
09-18 15:37:49.117  3459  3564 D PluginInstanceManager: Found 0 plugins
09-18 15:37:49.117  3459  3564 D PluginInstanceManager: queryPkg com.samsung.android.messaging com.android.systemui.action.PLUGIN_NOTIFICATION_MENU_ROW
09-18 15:37:49.117  3459  3564 D PluginInstanceManager: Found 0 plugins
09-18 15:37:49.118  3459  3564 D PluginInstanceManager: queryPkg com.samsung.android.messaging com.android.systemui.action.PLUGIN_CLOCK
09-18 15:37:49.118  3459  3564 D PluginInstanceManager: Found 0 plugins
09-18 15:37:49.118  3459  3564 D PluginInstanceManager: queryPkg com.samsung.android.messaging com.android.systemui.action.PLUGIN_NOTIFICATION_MENU_ROW
09-18 15:37:49.118  3459  3564 D PluginInstanceManager: Found 0 plugins
09-18 15:37:49.118  3459  3564 D PluginInstanceManager: queryPkg com.samsung.android.messaging com.android.systemui.action.PLUGIN_CLOCK
09-18 15:37:49.118  3459  3564 D PluginInstanceManager: Found 0 plugins
09-18 15:37:49.118 17304 17304 I idmap2d : Starting
09-18 15:37:49.118  3459  3564 D PluginInstanceManager: queryPkg com.samsung.android.messaging com.android.systemui.action.PLUGIN_NOTIFICATION_MENU_ROW
09-18 15:37:49.118  3459  3564 D PluginInstanceManager: Found 0 plugins
09-18 15:37:49.118  3459  3564 D PluginInstanceManager: queryPkg com.samsung.android.messaging com.android.systemui.action.PLUGIN_NOTIFICATION_MENU_ROW
09-18 15:37:49.118  3459  3564 D PluginInstanceManager: Found 0 plugins
09-18 15:37:49.118  3459  3564 D PluginInstanceManager: queryPkg com.samsung.android.messaging com.android.systemui.action.PLUGIN_NOTIFICATION_MENU_ROW
09-18 15:37:49.119  3459  3564 D PluginInstanceManager: Found 0 plugins
09-18 15:37:49.119  1450  6507 I PackageManager: Removing preference: com.samsung.android.messaging/.ui.view.main.WithActivity
09-18 15:37:49.119  1450  6507 I PackageManager: Sets:
09-18 15:37:49.119  1450  6507 I PackageManager:   com.samsung.android.messaging/.ui.view.main.WithActivity
09-18 15:37:49.119  1450  6507 I PackageManager:   com.samsung.android.messaging/.ui.RcsTransferContent
09-18 15:37:49.119  1450  6507 I PackageManager:   com.innowireless.xcal.smart4g/lib.dm.autocall.call.mms.ComposeSmsActivity, uid: 1001, pid: 3799
09-18 15:37:49.119   629   739 I servicemanager: Adding 'u:r:idmap:s0' service (idmap:17304)
09-18 15:37:49.121  1450  6507 I PackageManager: Replacing preferred: com.samsung.android.messaging/.ui.view.main.WithActivity
09-18 15:37:49.121  1450  6507 I PackageManager: Sets:
09-18 15:37:49.121  1450  6507 I PackageManager:   com.samsung.android.messaging/.ui.view.main.WithActivity
09-18 15:37:49.121  1450  6507 I PackageManager:   com.samsung.android.messaging/.ui.ComposeMessageMms
09-18 15:37:49.121  1450  6507 I PackageManager:   com.innowireless.xcal.smart4g/lib.dm.autocall.call.mms.ComposeSmsActivity, uid: 1001, pid: 3799
09-18 15:37:49.121  2435  2447 D SemNativeCarrierFeature_vendor: getInstance
09-18 15:37:49.122  1450  3684 I PackageManager: Removing prefs while replacing
09-18 15:37:49.122  1450  3684 I PackageManager: Removing preference: com.samsung.android.messaging/.ui.view.main.WithActivity
09-18 15:37:49.122  1450  3684 I PackageManager: Sets:
09-18 15:37:49.122  1450  3684 I PackageManager:   com.samsung.android.messaging/.ui.view.main.WithActivity
09-18 15:37:49.122  1450  3684 I PackageManager:   com.samsung.android.messaging/.ui.RcsTransferContent
09-18 15:37:49.122  1450  3684 I PackageManager:   com.innowireless.xcal.smart4g/lib.dm.autocall.call.mms.ComposeSmsActivity, uid: 1001, pid: 3799
09-18 15:37:49.123  1450  3684 I PackageManager: Replacing preferred: com.samsung.android.messaging/.ui.view.main.WithActivity
09-18 15:37:49.123  1450  3684 I PackageManager: Sets:
09-18 15:37:49.123  1450  3684 I PackageManager:   com.samsung.android.messaging/.ui.view.main.WithActivity
09-18 15:37:49.123  1450  3684 I PackageManager:   com.samsung.android.messaging/.ui.ComposeMessageMms
09-18 15:37:49.123  1450  3684 I PackageManager:   com.innowireless.xcal.smart4g/lib.dm.autocall.call.mms.ComposeSmsActivity, uid: 1001, pid: 3799
09-18 15:37:49.125  3992  3992 I TouchInteractionService: onOverviewTargetChange, isHomeAndOverviewSame : true
09-18 15:37:49.125  2435  2447 D SemNativeCarrierFeature_vendor: getInstance
09-18 15:37:49.126  3992  3992 I TouchInteractionService: onOverviewTargetChange, isHomeAndOverviewSame : true
09-18 15:37:49.128 16617 16630 I [SC]BackupSourceManager: getEnabledList: size: 36, list: [FrontHomeDualClock, APP, FrontHome, CONTACT, WEATHERWIDGET, CALLSETTING, EVENT, clock_widget_setting, BluetoothDeviceList, CALENDARSETTING, Shortcut, DOCUMENT, SBROWSERSETTING, Settings, RCSCHAT, MUSIC, FrontHomeAlarmWidget, TASK, TIMER, bedtime_alarm, clock_settings, CONNECTIONS, HomescreenBackup, CALLLOGS, WorldClock, RINGTONESETTING, SPAM, WifiPreference, CONTACTSETTING, RCSFT, DEXHOME, Alarm, SMS, MessagesSettings, MMS2, call_background]
09-18 15:37:49.130 16449 16491 D [MdeResource]AutoBackupForAllItemsOffChecker: Status IDs : [homescreen_backup_status, apps_backup_status, contacts_backup_status, calendar_backup_status, settings_backup_status, messages_backup_status, clock_backup_status, calllog_backup_status]
09-18 15:37:49.130 16449 16491 I [scsettingv2suggestion][2.0.11.0]: getStatus
09-18 15:37:49.131 16617 16630 I [SC]SCloudStatusProvider: tagId: backup, method: get_status_by_id, arg: null
09-18 15:37:49.131 16617 16630 I [SC]AutoBackup: get backup status homescreen_backup_status : 0
09-18 15:37:49.131  1256  1256 I WifiHAL : Initializing wifi
09-18 15:37:49.132  1256  1256 I CLD80211: android.hardware.wifi@1.0-service: initialized exit socket pair
09-18 15:37:49.132  1256  1256 I CLD80211: android.hardware.wifi@1.0-service: nlctrl family id: 16 group: host_logs mcast_id: 20
09-18 15:37:49.132  1256  1256 I CLD80211: android.hardware.wifi@1.0-service: nlctrl family id: 16 group: fw_logs mcast_id: 21
09-18 15:37:49.132  1256  1256 I CLD80211: android.hardware.wifi@1.0-service: nlctrl family id: 16 group: per_pkt_stats mcast_id: 22
09-18 15:37:49.132  1256  1256 I CLD80211: android.hardware.wifi@1.0-service: nlctrl family id: 16 group: diag_events mcast_id: 23
09-18 15:37:49.132  1256  1256 I CLD80211: android.hardware.wifi@1.0-service: nlctrl family id: 16 group: fatal_events mcast_id: 24
09-18 15:37:49.132  1256  1256 I CLD80211: android.hardware.wifi@1.0-service: nlctrl family id: 16 group: oem_msgs mcast_id: 25
09-18 15:37:49.132  1256  1256 E WifiHAL : wifi_get_capabilities: GSCAN is not supported by driver
09-18 15:37:49.132  1256  1256 E WifiHAL : Failed to get wifi Capabilities, error: -3
09-18 15:37:49.132  1256  1256 D WifiHAL : wlan_service_read_sys_param: /proc/sys/net/ipv4/tcp_limit_output_bytes 262144
09-18 15:37:49.133  1256  1256 D WifiHAL : wlan_service_read_sys_param: /proc/sys/net/ipv4/tcp_adv_win_scale 1
09-18 15:37:49.133  1256  1256 I android.hardware.wifi@1.0-service: Adding interface handle for p2p0
09-18 15:37:49.133  1256  1256 I android.hardware.wifi@1.0-service: Adding interface handle for wlan0
09-18 15:37:49.133  1256  1256 I android.hardware.wifi@1.0-service: Adding interface handle for wifi-aware0
09-18 15:37:49.133  1256  1256 I android.hardware.wifi@1.0-service: Adding interface handle for swlan0
09-18 15:37:49.133  1256  1256 W android.hardware.wifi@1.0-service: No active wlan interfaces in use! Using default
09-18 15:37:49.133  1256  1256 W android.hardware.wifi@1.0-service: No active wlan interfaces in use! Using default
09-18 15:37:49.134  1708  1727 I LOWI-9.0.0.55: [LOWIController] isWifiEnabled: Wifi is now enabled
09-18 15:37:49.134  1593  1593 I wificond: Regulatory domain changed to country: US on wiphy_index: 0
09-18 15:37:49.135  1450  1472 D WifiNl80211Manager: OnRegDomainChanged US
09-18 15:37:49.136  1256  1256 I android.hardware.wifi@1.0-service: Configured chip in mode 3
09-18 15:37:49.136  1256  1256 W android.hardware.wifi@1.0-service: No active wlan interfaces in use! Using default
09-18 15:37:49.136  1450  1472 D WifiNative: onCountryCodeChanged: US
09-18 15:37:49.136  1450  1472 I WifiCountryCode: Receive onDriverCountryCodeChanged US
09-18 15:37:49.137 15389 15404 I PermissionControllerServiceImpl: Updating user sensitive for uid 10124
09-18 15:37:49.138  1708  1727 I LOWI-9.0.0.55: [LOWI-Scan] WipsGetSupportedChannels: return err = 0 num_2g_ch = 11 num_5g_ch = 25 num_6g_ch = 0
09-18 15:37:49.138  1708  1727 I LOWI-9.0.0.55: [LOWIWifiDriverUtils] set the band mask from wiphy 3
09-18 15:37:49.138  1450  2485 E OverlayManager: Idmap generation retry failed for /data/app/~~Hm3MvD-YJkQ8uShjcwRBeA==/com.samsung.android.messaging-WmocJzz176Ye8Va6jCyHcg==/base.apk and /data/resource-cache/android-SemWT_com.samsung.android.messaging-cX4O.frro
09-18 15:37:49.139 16449 16491 D [MdeResource]AutoBackupForAllItemsOffChecker: status id : homescreen_backup_status, value : 0
09-18 15:37:49.139 16449 16491 I [scsettingv2suggestion][2.0.11.0]: getStatus
09-18 15:37:49.140 17306 17306 I nder:appservice: Using CollectorTypeCC GC.
09-18 15:37:49.141 16617 16630 I [SC]SCloudStatusProvider: tagId: backup, method: get_status_by_id, arg: null
09-18 15:37:49.141 16617 16630 I [SC]AutoBackup: get backup status apps_backup_status : 0
09-18 15:37:49.142 17306 17306 E nder:appservice: Not starting debugger since process cannot load the jdwp agent.
09-18 15:37:49.142  1450  3287 D HalDevMgr: updateRttController: no one is interested in RTT controllers
09-18 15:37:49.142  3799  3910 I System.out: Broadcasting: Intent { act=com.samsung.intent.action.BIG_DATA_INFO (has extras) }
