09-18 15:37:48.504  3459  3554 D MobileSignalController(0/46): notifyListener: enabled=true, connected=false, dataConnected=false, networkType=UNKNOWN (Unknown), emergencyOnly=false, roaming=false, isDefault=false, dataActivity=, level=3, ca=false, mmWave=false, disabledDataIcon=false, simCard=ETC
09-18 15:37:48.504 17187 17187 I BtGatt.JNI: classInitNative(L1201): classInitNative: Success!
09-18 15:37:48.505 17187 17187 I BluetoothPanServiceJni: classInitNative(L108): succeeds
09-18 15:37:48.505 16994 16994 I FT.TuiUtilFeature: isAirplaneModeOn = false
09-18 15:37:48.505 16994 16994 I CarrierUiCallFunctions: AirplaneMode change
09-18 15:37:48.505  3799  3799 D Telephony: SamsungTuiAsyncSendExtras: SamsungTuiAsyncSendExtras[onPostExecute] method: network_notification_event
09-18 15:37:48.505  3799  3799 D Telephony: SamsungTuiAsyncSendExtras: SamsungTuiAsyncSendExtras[onPostExecute] method: service_state_changed
09-18 15:37:48.505 17187 17187 I AdapterServiceConfig: init: profile=A2dpService, enabled=true
09-18 15:37:48.505 17187 17187 I AdapterServiceConfig: init: profile=A2dpSinkService, enabled=false
09-18 15:37:48.505 17187 17187 I AdapterServiceConfig: init: profile=AvrcpTargetService, enabled=true
09-18 15:37:48.505 17187 17187 I AdapterServiceConfig: init: profile=AvrcpControllerService, enabled=false
09-18 15:37:48.505 16994 16994 I CU.NetworkLockWarningPopup: carrierId= [AIS, bSameCarrierId=, false]
09-18 15:37:48.505 17187 17187 I AdapterServiceConfig: init: profile=BassClientService, enabled=false
09-18 15:37:48.505 17187 17187 I AdapterServiceConfig: init: profile=BatteryService, enabled=false
09-18 15:37:48.505 16994 16994 I CU.NetworkLockWarningPopup: carrierId= [TRM, bSameCarrierId=, false]
09-18 15:37:48.505 17187 17187 I AdapterServiceConfig: init: profile=CsipSetCoordinatorService, enabled=false
09-18 15:37:48.505 17187 17187 I AdapterServiceConfig: init: profile=HapClientService, enabled=false
09-18 15:37:48.505 17187 17187 I AdapterServiceConfig: init: profile=HeadsetService, enabled=true
09-18 15:37:48.505 16994 16994 I FT.TuiSalesCodeFeature: EVR.isCurrentOmcNwCode
09-18 15:37:48.505 17187 17187 I AdapterServiceConfig: init: profile=HeadsetClientService, enabled=false
09-18 15:37:48.505 17187 17187 I AdapterServiceConfig: init: profile=HearingAidService, enabled=true
09-18 15:37:48.505 16994 16994 I FT.TuiSalesCodeFeature: EVR.isCurrentOmcNwCode
09-18 15:37:48.505 16994 16994 I FT.TuiSalesCodeFeature: EVR.isCurrentOmcNwCode
09-18 15:37:48.505 17187 17187 I AdapterServiceConfig: init: profile=HidDeviceService, enabled=true
09-18 15:37:48.505 16994 16994 I FT.TuiSalesCodeFeature: EVR.isCurrentOmcNwCode
09-18 15:37:48.505 17187 17187 I AdapterServiceConfig: init: profile=HidHostService, enabled=true
09-18 15:37:48.505 17187 17187 I AdapterServiceConfig: init: profile=GattService, enabled=true
09-18 15:37:48.505 17187 17187 I AdapterServiceConfig: init: profile=LeAudioService, enabled=false
09-18 15:37:48.505 17187 17187 I AdapterServiceConfig: init: profile=TbsService, enabled=false
09-18 15:37:48.505 17187 17187 I AdapterServiceConfig: init: profile=BluetoothMapService, enabled=true
09-18 15:37:48.505 17187 17187 I AdapterServiceConfig: init: profile=MapClientService, enabled=false
09-18 15:37:48.505 16994 16994 I AlarmManagerUtils: getRegisterAlarmManager : register_allow_data_dialog_retry_to_alarm_manager = false
09-18 15:37:48.505 17187 17187 I AdapterServiceConfig: init: profile=McpService, enabled=false
09-18 15:37:48.505 17187 17187 I AdapterServiceConfig: init: profile=BluetoothOppService, enabled=true
09-18 15:37:48.505 17187 17187 I AdapterServiceConfig: init: profile=PanService, enabled=true
09-18 15:37:48.505 17187 17187 I AdapterServiceConfig: init: profile=BluetoothPbapService, enabled=true
09-18 15:37:48.505 17187 17187 I AdapterServiceConfig: init: profile=PbapClientService, enabled=false
09-18 15:37:48.505 17187 17187 I AdapterServiceConfig: init: profile=SapService, enabled=true
09-18 15:37:48.505 17187 17187 I AdapterServiceConfig: init: profile=VolumeControlService, enabled=false
09-18 15:37:48.505 16994 16994 I UT.TelephonyUtils: getPhoneId : subId = 46
09-18 15:37:48.506 17187 17187 D SamsungAnalytics200003: [Validation] dma pkg:910701000
09-18 15:37:48.506  3799  3799 D Telephony: SamsungTuiAsyncSendExtras: SamsungTuiAsyncSendExtras[onPreExecute] method: network_notification_event
09-18 15:37:48.506 17187 17214 D BluetoothSettingsProvider: query
09-18 15:37:48.506  3799  3799 I Telephony: TelecomAccountRegistry$3: Locale change; re-registering phone accounts.
09-18 15:37:48.506  3799  3799 I Telephony: SamsungPstnPhoneAccountRegistry: updatePhoneAccountsLocaleChanged
09-18 15:37:48.506 17187 17187 D CompatibilityChangeReporter: Compat change id reported: 183155436; UID 1002; state: ENABLED
09-18 15:37:48.506  3799  3799 D Telephony: SamsungTuiAsyncSendExtras: SamsungTuiAsyncSendExtras[onPostExecute] method: update_network_selection
09-18 15:37:48.506 17187 17187 D SamsungAnalytics200003: cf feature is supported
09-18 15:37:48.506  3459  3554 D NetworkController: SignalStrength from intent slotId=0
09-18 15:37:48.507  3799 17220 D Telephony: SamsungTuiAsyncSendExtras: SamsungTuiAsyncSendExtras[doInBackground] method: network_notification_event
09-18 15:37:48.507 16994 17008 I InternalContentProvider: network_notification_event null
09-18 15:37:48.507 16994 17008 I InternalContentProvider: Take CarrierUiCallFunctions
09-18 15:37:48.507 16994 17008 I CarrierUiCallFunctions: call network_notification_event null Bundle[mParcelledData.dataSize=840]
09-18 15:37:48.508  1450  3533 I GenerationRegistry: mBackingStore.isClosed() : false
09-18 15:37:48.510 16994 16994 I CU.NetworkSelectionNotificationMgr: getNetworkSelection :   subId : 46
09-18 15:37:48.510 16994 16994 I CU.NetworkSelectionNotificationMgr: updateNetworkSelection()... isManualSelection : false , isSelectedOperatorEmpty : true , selectedNetworkOperatorName :  PhoneId: 0
09-18 15:37:48.510 16994 16994 I FT.SimUtilFeature: getMultiSimIccType phoneId 0 iccType 2
09-18 15:37:48.510 16994 16994 I FT.SimUtilFeature: isSimCardInserted[slot0] true
09-18 15:37:48.510 16994 16994 I FT.SimUtilFeature: isSimCardStatusOn[slot0] true
09-18 15:37:48.510 16994 16994 I FT.TuiSalesCodeFeature: UNKNOWN.isCurrentOperator
09-18 15:37:48.511 16994 16994 I AlarmManagerUtils: getRegisterAlarmManager : register_allow_data_dialog_retry_to_alarm_manager = false
09-18 15:37:48.511 16994 16994 I CU.NetworkUiReceiver: handleNetworkNotification event: android.telephony.action.SERVICE_PROVIDERS_UPDATED
09-18 15:37:48.511  1450  6507 I GenerationRegistry: mBackingStore.isClosed() : false
09-18 15:37:48.511 17187 17187 D SamsungAnalytics200003: send setting
09-18 15:37:48.511 17187 17187 D SamsungAnalytics200003: newThread on Executor
09-18 15:37:48.511 17187 17214 D BluetoothSettingsProvider: Created cursor android.database.sqlite.SQLiteCursor@ea1c205
09-18 15:37:48.512 16994 16994 I CU.NetworkSelectionNotificationMgr: refreshNetworkSelection
09-18 15:37:48.512  3799  4123 D Telephony: SamsungTuiCallFunctions: getDataRegState() dataRegState= 1
09-18 15:37:48.513 16994 16994 I SepApiMethodCall: method:getDataRegState result:1 success:true error:null
09-18 15:37:48.513 17187 17187 D SamsungAnalytics200003: [Tracker] Tracker start:2.00.003DMA
09-18 15:37:48.513  3799  3811 D Telephony: SamsungTuiCallFunctions: getDataRoamingType() dataRegState= 0
09-18 15:37:48.513 16994 16994 I SepApiMethodCall: method:getDataRoamingType result:0 success:true error:null
09-18 15:37:48.513 16994 16994 I CU.NetworkUiReceiver: ACTION_SERVICE_PROVIDERS_UPDATED : serviceState.getState = 1, dataRegState = 1, dataRoamingType = 0
09-18 15:37:48.513 16994 16994 I L       : writeLog : templog delete failed
09-18 15:37:48.514 16994 16994 I UT.TelephonyUtils: getPhoneId : subId = -1
09-18 15:37:48.514 16994 16994 I CU.NetworkUiUtils: isSupportRoamingNotiOption : (false)
09-18 15:37:48.514 16994 16994 I FT.SimUtilFeature: getMultiSimIccType phoneId 0 iccType 2
09-18 15:37:48.514 16994 16994 I FT.SimUtilFeature: isSimCardInserted[slot0] true
09-18 15:37:48.514 16994 16994 I FT.SimUtilFeature: isSimCardStatusOn[slot0] true
09-18 15:37:48.514  3799  3799 D Telephony: SamsungTuiAsyncSendExtras: SamsungTuiAsyncSendExtras[onPostExecute] method: network_notification_event
09-18 15:37:48.514 16994 16994 I FT.SimUtilFeature: getMultiSimIccType phoneId 1 iccType 0
09-18 15:37:48.514 16994 16994 I FT.SimUtilFeature: isSimCardInserted[slot1] false
09-18 15:37:48.514 16994 16994 I FT.SimUtilFeature: getMultiSimIccType phoneId 0 iccType 2
09-18 15:37:48.514 16994 16994 I FT.SimUtilFeature: isSimCardInserted[slot0] true
09-18 15:37:48.514 16994 16994 I FT.SimUtilFeature: isSimCardStatusOn[slot0] true
09-18 15:37:48.515 17078 17078 I IC_Service[1.2.93]: registerIcDeviceStateListener()
09-18 15:37:48.515 17078 17078 I IC_Service[1.2.93]: registerIcPackageAddedListener()
09-18 15:37:48.516  3799  6845 D Telephony: SamsungTuiCallFunctions: getSimApplicationState() simState= 10
09-18 15:37:48.517 16994 16994 I SepApiMethodCall: method:getSimApplicationState result:10 success:true error:null
09-18 15:37:48.517 16994 16994 I FT.TuiUtilFeature: isFirstBootInTss : true isTSSActivated : true
09-18 15:37:48.517 16994 16994 I UT.TelephonyUtils: getPhoneId : subId = 46
09-18 15:37:48.518  5045  5811 E ghof    : *~*~*~ Previous channel {0} was garbage collected without being shut down! ~*~*~*
09-18 15:37:48.518  5045  5811 E ghof    :     Make sure to call shutdown()/shutdownNow()
09-18 15:37:48.518  5045  5811 E ghof    : java.lang.RuntimeException: ManagedChannel allocation site
09-18 15:37:48.518  5045  5811 E ghof    : 	at ghoe.<init>(:com.google.android.gms@243530039@24.35.30 (190408-668017056):21)
09-18 15:37:48.518  5045  5811 E ghof    : 	at ghof.<init>(:com.google.android.gms@243530039@24.35.30 (190408-668017056):10)
09-18 15:37:48.518  5045  5811 E ghof    : 	at ghod.a(:com.google.android.gms@243530039@24.35.30 (190408-668017056):249)
09-18 15:37:48.518  5045  5811 E ghof    : 	at ggzj.a(:com.google.android.gms@243530039@24.35.30 (190408-668017056):5)
09-18 15:37:48.518  5045  5811 E ghof    : 	at faxi.a(:com.google.android.gms@243530039@24.35.30 (190408-668017056):173)
09-18 15:37:48.518  5045  5811 E ghof    : 	at eqpk.a(:com.google.android.gms@243530039@24.35.30 (190408-668017056):13)
09-18 15:37:48.518  5045  5811 E ghof    : 	at eydn.a(:com.google.android.gms@243530039@24.35.30 (190408-668017056):3)
09-18 15:37:48.518  5045  5811 E ghof    : 	at eyco.run(:com.google.android.gms@243530039@24.35.30 (190408-668017056):19)
09-18 15:37:48.518  5045  5811 E ghof    : 	at eydp.run(:com.google.android.gms@243530039@24.35.30 (190408-668017056):5)
09-18 15:37:48.518  5045  5811 E ghof    : 	at anbg.c(:com.google.android.gms@243530039@24.35.30 (190408-668017056):50)
09-18 15:37:48.518  5045  5811 E ghof    : 	at anbg.run(:com.google.android.gms@243530039@24.35.30 (190408-668017056):76)
09-18 15:37:48.518  5045  5811 E ghof    : 	at java.util.concurrent.ThreadPoolExecutor.runWorker(ThreadPoolExecutor.java:1145)
09-18 15:37:48.518  5045  5811 E ghof    : 	at java.util.concurrent.ThreadPoolExecutor$Worker.run(ThreadPoolExecutor.java:644)
09-18 15:37:48.518  5045  5811 E ghof    : 	at angr.run(:com.google.android.gms@243530039@24.35.30 (190408-668017056):8)
09-18 15:37:48.518  5045  5811 E ghof    : 	at java.lang.Thread.run(Thread.java:1012)
09-18 15:37:48.519  1450  2590 D BluetoothManagerService: mDisableBleCallbacks count 12
09-18 15:37:48.520 17187 17187 I BluetoothAdapter: BluetoothAdapter() : com.android.bluetooth
09-18 15:37:48.520 17187 17187 I BluetoothMetricsLogger: setCounterMetricsAlarm()
09-18 15:37:48.520 17078 17078 W IC_a[1.2.93]: loadSCloudToken() - No SCloud token, Return: null
09-18 15:37:48.520 17078 17078 I IC_g[1.2.93]: SCloudClient() - Token not registered
09-18 15:37:48.521 17187 17187 D BluetoothAdapterService: onCreate()
09-18 15:37:48.521 17078 17078 I IC_g[1.2.93]: SCloudClient() - Update not needed: 86400000, 2024-09-17 15:16:18.523, 2024-09-18 14:37:48.520
09-18 15:37:48.522  1450  3533 I GenerationRegistry: mBackingStore.isClosed() : false
09-18 15:37:48.522 17078 17229 I IC_g[1.2.93]: executeRequests() - No requests
09-18 15:37:48.523 17078 17078 I IC_Service[1.2.93]: onBind()
09-18 15:37:48.523 17078 17078 W IC_Service[1.2.93]: onBind(), intent NOT hasExtra named as bundle
09-18 15:37:48.523 17078 17078 W IC_Service[1.2.93]: onBind(), BT is OFF
09-18 15:37:48.525  1450  1475 D CompatibilityChangeReporter: Compat change id reported: 161145287; UID 1002; state: DISABLED
09-18 15:37:48.525 17078 17078 W EasySetup[11.1.12.14] : IcControlService.onServiceConnected - 
09-18 15:37:48.525 17078 17078 I IC_Service[1.2.93]: mScBinder - registerIntelligentContinuityEventListener
09-18 15:37:48.526 17078 17078 E IC_a[1.2.93]: restoreState() - Signed in before an account registered, retrieved account: NO_ACCOUNT
09-18 15:37:48.526  1450  6507 D ConnectivityService: requestNetwork for uid/pid:10082/17078 activeRequest: null callbackRequest: 549 [NetworkRequest [ REQUEST id=550, [ Capabilities: INTERNET&NOT_RESTRICTED&TRUSTED&NOT_VCN_MANAGED Uid: 10082 RequestorUid: 10082 RequestorPkg: com.samsung.android.easysetup UnderlyingNetworks: Null] ]] callback flags: 0 order: 2147483647
09-18 15:37:48.526 17078 17078 I IC_Service[1.2.93]: adding filter for screenOnFilterServiceData
09-18 15:37:48.526 17078 17078 E Peripheral_SPenManager[1.2.93]: Empty feature
09-18 15:37:48.526 17078 17078 I IC_g[1.2.93]: isCHNDevice :: result = false
09-18 15:37:48.526 17078 17078 E IC_Service[1.2.93]: NDS set buds filter, st filter : false
09-18 15:37:48.527  5045  8156 I cr_CronetUrlRequestContext: destroyNativeStreamLocked org.chromium.net.impl.CronetBidirectionalStream@adfc1cd
09-18 15:37:48.527 17078 17078 I IC_Service[1.2.93]: requestUpdateScanFilter
09-18 15:37:48.527 17078 17078 I EasySetup[11.1.12.14] : IcControlService.updateScanFilter - 
09-18 15:37:48.527 17078 17078 I EasySetup[11.1.12.14] : IcControlService.updateScanFilter - all_filters - Name:MatterHomePopup,ScreenOnFilter:BluetoothLeScanFilter [mDeviceName=null, mDeviceAddress=null, mUuid=null, mUuidMask=null, mServiceSolicitationUuid=null, mServiceSolicitationUuidMask=null, mServiceDataUuid=0000fff6-0000-1000-8000-00805f9b34fb, mServiceData=[0], mServiceDataMask=null, mManufacturerId=-1, mManufacturerData=null, mManufacturerDataMask=null, mAdvertisingDataType=-1, mAdvertisingData=null, mAdvertisingDataMask=null],ScreenOffFilter:Null,ScanInterval:2,Threshold:-80
09-18 15:37:48.527 17078 17078 I EasySetup[11.1.12.14] : IcControlService.updateScanFilter - all_filters - Name:EasySetup,ScreenOnFilter:BluetoothLeScanFilter [mDeviceName=null, mDeviceAddress=null, mUuid=null, mUuidMask=null, mServiceSolicitationUuid=null, mServiceSolicitationUuidMask=null, mServiceDataUuid=null, mServiceData=null, mServiceDataMask=null, mManufacturerId=117, mManufacturerData=[66, 9, 1, 4, 0, 2, 0, 0, 0, 33], mManufacturerDataMask=[-1, -1, -1, -1, 0, 2, 0, 0, 0, -95], mAdvertisingDataType=-1, mAdvertisingData=null, mAdvertisingDataMask=null],ScreenOffFilter:Null,ScanInterval:2,Threshold:-70
09-18 15:37:48.527 17078 17078 I EasySetup[11.1.12.14] : IcControlService.updateScanFilter - all_filters - Name:EasySetup2018,ScreenOnFilter:BluetoothLeScanFilter [mDeviceName=null, mDeviceAddress=null, mUuid=null, mUuidMask=null, mServiceSolicitationUuid=null, mServiceSolicitationUuidMask=null, mServiceDataUuid=null, mServiceData=null, mServiceDataMask=null, mManufacturerId=117, mManufacturerData=[66, 9, 1, 15, 0, 2, 0, 0, 0, 33], mManufacturerDataMask=[-1, -1, -1, -1, 0, 2, 0, 0, 0, -95], mAdvertisingDataType=-1, mAdvertisingData=null, mAdvertisingDataMask=null],ScreenOffFilter:Null,ScanInterval:2,Threshold:-70
09-18 15:37:48.527 17078 17078 I EasySetup[11.1.12.14] : IcControlService.updateScanFilter - all_filters - Name:Wearable,ScreenOnFilter:BluetoothLeScanFilter [mDeviceName=null, mDeviceAddress=null, mUuid=null, mUuidMask=null, mServiceSolicitationUuid=null, mServiceSolicitationUuidMask=null, mServiceDataUuid=null, mServiceData=null, mServiceDataMask=null, mManufacturerId=117, mManufacturerData=[1, 0, 2, 0, 0, -127], mManufacturerDataMask=[15, -1, -1, 0, 0, 126], mAdvertisingDataType=-1, mAdvertisingData=null, mAdvertisingDataMask=null],ScreenOffFilter:Null,ScanInterval:2,Threshold:-999
09-18 15:37:48.527 17078 17078 I EasySetup[11.1.12.14] : IcControlService.updateScanFilter - all_filters - Name:WearableOld,ScreenOnFilter:BluetoothLeScanFilter [mDeviceName=null, mDeviceAddress=null, mUuid=null, mUuidMask=null, mServiceSolicitationUuid=null, mServiceSolicitationUuidMask=null, mServiceDataUuid=null, mServiceData=null, mServiceDataMask=null, mManufacturerId=29952, mManufacturerData=[1, 0, 2, 0, 0, -127], mManufacturerDataMask=[15, -1, -1, 0, 0, 126], mAdvertisingDataType=-1, mAdvertisingData=null, mAdvertisingDataMask=null],ScreenOffFilter:Null,ScanInterval:2,Threshold:-999
09-18 15:37:48.527 17078 17078 I EasySetup[11.1.12.14] : IcControlService.updateScanFilter - all_filters - Name:Hi,ScreenOnFilter:BluetoothLeScanFilter [mDeviceName=null, mDeviceAddress=null, mUuid=null, mUuidMask=null, mServiceSolicitationUuid=null, mServiceSolicitationUuidMask=null, mServiceDataUuid=null, mServiceData=null, mServiceDataMask=null, mManufacturerId=117, mManufacturerData=[66, 9, 1, 2, 20, 0, 0, 0, 0, 0, 0, 0, 0, 0, 0, 4], mManufacturerDataMask=[-1, -1, 127, -1, 20, 0, 0, 0, 0, 0, 0, 0, 0, 0, 0, -124], mAdvertisingDataType=-1, mAdvertisingData=null, mAdvertisingDataMask=null],ScreenOffFilter:Null,ScanInterval:2,Threshold:-999
09-18 15:37:48.527 17078 17078 I EasySetup[11.1.12.14] : IcControlService.updateScanFilter - all_filters - Name:HiService,ScreenOnFilter:BluetoothLeScanFilter [mDeviceName=null, mDeviceAddress=null, mUuid=null, mUuidMask=null, mServiceSolicitationUuid=null, mServiceSolicitationUuidMask=null, mServiceDataUuid=0000fddb-0000-1000-8000-00805f9b34fb, mServiceData=[0], mServiceDataMask=[0], mManufacturerId=-1, mManufacturerData=null, mManufacturerDataMask=null, mAdvertisingDataType=-1, mAdvertisingData=null, mAdvertisingDataMask=null],ScreenOffFilter:Null,ScanInterval:2,Threshold:-999
09-18 15:37:48.527 17078 17241 E IC_a[1.2.93]: unregisterAccount() - Failed in unregistering Samsung account, cnt: 0, Return: false
09-18 15:37:48.527 17078 17241 I IC_Service[1.2.93]: adding filter for screenOnFilterServiceData
09-18 15:37:48.527 17078 17241 I Peripheral_SPenManager[1.2.93]: mIsSupportSPen : 0
09-18 15:37:48.527 17078 17241 I IC_g[1.2.93]: isCHNDevice :: result = false
09-18 15:37:48.527 17078 17241 E IC_Service[1.2.93]: NDS set buds filter, st filter : false
09-18 15:37:48.528  5045  5811 I GmsGeocoder: (REDACTED) reverse geocoding network failure: %s
09-18 15:37:48.528 17078 17236 I IC_Service[1.2.93]: initialize() - networkCb registered(Since N)
09-18 15:37:48.528  1450  3297 D ConnectivityService: Rematched networks [computed 0ms] [applied 0ms] [issued 1]
09-18 15:37:48.528  1450  3297 D ConnectivityService: NetworkReassignment : no changes
09-18 15:37:48.528 17078 17078 I EasySetup[11.1.12.14] : BeaconManagerUtil.isBeaconManagerEnabled - 1
09-18 15:37:48.528 17078 17078 I EasySetup[11.1.12.14] : BeaconManagerUtil.updateBeaconManagerScanFilter - 
09-18 15:37:48.528 17187 17187 D AdapterState: make() - Creating AdapterState
09-18 15:37:48.529 17187 17243 I AdapterState: OFF : entered 
09-18 15:37:48.529  1561  8286 I CameraService: onUidStateChanged: uid=10082, procState is changed. (20 -> 8)
09-18 15:37:48.529  1450  5186 D PhoneRestrictionPolicy: isOperationAllowed >>> slotNum: 0 function: 1
09-18 15:37:48.530 17078 17241 I IC_Service[1.2.93]: requestUpdateScanFilter
09-18 15:37:48.530 17078 17241 I EasySetup[11.1.12.14] : IcControlService.updateScanFilter - 
09-18 15:37:48.530 17078 17241 I EasySetup[11.1.12.14] : IcControlService.updateScanFilter - all_filters - Name:MatterHomePopup,ScreenOnFilter:BluetoothLeScanFilter [mDeviceName=null, mDeviceAddress=null, mUuid=null, mUuidMask=null, mServiceSolicitationUuid=null, mServiceSolicitationUuidMask=null, mServiceDataUuid=0000fff6-0000-1000-8000-00805f9b34fb, mServiceData=[0], mServiceDataMask=null, mManufacturerId=-1, mManufacturerData=null, mManufacturerDataMask=null, mAdvertisingDataType=-1, mAdvertisingData=null, mAdvertisingDataMask=null],ScreenOffFilter:Null,ScanInterval:2,Threshold:-80
09-18 15:37:48.530 17078 17241 I EasySetup[11.1.12.14] : IcControlService.updateScanFilter - all_filters - Name:EasySetup,ScreenOnFilter:BluetoothLeScanFilter [mDeviceName=null, mDeviceAddress=null, mUuid=null, mUuidMask=null, mServiceSolicitationUuid=null, mServiceSolicitationUuidMask=null, mServiceDataUuid=null, mServiceData=null, mServiceDataMask=null, mManufacturerId=117, mManufacturerData=[66, 9, 1, 4, 0, 2, 0, 0, 0, 33], mManufacturerDataMask=[-1, -1, -1, -1, 0, 2, 0, 0, 0, -95], mAdvertisingDataType=-1, mAdvertisingData=null, mAdvertisingDataMask=null],ScreenOffFilter:Null,ScanInterval:2,Threshold:-70
09-18 15:37:48.530 17078 17241 I EasySetup[11.1.12.14] : IcControlService.updateScanFilter - all_filters - Name:EasySetup2018,ScreenOnFilter:BluetoothLeScanFilter [mDeviceName=null, mDeviceAddress=null, mUuid=null, mUuidMask=null, mServiceSolicitationUuid=null, mServiceSolicitationUuidMask=null, mServiceDataUuid=null, mServiceData=null, mServiceDataMask=null, mManufacturerId=117, mManufacturerData=[66, 9, 1, 15, 0, 2, 0, 0, 0, 33], mManufacturerDataMask=[-1, -1, -1, -1, 0, 2, 0, 0, 0, -95], mAdvertisingDataType=-1, mAdvertisingData=null, mAdvertisingDataMask=null],ScreenOffFilter:Null,ScanInterval:2,Threshold:-70
09-18 15:37:48.530 17078 17241 I EasySetup[11.1.12.14] : IcControlService.updateScanFilter - all_filters - Name:Wearable,ScreenOnFilter:BluetoothLeScanFilter [mDeviceName=null, mDeviceAddress=null, mUuid=null, mUuidMask=null, mServiceSolicitationUuid=null, mServiceSolicitationUuidMask=null, mServiceDataUuid=null, mServiceData=null, mServiceDataMask=null, mManufacturerId=117, mManufacturerData=[1, 0, 2, 0, 0, -127], mManufacturerDataMask=[15, -1, -1, 0, 0, 126], mAdvertisingDataType=-1, mAdvertisingData=null, mAdvertisingDataMask=null],ScreenOffFilter:Null,ScanInterval:2,Threshold:-999
09-18 15:37:48.530 17078 17241 I EasySetup[11.1.12.14] : IcControlService.updateScanFilter - all_filters - Name:WearableOld,ScreenOnFilter:BluetoothLeScanFilter [mDeviceName=null, mDeviceAddress=null, mUuid=null, mUuidMask=null, mServiceSolicitationUuid=null, mServiceSolicitationUuidMask=null, mServiceDataUuid=null, mServiceData=null, mServiceDataMask=null, mManufacturerId=29952, mManufacturerData=[1, 0, 2, 0, 0, -127], mManufacturerDataMask=[15, -1, -1, 0, 0, 126], mAdvertisingDataType=-1, mAdvertisingData=null, mAdvertisingDataMask=null],ScreenOffFilter:Null,ScanInterval:2,Threshold:-999
09-18 15:37:48.530 17078 17241 I EasySetup[11.1.12.14] : IcControlService.updateScanFilter - all_filters - Name:Hi,ScreenOnFilter:BluetoothLeScanFilter [mDeviceName=null, mDeviceAddress=null, mUuid=null, mUuidMask=null, mServiceSolicitationUuid=null, mServiceSolicitationUuidMask=null, mServiceDataUuid=null, mServiceData=null, mServiceDataMask=null, mManufacturerId=117, mManufacturerData=[66, 9, 1, 2, 20, 0, 0, 0, 0, 0, 0, 0, 0, 0, 0, 4], mManufacturerDataMask=[-1, -1, 127, -1, 20, 0, 0, 0, 0, 0, 0, 0, 0, 0, 0, -124], mAdvertisingDataType=-1, mAdvertisingData=null, mAdvertisingDataMask=null],ScreenOffFilter:Null,ScanInterval:2,Threshold:-999
09-18 15:37:48.530 17187 17187 D BluetoothKeystoreService: new BluetoothKeystoreService isCommonCriteriaMode: false
09-18 15:37:48.530 17078 17241 I EasySetup[11.1.12.14] : IcControlService.updateScanFilter - all_filters - Name:HiService,ScreenOnFilter:BluetoothLeScanFilter [mDeviceName=null, mDeviceAddress=null, mUuid=null, mUuidMask=null, mServiceSolicitationUuid=null, mServiceSolicitationUuidMask=null, mServiceDataUuid=0000fddb-0000-1000-8000-00805f9b34fb, mServiceData=[0], mServiceDataMask=[0], mManufacturerId=-1, mManufacturerData=null, mManufacturerDataMask=null, mAdvertisingDataType=-1, mAdvertisingData=null, mAdvertisingDataMask=null],ScreenOffFilter:Null,ScanInterval:2,Threshold:-999
09-18 15:37:48.530 17078 17241 I EasySetup[11.1.12.14] : BeaconManagerUtil.isBeaconManagerEnabled - 1
09-18 15:37:48.530 17078 17241 I EasySetup[11.1.12.14] : BeaconManagerUtil.updateBeaconManagerScanFilter - 
09-18 15:37:48.530  1450 17217 W LocationBasedCountryDetector: Exception occurs when getting country from location
09-18 15:37:48.531 17922 17922 I BCMGR[11.0.01.10]: BeaconService] CreateBeaconManager  - setting:ON
09-18 15:37:48.531 17922 17922 I BCMGR[11.0.01.10]: BeaconService] onStartCommand - updateClientScanFilter
09-18 15:37:48.531 17078 17109 I EasySetup[11.1.12.14] : IcControlService.getScanFilterList - Name:MatterHomePopup,ScreenOnFilter:BluetoothLeScanFilter [mDeviceName=null, mDeviceAddress=null, mUuid=null, mUuidMask=null, mServiceSolicitationUuid=null, mServiceSolicitationUuidMask=null, mServiceDataUuid=0000fff6-0000-1000-8000-00805f9b34fb, mServiceData=[0], mServiceDataMask=null, mManufacturerId=-1, mManufacturerData=null, mManufacturerDataMask=null, mAdvertisingDataType=-1, mAdvertisingData=null, mAdvertisingDataMask=null],ScreenOffFilter:Null,ScanInterval:2,Threshold:-80
09-18 15:37:48.531 17078 17109 I EasySetup[11.1.12.14] : IcControlService.getScanFilterList - Name:EasySetup,ScreenOnFilter:BluetoothLeScanFilter [mDeviceName=null, mDeviceAddress=null, mUuid=null, mUuidMask=null, mServiceSolicitationUuid=null, mServiceSolicitationUuidMask=null, mServiceDataUuid=null, mServiceData=null, mServiceDataMask=null, mManufacturerId=117, mManufacturerData=[66, 9, 1, 4, 0, 2, 0, 0, 0, 33], mManufacturerDataMask=[-1, -1, -1, -1, 0, 2, 0, 0, 0, -95], mAdvertisingDataType=-1, mAdvertisingData=null, mAdvertisingDataMask=null],ScreenOffFilter:Null,ScanInterval:2,Threshold:-70
09-18 15:37:48.531 17078 17109 I EasySetup[11.1.12.14] : IcControlService.getScanFilterList - Name:EasySetup2018,ScreenOnFilter:BluetoothLeScanFilter [mDeviceName=null, mDeviceAddress=null, mUuid=null, mUuidMask=null, mServiceSolicitationUuid=null, mServiceSolicitationUuidMask=null, mServiceDataUuid=null, mServiceData=null, mServiceDataMask=null, mManufacturerId=117, mManufacturerData=[66, 9, 1, 15, 0, 2, 0, 0, 0, 33], mManufacturerDataMask=[-1, -1, -1, -1, 0, 2, 0, 0, 0, -95], mAdvertisingDataType=-1, mAdvertisingData=null, mAdvertisingDataMask=null],ScreenOffFilter:Null,ScanInterval:2,Threshold:-70
09-18 15:37:48.531 17078 17109 I EasySetup[11.1.12.14] : IcControlService.getScanFilterList - Name:Wearable,ScreenOnFilter:BluetoothLeScanFilter [mDeviceName=null, mDeviceAddress=null, mUuid=null, mUuidMask=null, mServiceSolicitationUuid=null, mServiceSolicitationUuidMask=null, mServiceDataUuid=null, mServiceData=null, mServiceDataMask=null, mManufacturerId=117, mManufacturerData=[1, 0, 2, 0, 0, -127], mManufacturerDataMask=[15, -1, -1, 0, 0, 126], mAdvertisingDataType=-1, mAdvertisingData=null, mAdvertisingDataMask=null],ScreenOffFilter:Null,ScanInterval:2,Threshold:-999
09-18 15:37:48.531 17078 17109 I EasySetup[11.1.12.14] : IcControlService.getScanFilterList - Name:WearableOld,ScreenOnFilter:BluetoothLeScanFilter [mDeviceName=null, mDeviceAddress=null, mUuid=null, mUuidMask=null, mServiceSolicitationUuid=null, mServiceSolicitationUuidMask=null, mServiceDataUuid=null, mServiceData=null, mServiceDataMask=null, mManufacturerId=29952, mManufacturerData=[1, 0, 2, 0, 0, -127], mManufacturerDataMask=[15, -1, -1, 0, 0, 126], mAdvertisingDataType=-1, mAdvertisingData=null, mAdvertisingDataMask=null],ScreenOffFilter:Null,ScanInterval:2,Threshold:-999
09-18 15:37:48.531 17078 17241 I IC_DeviceManager[1.2.93]: onAccountUnregistered() - Called
09-18 15:37:48.531 17078 17109 I EasySetup[11.1.12.14] : IcControlService.getScanFilterList - Name:Hi,ScreenOnFilter:BluetoothLeScanFilter [mDeviceName=null, mDeviceAddress=null, mUuid=null, mUuidMask=null, mServiceSolicitationUuid=null, mServiceSolicitationUuidMask=null, mServiceDataUuid=null, mServiceData=null, mServiceDataMask=null, mManufacturerId=117, mManufacturerData=[66, 9, 1, 2, 20, 0, 0, 0, 0, 0, 0, 0, 0, 0, 0, 4], mManufacturerDataMask=[-1, -1, 127, -1, 20, 0, 0, 0, 0, 0, 0, 0, 0, 0, 0, -124], mAdvertisingDataType=-1, mAdvertisingData=null, mAdvertisingDataMask=null],ScreenOffFilter:Null,ScanInterval:2,Threshold:-999
09-18 15:37:48.531 17078 17109 I EasySetup[11.1.12.14] : IcControlService.getScanFilterList - Name:HiService,ScreenOnFilter:BluetoothLeScanFilter [mDeviceName=null, mDeviceAddress=null, mUuid=null, mUuidMask=null, mServiceSolicitationUuid=null, mServiceSolicitationUuidMask=null, mServiceDataUuid=0000fddb-0000-1000-8000-00805f9b34fb, mServiceData=[0], mServiceDataMask=[0], mManufacturerId=-1, mManufacturerData=null, mManufacturerDataMask=null, mAdvertisingDataType=-1, mAdvertisingData=null, mAdvertisingDataMask=null],ScreenOffFilter:Null,ScanInterval:2,Threshold:-999
09-18 15:37:48.532 17922 17922 I BCMGR[11.0.01.10]: ContentValues(ES)] updateScanFilter - size : 7
09-18 15:37:48.532 17922 17922 I BCMGR[11.0.01.10]: BeaconManager] updateIcPacketFilters (EasySetup) - setEasySetupPacketFilters :7
09-18 15:37:48.532 17922 17922 I BCMGR[11.0.01.10]BeaconManagerFilter: setEasySetupFilterList - size : 7filter: [MatterHomePopup] , [EasySetup] , [EasySetup2018] , [Wearable] , [WearableOld] , [Hi] , [HiService] , 
09-18 15:37:48.532 17922 17068 I BCMGR[11.0.01.10]: BeaconManager] updateScanCondition - 
09-18 15:37:48.532 17922 17068 I BCMGR[11.0.01.10]: BeaconManager] getScanFilter - filterFlag - 0b1100000
09-18 15:37:48.532 17922 17068 I BCMGR[11.0.01.10]: BeaconManager] updateScanCondition - filter: (on : 16, off:0)[SamsungFriends] , [SmartSwitch] , [SamsungDiscovery_StInvitation] , [SDiscovery_tvOn] , [SamsungIba] , [SamsungConnect_V2_V3_On] , [AqaraDoorLock] , [Matter] , [BleCloudV2] , [MatterHomePopup] , [EasySetup] , [EasySetup2018] , [Wearable] , [WearableOld] , [Hi] , [HiService] , 
09-18 15:37:48.532 17922 17068 I BCMGR[11.0.01.10]: BleScanHelper] updateScanFilternInterval - On Filter: 16, Off Filter: 0
09-18 15:37:48.532 17922 17922 I BCMGR[11.0.01.10]: BeaconService] CreateBeaconManager  - setting:ON
09-18 15:37:48.532 17922 17922 I BCMGR[11.0.01.10]: BeaconService] onStartCommand - updateClientScanFilter
09-18 15:37:48.532 17922 17068 I BluetoothAdapter: STATE_OFF=10
09-18 15:37:48.532 17922 17068 I BluetoothAdapter: StandAloneBleMode=true called by PID : 17922 @ com.samsung.android.beaconmanager
09-18 15:37:48.532 17922 17068 I BluetoothAdapter:  setting StandAloneBleMode=true
09-18 15:37:48.532 17078 17109 I EasySetup[11.1.12.14] : IcControlService.getScanFilterList - Name:MatterHomePopup,ScreenOnFilter:BluetoothLeScanFilter [mDeviceName=null, mDeviceAddress=null, mUuid=null, mUuidMask=null, mServiceSolicitationUuid=null, mServiceSolicitationUuidMask=null, mServiceDataUuid=0000fff6-0000-1000-8000-00805f9b34fb, mServiceData=[0], mServiceDataMask=null, mManufacturerId=-1, mManufacturerData=null, mManufacturerDataMask=null, mAdvertisingDataType=-1, mAdvertisingData=null, mAdvertisingDataMask=null],ScreenOffFilter:Null,ScanInterval:2,Threshold:-80
09-18 15:37:48.532 17078 17109 I EasySetup[11.1.12.14] : IcControlService.getScanFilterList - Name:EasySetup,ScreenOnFilter:BluetoothLeScanFilter [mDeviceName=null, mDeviceAddress=null, mUuid=null, mUuidMask=null, mServiceSolicitationUuid=null, mServiceSolicitationUuidMask=null, mServiceDataUuid=null, mServiceData=null, mServiceDataMask=null, mManufacturerId=117, mManufacturerData=[66, 9, 1, 4, 0, 2, 0, 0, 0, 33], mManufacturerDataMask=[-1, -1, -1, -1, 0, 2, 0, 0, 0, -95], mAdvertisingDataType=-1, mAdvertisingData=null, mAdvertisingDataMask=null],ScreenOffFilter:Null,ScanInterval:2,Threshold:-70
09-18 15:37:48.532 17078 17109 I EasySetup[11.1.12.14] : IcControlService.getScanFilterList - Name:EasySetup2018,ScreenOnFilter:BluetoothLeScanFilter [mDeviceName=null, mDeviceAddress=null, mUuid=null, mUuidMask=null, mServiceSolicitationUuid=null, mServiceSolicitationUuidMask=null, mServiceDataUuid=null, mServiceData=null, mServiceDataMask=null, mManufacturerId=117, mManufacturerData=[66, 9, 1, 15, 0, 2, 0, 0, 0, 33], mManufacturerDataMask=[-1, -1, -1, -1, 0, 2, 0, 0, 0, -95], mAdvertisingDataType=-1, mAdvertisingData=null, mAdvertisingDataMask=null],ScreenOffFilter:Null,ScanInterval:2,Threshold:-70
09-18 15:37:48.532  1450  1450 I Telecom : CallLogManager: Country ISO changed. Retrieving new ISO...: CLM.oCD@B1g
09-18 15:37:48.532 17078 17109 I EasySetup[11.1.12.14] : IcControlService.getScanFilterList - Name:Wearable,ScreenOnFilter:BluetoothLeScanFilter [mDeviceName=null, mDeviceAddress=null, mUuid=null, mUuidMask=null, mServiceSolicitationUuid=null, mServiceSolicitationUuidMask=null, mServiceDataUuid=null, mServiceData=null, mServiceDataMask=null, mManufacturerId=117, mManufacturerData=[1, 0, 2, 0, 0, -127], mManufacturerDataMask=[15, -1, -1, 0, 0, 126], mAdvertisingDataType=-1, mAdvertisingData=null, mAdvertisingDataMask=null],ScreenOffFilter:Null,ScanInterval:2,Threshold:-999
09-18 15:37:48.532 17078 17109 I EasySetup[11.1.12.14] : IcControlService.getScanFilterList - Name:WearableOld,ScreenOnFilter:BluetoothLeScanFilter [mDeviceName=null, mDeviceAddress=null, mUuid=null, mUuidMask=null, mServiceSolicitationUuid=null, mServiceSolicitationUuidMask=null, mServiceDataUuid=null, mServiceData=null, mServiceDataMask=null, mManufacturerId=29952, mManufacturerData=[1, 0, 2, 0, 0, -127], mManufacturerDataMask=[15, -1, -1, 0, 0, 126], mAdvertisingDataType=-1, mAdvertisingData=null, mAdvertisingDataMask=null],ScreenOffFilter:Null,ScanInterval:2,Threshold:-999
09-18 15:37:48.532 17078 17109 I EasySetup[11.1.12.14] : IcControlService.getScanFilterList - Name:Hi,ScreenOnFilter:BluetoothLeScanFilter [mDeviceName=null, mDeviceAddress=null, mUuid=null, mUuidMask=null, mServiceSolicitationUuid=null, mServiceSolicitationUuidMask=null, mServiceDataUuid=null, mServiceData=null, mServiceDataMask=null, mManufacturerId=117, mManufacturerData=[66, 9, 1, 2, 20, 0, 0, 0, 0, 0, 0, 0, 0, 0, 0, 4], mManufacturerDataMask=[-1, -1, 127, -1, 20, 0, 0, 0, 0, 0, 0, 0, 0, 0, 0, -124], mAdvertisingDataType=-1, mAdvertisingData=null, mAdvertisingDataMask=null],ScreenOffFilter:Null,ScanInterval:2,Threshold:-999
09-18 15:37:48.532 17078 17109 I EasySetup[11.1.12.14] : IcControlService.getScanFilterList - Name:HiService,ScreenOnFilter:BluetoothLeScanFilter [mDeviceName=null, mDeviceAddress=null, mUuid=null, mUuidMask=null, mServiceSolicitationUuid=null, mServiceSolicitationUuidMask=null, mServiceDataUuid=0000fddb-0000-1000-8000-00805f9b34fb, mServiceData=[0], mServiceDataMask=[0], mManufacturerId=-1, mManufacturerData=null, mManufacturerDataMask=null, mAdvertisingDataType=-1, mAdvertisingData=null, mAdvertisingDataMask=null],ScreenOffFilter:Null,ScanInterval:2,Threshold:-999
09-18 15:37:48.532 17922 17068 I BluetoothAdapter: enableRadio() : Calling enable
09-18 15:37:48.533 17922 17922 I BCMGR[11.0.01.10]: ContentValues(ES)] updateScanFilter - size : 7
09-18 15:37:48.533 17922 17922 I BCMGR[11.0.01.10]: BeaconManager] updateIcPacketFilters (EasySetup) - setEasySetupPacketFilters :7
09-18 15:37:48.533 17922 17922 I BCMGR[11.0.01.10]BeaconManagerFilter: setEasySetupFilterList - size : 7filter: [MatterHomePopup] , [EasySetup] , [EasySetup2018] , [Wearable] , [WearableOld] , [Hi] , [HiService] , 
09-18 15:37:48.533  1450  5802 D SecContentProvider: query(), uri = 3 selection = isBLEAllowed
09-18 15:37:48.533  1450  5802 D SecContentProvider: called from android.uid.system:1000
09-18 15:37:48.533  1450  5802 D BluetoothManagerService: enableBle(): mIsSamsungKernel = true, fromSamsungApp = true
09-18 15:37:48.533  1450  5802 D SecContentProvider: query(), uri = 3 selection = isBLEAllowed
09-18 15:37:48.533  1450  5802 D SecContentProvider: called from android.uid.system:1000
09-18 15:37:48.533  1450  5802 E BluetoothManagerService: Unable to handle updateBleAppCount
09-18 15:37:48.533 17922 17068 I BCMGR[11.0.01.10]: BeaconManager] updateScanCondition - 
09-18 15:37:48.533 17922 17068 I BCMGR[11.0.01.10]: BeaconManager] getScanFilter - filterFlag - 0b1100000
09-18 15:37:48.533 17922 17068 I BCMGR[11.0.01.10]: BeaconManager] updateScanCondition - filter: (on : 16, off:0)[SamsungFriends] , [SmartSwitch] , [SamsungDiscovery_StInvitation] , [SDiscovery_tvOn] , [SamsungIba] , [SamsungConnect_V2_V3_On] , [AqaraDoorLock] , [Matter] , [BleCloudV2] , [MatterHomePopup] , [EasySetup] , [EasySetup2018] , [Wearable] , [WearableOld] , [Hi] , [HiService] , 
09-18 15:37:48.533 17922 17068 I BCMGR[11.0.01.10]: BleScanHelper] updateScanFilternInterval - On Filter: 16, Off Filter: 0
09-18 15:37:48.534 17922 17068 I BluetoothAdapter: STATE_OFF=10
09-18 15:37:48.534 17922 17068 I BluetoothAdapter: StandAloneBleMode=true called by PID : 17922 @ com.samsung.android.beaconmanager
09-18 15:37:48.534 17922 17068 I BluetoothAdapter:  setting StandAloneBleMode=true
09-18 15:37:48.534 17922 17068 I BluetoothAdapter: enableRadio() : Calling enable
09-18 15:37:48.534  1450  5800 D SecContentProvider: query(), uri = 3 selection = isBLEAllowed
09-18 15:37:48.534  1450  5800 D SecContentProvider: called from android.uid.system:1000
09-18 15:37:48.534  1450  5800 D BluetoothManagerService: enableBle(): mIsSamsungKernel = true, fromSamsungApp = true
09-18 15:37:48.534 17187 17243 D AdapterProperties: Setting state to OFF
09-18 15:37:48.534  1450  5800 D SecContentProvider: query(), uri = 3 selection = isBLEAllowed
09-18 15:37:48.534  1450  5800 D SecContentProvider: called from android.uid.system:1000
09-18 15:37:48.534  1450  5800 E BluetoothManagerService: Unable to handle updateBleAppCount
09-18 15:37:48.534 17187 17187 D BluetoothKeystoreService: start
09-18 15:37:48.534 17187 17187 I droid.bluetooth: [0918/153748.534941:INFO:com_android_bluetooth_btservice_BluetoothKeystore.cpp(97)] classInitNative: succeeds
09-18 15:37:48.535 17187 17187 D BluetoothKeystoreService: setBluetoothKeystoreService(): set to: com.android.bluetooth.btservice.bluetoothkeystore.BluetoothKeystoreService@b9accae
09-18 15:37:48.535 17187 17243 D BluetoothAdapterService: updateAdapterState prevState = 10newState = 10
09-18 15:37:48.536   720  3446 E keystore2: keystore2::error: Rc(ResponseCode(7)), "In get_key_entry, while trying to load key info. 1002, Some(\"bluetooth-key-encrypted\")"
09-18 15:37:48.536 17187 17187 D BluetoothKeystoreService: loadConfigData
09-18 15:37:48.537 17187 17187 D BluetoothKeystoreService: getCompareResult: 0
09-18 15:37:48.539 17187 17187 I droid.bluetooth: [0918/153748.539396:INFO:bluetooth_data_migration.cc(80)] Current Bluetooth package name is: com.android.bluetooth
09-18 15:37:48.539 17187 17187 I droid.bluetooth: [0918/153748.539450:INFO:bluetooth_data_migration.cc(102)] Same location skipped: com.android.bluetooth
09-18 15:37:48.540 17187 17187 I droid.bluetooth: [0918/153748.540085:INFO:bluetooth_data_migration.cc(110)] Not a valid candidate for migration: "/data/user_de/0/com.android.bluetooth.services"
09-18 15:37:48.540 17187 17187 I droid.bluetooth: [0918/153748.540636:INFO:bluetooth_data_migration.cc(110)] Not a valid candidate for migration: "/data/user_de/0/com.google.android.bluetooth.services"
09-18 15:37:48.541 17187 17187 I bt      : bt_common::init_flags: Flags loaded: gd_core=false gd_security=false gd_l2cap=false gatt_robust_caching=true btaa_hci=true gd_rust=false gd_link_policy=false irk_rotation=false 
09-18 15:37:48.541 17187 17252 I droid.bluetooth: [0918/153748.541368:INFO:message_loop_thread.cc(226)] Run: message loop starting for thread bt_stack_manager_thread
09-18 15:37:48.543 17187 17254 I droid.bluetooth: [0918/153748.543756:INFO:btif_keystore.cc(61)] ConvertEncryptOrDecryptKeyIfNeeded callback isn't ready.
09-18 15:37:48.544 17187 17255 I droid.bluetooth: [0918/153748.544441:INFO:message_loop_thread.cc(226)] Run: message loop starting for thread bt_jni_thread
09-18 15:37:48.544 17187 17187 E droid.bluetooth: [0918/153748.544949:ERROR:message_loop_thread.cc(103)] DoInThreadDelayed: message loop is null for thread bt_main_thread(-1), from pc:0x777299ae78
09-18 15:37:48.545 17187 17187 E droid.bluetooth: [0918/153748.544990:ERROR:btu_task.cc(94)] do_in_main_thread: failed from pc:0x777299ae78
09-18 15:37:48.545 17187 17187 E droid.bluetooth: [0918/153748.545014:ERROR:message_loop_thread.cc(103)] DoInThreadDelayed: message loop is null for thread bt_main_thread(-1), from pc:0x777299ae78
09-18 15:37:48.545 17187 17187 E droid.bluetooth: [0918/153748.545053:ERROR:btu_task.cc(94)] do_in_main_thread: failed from pc:0x777299ae78
09-18 15:37:48.545 17187 17187 E droid.bluetooth: [0918/153748.545074:ERROR:message_loop_thread.cc(103)] DoInThreadDelayed: message loop is null for thread bt_main_thread(-1), from pc:0x777299ae78
09-18 15:37:48.545 17187 17187 E droid.bluetooth: [0918/153748.545109:ERROR:btu_task.cc(94)] do_in_main_thread: failed from pc:0x777299ae78
09-18 15:37:48.545 17187 17187 D BluetoothKeystoreService: initJni()
09-18 15:37:48.546  1450  3533 D SettingsProvider: isChangeAllowed() : name = bluetooth_btsnoop_default_mode
09-18 15:37:48.546  1450  3533 D SettingsProvider: edmUri: content://com.sec.knox.provider/RestrictionPolicy3
09-18 15:37:48.546  1450  3533 D SettingsProvider: projectionArgs: isSettingsChangesAllowed
09-18 15:37:48.546  1450  3533 D SettingsProvider: selectionArgs: false
09-18 15:37:48.546  1450  3533 D SettingsProvider: selectionArgs: 1002
09-18 15:37:48.546  1450  3533 D SecContentProvider: query(), uri = 17 selection = isSettingsChangesAllowed
09-18 15:37:48.546  1450  3533 D SecContentProvider: called from android.uid.bluetooth:1002
09-18 15:37:48.546  1450  3533 D RestrictionPolicy: isSettingsChangesAllowedAsUser, userId 0 : true
09-18 15:37:48.546  1450  3533 D SettingsProvider: ret = 1
09-18 15:37:48.546  1450  6507 I GenerationRegistry: mBackingStore.isClosed() : false
09-18 15:37:48.549 17187 17187 D BluetoothDatabase: start()
09-18 15:37:48.550 17187 17187 D BluetoothDatabase: Load Database
09-18 15:37:48.550 17187 17187 I BluetoothAdapterService: Phone policy enabled
09-18 15:37:48.552  1341  4322 V APM_AudioPolicyManager: listAudioPorts() role 0 type 0 num_ports 0 ports 0xb4000079ec2bb358
09-18 15:37:48.553  1341  4322 V APM_AudioPolicyManager: listAudioPorts() got 0 ports needed 17
09-18 15:37:48.553  1341  4322 V APM_AudioPolicyManager: listAudioPorts() role 0 type 0 num_ports 17 ports 0xb4000079e78e1300
09-18 15:37:48.553  1341  4322 V APM_AudioPolicyManager: listAudioPorts() got 17 ports needed 17
09-18 15:37:48.555 17187 17187 D SemBluetoothDatabase: start()
09-18 15:37:48.555 17187 17187 D SemBluetoothDatabase: Load Database
09-18 15:37:48.555 17187 17262 E SemBluetoothDatabase: handleMessage : 0
09-18 15:37:48.560 17187 17187 I droid.bluetooth: [0918/153748.560264:INFO:com_android_bluetooth_btservice_ActivityAttribution.cpp(96)] classInitNative: succeeds
09-18 15:37:48.560 17187 17187 D BluetoothAdapterService: setAdapterService() - trying to set service to com.android.bluetooth.btservice.AdapterService@e4e9580
09-18 15:37:48.563 17187 17259 D BluetoothDatabase: compactLastConnectionTime: Compacting metadata after load
09-18 15:37:48.563 17187 17259 I BluetoothDatabase: cacheMetadata
09-18 15:37:48.564 17187 17259 V BluetoothDatabase: cacheMetadata: found device XX:XX:XXrage
09-18 15:37:48.564 17187 17259 I BluetoothDatabase: cacheMetadata: Database is ready
09-18 15:37:48.569 17187 17262 I SemBluetoothDatabase: cacheSemMetadata
09-18 15:37:48.569 17187 17262 V SemBluetoothDatabase: cacheSemMetadata: found device LocalStorage
09-18 15:37:48.569 17187 17262 I SemBluetoothDatabase: cacheSemMetadata: Database is ready
09-18 15:37:48.578 17187 17187 D BluetoothAdapterService: SCloud is exist. Version : 540525000
09-18 15:37:48.578 17187 17187 D BluetoothAdapterService: onBind()
09-18 15:37:48.581  1617 17044 I cnss-daemon: WLFW service connected
09-18 15:37:48.585  1450  2590 W Binder  : Outgoing transactions from this process must be FLAG_ONEWAY
09-18 15:37:48.585  1450  2590 W Binder  : java.lang.Throwable
09-18 15:37:48.585  1450  2590 W Binder  : 	at android.os.BinderProxy.transact(BinderProxy.java:567)
09-18 15:37:48.585  1450  2590 W Binder  : 	at android.bluetooth.IBluetooth$Stub$Proxy.setBootState(IBluetooth.java:5128)
09-18 15:37:48.585  1450  2590 W Binder  : 	at com.android.server.bluetooth.BluetoothManagerService$BluetoothHandler.handleMessage(BluetoothManagerService.java:3827)
09-18 15:37:48.585  1450  2590 W Binder  : 	at android.os.Handler.dispatchMessage(Handler.java:106)
09-18 15:37:48.585  1450  2590 W Binder  : 	at android.os.Looper.loopOnce(Looper.java:226)
09-18 15:37:48.585  1450  2590 W Binder  : 	at android.os.Looper.loop(Looper.java:313)
09-18 15:37:48.585  1450  2590 W Binder  : 	at android.os.HandlerThread.run(HandlerThread.java:67)
09-18 15:37:48.585  1450  2590 D BluetoothManagerService: Broadcasting onBluetoothServiceUp() to 13 receivers.
09-18 15:37:48.586  3845  3876 D BluetoothAdapter: onBluetoothServiceUp: android.bluetooth.IBluetooth$Stub$Proxy@65655f7
09-18 15:37:48.586  4779  6005 D BluetoothAdapter: onBluetoothServiceUp: android.bluetooth.IBluetooth$Stub$Proxy@e47125b
09-18 15:37:48.586  3459  5008 D BluetoothAdapter: onBluetoothServiceUp: android.bluetooth.IBluetooth$Stub$Proxy@f9dd17a
09-18 15:37:48.586  3799  3811 D BluetoothAdapter: onBluetoothServiceUp: android.bluetooth.IBluetooth$Stub$Proxy@1d3c854
09-18 15:37:48.587  5045  5887 D BluetoothAdapter: onBluetoothServiceUp: android.bluetooth.IBluetooth$Stub$Proxy@fe02a82
09-18 15:37:48.587  5470 21724 D BluetoothAdapter: onBluetoothServiceUp: android.bluetooth.IBluetooth$Stub$Proxy@2c27771
09-18 15:37:48.587  1450  2590 D BluetoothAdapter: onBluetoothServiceUp: android.bluetooth.IBluetooth$Stub$Proxy@8022418
09-18 15:37:48.587 17187 17214 D BluetoothAdapter: onBluetoothServiceUp: com.android.bluetooth.btservice.AdapterService$AdapterServiceBinder@eda523c
09-18 15:37:48.590  5287  6695 D BluetoothAdapter: onBluetoothServiceUp: android.bluetooth.IBluetooth$Stub$Proxy@b85c307
09-18 15:37:48.590 17187 17213 D BluetoothAdapterService: enable() - Enable called with quiet mode status =  false
09-18 15:37:48.591 18621 18621 I ORC/ShortcutHelper: handleMessage: 10
09-18 15:37:48.591 17187 17243 I AdapterState: BLE_TURNING_ON : entered 
09-18 15:37:48.592 18621 17269 I ORC/ShortcutHelper: mRefreshThreadForPinned : start
09-18 15:37:48.592 17187 17243 D AdapterProperties: Setting state to BLE_TURNING_ON
09-18 15:37:48.592 17187 17243 D BluetoothAdapterService: updateAdapterState() - Broadcasting state BLE_TURNING_ON to 1 receivers.
09-18 15:37:48.593 18621 18621 I ORC/ShortcutHelper: handleMessage: 11
09-18 15:37:48.593  1450  1450 I Telecom:SamsungTelecomServiceImpl: isInManagedCall - callingPackage : android
09-18 15:37:48.593 18621 17269 I ORC/PinnedShortcutUpdateManager: updatePinnedShortcuts : conversationIdList size 0
09-18 15:37:48.593 18621 17269 I ORC/ShortcutHelper: mRefreshThreadForPinned : finish
09-18 15:37:48.593 18621 17270 I ORC/ShortcutHelper: mRefreshThreadForDynamic : start
09-18 15:37:48.596  1450  2590 D BluetoothManagerService: Ble Turning On, G state: 0, S state: 0
09-18 15:37:48.597  1617 17044 E cnss-daemon: pm_release_vote: pm_handle is NULL
09-18 15:37:48.598  1450  1450 D EdgeLightingManager: isCallingUserSupported : callingUserId=0, mUserId=0, isDualAppId=false, isKnoxId=false
09-18 15:37:48.599  1450  1450 D EdgeLightingManager: showForNotification : isInteractive=true, isHeadUp=true, color=0, canBypassDnd=false, sbn = StatusBarNotification(pkg=com.android.phone user=UserHandle{0} id=3 tag=null key=0|com.android.phone|3|null|1001: Notification(channel=SIM 1 shortcut=null contentView=null vibrate=null sound=null defaults=0x0 flags=0x80a color=0xff2a56c6 groupKey=VOICE_MAIL_GROUP_KEY vis=PRIVATE semFlags=0x0 semPriority=0 semMissedCount=0))
09-18 15:37:48.599  1450  1450 D EdgeLightingClientManager: isAvailableEdgeLighting: condition=1 mCondition=3 mIsConnected=false0
09-18 15:37:48.599  1450  1450 D EdgeLightingPolicyManager: isAcceptableApplication:  pkg=com.android.phone , range=256 , includeAllApp=false , userId=0 , infoRange=0 , infoCategory=0
09-18 15:37:48.599  1450  1450 D EdgeLightingPolicyManager: putNotification tickerText:false,titleText:true,text:true,sub:falsecn= + null
09-18 15:37:48.599  1450  1450 D EdgeLightingPolicyManager.NotificationGroup: Remove previous child data. 0|com.android.phone|3|null|1001
09-18 15:37:48.599  1450  1450 D EdgeLightingPolicyManager.NotificationGroup: group key = 0|com.android.phone|g:VOICE_MAIL_GROUP_KEY ,value= summary : null , child : 1key = 0|com.android.phone|3|null|1001 , value =  NotificationData { tag= null } , } 
09-18 15:37:48.599  1450  1450 D EdgeLightingPolicyManager.NotificationGroup: group key = 0|com.samsung.android.messaging|g:MESSAGE_RECEIVED ,value= summary :  NotificationData { tag= com.samsung.android.messaging:GROUP_RECEIVED: }  , child : 2key = 0|com.samsung.android.messaging|123|com.samsung.android.messaging:MESSAGE_RECEIVED:91|10124 , value =  NotificationData { tag= com.samsung.android.messaging:MESSAGE_RECEIVED:91 } ,key = 0|com.samsung.android.messaging|123|com.samsung.android.messaging:MESSAGE_RECEIVED:88|10124 , value =  NotificationData { tag= com.samsung.android.messaging:MESSAGE_RECEIVED:88 } , } 
09-18 15:37:48.599  1450  1450 D EdgeLightingPolicyManager.NotificationGroup: group key = 0|com.whatsapp|20|null|10050 ,value= summary : null , child : 1key = 0|com.whatsapp|20|null|10050 , value =  NotificationData { tag= null } , } 
09-18 15:37:48.599  1450  1450 D EdgeLightingPolicyManager.NotificationGroup: group key = 0|com.samsung.android.app.omcagent|16000|null|1000 ,value= summary : null , child : 1key = 0|com.samsung.android.app.omcagent|16000|null|1000 , value =  NotificationData { tag= null } , } 
