09-18 15:37:48.087  3459 25873 D TileServices: semUpdateDetailView : customTile =  com.android.systemui.qs.external.CustomTile@1a77560
09-18 15:37:48.087  1450  1475 D ApplicationPolicy: getApplicationStateEnabled : pkg = com.samsung.android.messaging userId : 0
09-18 15:37:48.088  1450  1475 D ApplicationPolicy: getApplicationComponentState : pkg = com.samsung.android.messaging userId : 0
09-18 15:37:48.088  5470  5470 W ComplianceFilepathHandl: Tracing data is not available [CONTEXT service_id=357 ]
09-18 15:37:48.089  5470  5470 W ComplianceFilepathHandl: Tracing data is not available [CONTEXT service_id=357 ]
09-18 15:37:48.089  3459  3554 D Tile.CustomTile: updateState : Label = Nearby Share, State = 1, Icon = Icon(typ=RESOURCE pkg=com.google.android.gms id=0x7f0804a2)
09-18 15:37:48.089 16494 17079 I ShareLive: [SLog][RxComputationThreadPool-7][WorkSourceImpl] enqueueAirplaneObserverWorker
09-18 15:37:48.090 16494 17079 I ShareLive: [SLog][RxComputationThreadPool-7][TileViewModel] enqueueAirplaneWorker success
09-18 15:37:48.091  3459 25873 D TileLifecycleManager: onStopListening
09-18 15:37:48.091 16449 16491 D [MdeResource]QuickShareStatusChecker: quick share status : false
09-18 15:37:48.091 16449 16491 D [MdeResource]QuickShareStatusChecker: Status ID : quickshare_continuity_status
09-18 15:37:48.091 16449 16491 I [SCPMSDK][0.9.1000][ScpmDeviceService]: call : Method = setStatus, appId = 7ifb2oyy52
09-18 15:37:48.091 18621 18694 I CS/CapabilityFactory: notifyOwnCapabilityChange listener size : 2
09-18 15:37:48.092 18621 18694 I ORC/ChatbotNumberCheckingAgent: own capa updated
09-18 15:37:48.092 18621 18694 I ORC/ShortcutHelper: onOwnCapabilityUpdated
09-18 15:37:48.092  5470  5470 W ComplianceFilepathHandl: Tracing data is not available [CONTEXT service_id=357 ]
09-18 15:37:48.092  5470  5470 W ComplianceFilepathHandl: Tracing data is not available [CONTEXT service_id=357 ]
09-18 15:37:48.093 17075 17075 E btcoex_cont_config: failed to get seclevel log
09-18 15:37:48.093 17075 17075 E btcoex_cont_config: debug_level is 0x4f4c, build type is user, seclevel log is 
09-18 15:37:48.093 17075 17075 E btcoex_cont_config: disable btcoex contention info
09-18 15:37:48.093 16021 16044 I MediaCodec: setCodecState state(1), called in 6
09-18 15:37:48.093  3459 25873 D TileLifecycleManager: onStopListening
09-18 15:37:48.093  1450  1475 V ResourceManagerHelper-JNI: JNIMediaResourceHelper::notify eventType : 3, ext1 : 0, ext2 : 0
09-18 15:37:48.093  1450  1475 V ResourceManagerHelper-JNI: notify eventType : 3, ext1 : 0, ext2 : 0
09-18 15:37:48.093 20965 20995 V ResourceManagerHelper-JNI: JNIMediaResourceHelper::notify eventType : 3, ext1 : 0, ext2 : 0
09-18 15:37:48.094 20965 20995 V ResourceManagerHelper-JNI: notify eventType : 3, ext1 : 0, ext2 : 0
09-18 15:37:48.094  4825  4825 I SemMediaResourceHelper: onState
09-18 15:37:48.094  1157  1157 D Zygote  : Forked child process 17080
09-18 15:37:48.094  1450  2570 I SemMediaResourceHelper: onState
09-18 15:37:48.094 20965 21002 I SemMediaResourceHelper: onState
09-18 15:37:48.094 20965 21002 I DrmMediaResourceHelper: onStateChanged size = 1
09-18 15:37:48.094 20965 21002 I DrmMediaResourceHelper: resource type: 2,,,isSecured :  falseIsEncoder : truegetCodecState : 1getpid : 16021
09-18 15:37:48.095  1257  1291 I HYPER-HAL: [RequestManager.cpp]releaseLocked(): Released ID : 11720077
09-18 15:37:48.095  1450  1521 I ActivityManager: Start proc 17080:com.samsung.android.oneconnect:BeaconManagerControlService/u0a283 for service {com.samsung.android.oneconnect/com.samsung.android.oneconnect.easysetup.beaconmanager.BeaconManagerControlService}
09-18 15:37:48.096  3459  3554 D Tile.CustomTile: updateState : Label = Quick Share, State = 1, Icon = Icon(typ=RESOURCE pkg=com.samsung.android.app.sharelive id=0x7f08019d)
09-18 15:37:48.096  3459  3554 D TileLifecycleManager: onStopListening
09-18 15:37:48.097  3459  3554 D Tile.CustomTile: updateState : Label = Nearby Share, State = 1, Icon = Icon(typ=RESOURCE pkg=com.google.android.gms id=0x7f0804a2)
09-18 15:37:48.097 16449 16491 I [SCPMSDK][0.9.1000][ScpmDeviceService]: result = 2, rcode = 70000003, rmsg = No Account..
09-18 15:37:48.097 16449 16491 I ActionDispatcher: executeAction : tag = get/has_quickshare_off_history
09-18 15:37:48.098 16494 16506 I ShareLive: [SLog][binder:16494_1][ExternalProvider] query: content://com.samsung.android.sharelive.external/suggestSetting
09-18 15:37:48.098  3459  3554 D Tile.CustomTile: updateState : Label = Nearby Share, State = 1, Icon = Icon(typ=RESOURCE pkg=com.google.android.gms id=0x7f0804a2)
09-18 15:37:48.098 16494 16506 I ShareLive: [SLog][binder:16494_1][SystemSettingUtil] isActivated: true
09-18 15:37:48.100 16449 16491 D [MdeResource]QuickShareOffHistoryChecker: quick share off history : false
09-18 15:37:48.100 16449 16491 I ActionDispatcher: executeAction : tag = flow_control/branch_if
09-18 15:37:48.100 16449 16491 I ActionDispatcher: param.TYPE : STRING
09-18 15:37:48.100 16449 16491 I ActionDispatcher: param.VALUE : 1&&2&&3
09-18 15:37:48.100 16449 16491 I ActionDispatcher: param token : 1
09-18 15:37:48.100 16449 16491 I ActionDispatcher: param token : 2
09-18 15:37:48.100 16449 16491 I ActionDispatcher: param token : 3
09-18 15:37:48.100 16449 16491 I ActionDispatcher: expression.TYPE : LIST{STRING}
09-18 15:37:48.100 16449 16491 D ActionDispatcher: variable : get/is_samsung_account_signed_in, operator : ==, value : true, getter value : false, value type class : class java.lang.Boolean
09-18 15:37:48.100 16449 16491 I ActionDispatcher: executeAction : tag = flow_control/branch_endif
09-18 15:37:48.100 16449 16491 D Engine  : runActionFlow : Auto Hotspot On
09-18 15:37:48.101 16449 16491 I ActionDispatcher: executeAction : tag = get/is_samsung_account_signed_in
09-18 15:37:48.101 16449 16491 I ActionDispatcher: executeAction : tag = get/remote/phone_tablet
09-18 15:37:48.101 16449 16491 D [MdeResource]PhoneTabletCountChecker: My product code : SM-G781BZBDEVR
09-18 15:37:48.101 16449 16491 D [MdeResource]PhoneTabletCountChecker: Device types : [phone, tablet]
09-18 15:37:48.101 16449 16491 I [SCPMSDK][0.9.1000][ScpmDeviceService]: call : Method = getDevices, appId = 7ifb2oyy52
09-18 15:37:48.105 16449 16491 I [SCPMSDK][0.9.1000][ScpmDeviceService]: result = 2, rcode = 70000003, rmsg = No Account..
09-18 15:37:48.105 16449 16491 I [SCPMSDK][0.9.1000][ScpmDeviceService]: no bundles.(null or empty)
09-18 15:37:48.105 16449 16491 D [MdeResource]PhoneTabletCountChecker: ScpmDevices result : 2
09-18 15:37:48.105 16449 16491 E [MdeResource]PhoneTabletCountChecker: error while getting devices. reason: 70000003, No Account..
09-18 15:37:48.105 16449 16491 D [MdeResource]PhoneTabletCountChecker: getValue : 0
09-18 15:37:48.105 16449 16491 I ActionDispatcher: executeAction : tag = get/auto_hotspot_status
09-18 15:37:48.105 16449 16491 D [MdeResource]AutoHotspotStatusChecker: auto hotspot status : false
09-18 15:37:48.105 16449 16491 D [MdeResource]AutoHotspotStatusChecker: Status ID : autohotspot_continuity_status
09-18 15:37:48.105 16449 16491 I [SCPMSDK][0.9.1000][ScpmDeviceService]: call : Method = setStatus, appId = 7ifb2oyy52
09-18 15:37:48.106 17078 17078 I cControlService: Using CollectorTypeCC GC.
09-18 15:37:48.107 17080 17080 I rControlService: Using CollectorTypeCC GC.
09-18 15:37:48.108 17078 17078 E cControlService: Not starting debugger since process cannot load the jdwp agent.
09-18 15:37:48.109 16449 16491 I [SCPMSDK][0.9.1000][ScpmDeviceService]: result = 2, rcode = 70000003, rmsg = No Account..
09-18 15:37:48.109 17080 17080 E rControlService: Not starting debugger since process cannot load the jdwp agent.
09-18 15:37:48.109 16449 16491 I ActionDispatcher: executeAction : tag = get/auto_hotspot_available
09-18 15:37:48.110  1450  1475 I SemWifiApUtils: Getting(DB) AutoHotspot: false
09-18 15:37:48.113  1450  1475 I SemWifiApUtils: ActiveNetwork is Null
09-18 15:37:48.113 17922 17068 I BCMGR[11.0.01.10]: BeaconManager] updateScanCondition - 
09-18 15:37:48.113  1450  1475 I SemWifiApUtils: Is samsung Account logged out: true
09-18 15:37:48.114 17922 17068 I BCMGR[11.0.01.10]: BeaconManager] getScanFilter - filterFlag - 0b1100000
09-18 15:37:48.114  1450  1475 D SemWifiApSmartMHS: Can AutoHotspot switch be made Enabled - , isAutoHotspotSupported : true, isAutoHotspotEnabled : false, isTetheringRestricted : false, isAirplaneModeOn : false, isSimDisabled : false, isNetworkDisconnected : true, isSamsungAccountLoggedOut : true, isNearByDeviceScanningDisabled : false
09-18 15:37:48.114 17922 17068 I BCMGR[11.0.01.10]: BeaconManager] updateScanCondition - no scanlist
09-18 15:37:48.114 17922 17068 I BCMGR[11.0.01.10]: BleScanHelper] stopBleScan - BluetoothAdapter is null or LE is not ON state
09-18 15:37:48.114 16449 16491 I SemWifiApAutoHotspotHelper: setIfAutoHotspotCanBeEnabled() - false
09-18 15:37:48.114 17078 17078 D ActivityThread: setConscryptValidator
09-18 15:37:48.114 17078 17078 D ActivityThread: setConscryptValidator - put
09-18 15:37:48.114 17080 17080 D ActivityThread: setConscryptValidator
09-18 15:37:48.114 17080 17080 D ActivityThread: setConscryptValidator - put
09-18 15:37:48.114 16449 16491 D SemWifiApContentProviderHelper: SemWifiApContentProviderHelper insert:com.android.settings.intelligence,Binder.getCallingUid():10128,hasPermission:true
09-18 15:37:48.117  1450  5802 D CompatibilityChangeReporter: Compat change id reported: 168419799; UID 10082; state: DISABLED
09-18 15:37:48.118  1450  5802 I ActivityManager: DSS OFF for com.samsung.android.easysetup
09-18 15:37:48.119  1450  3684 I SemWifiApContentProvider: updated:content://com.samsung.android.wifi.softap/softapInfo
09-18 15:37:48.119 16449 16491 I SemWifiApContentProviderHelper: key is already present:key_can_auto_hotspot_be_enabled,ret:1
09-18 15:37:48.120 16449 16491 D SemWifiApContentProviderHelper: SemWifiApContentProviderHelper insert:com.android.settings.intelligence,Binder.getCallingUid():10128,hasPermission:true
09-18 15:37:48.121  1341  8058 V APM_AudioPolicyManager: setAppState(portId:77, state:2)
09-18 15:37:48.123 16449 16491 I SemWifiApAutoHotspotHelper: getIfAutoHotspotCanBeEnabled() - Getting: 0
09-18 15:37:48.123 16449 16491 D [MdeResource]AutoHotspotAvailableChecker: getValue : false
09-18 15:37:48.123 16449 16491 I ActionDispatcher: executeAction : tag = flow_control/branch_if
09-18 15:37:48.123  1450  2582 I ActivityManager: DSS OFF for com.samsung.android.oneconnect
09-18 15:37:48.123 16449 16491 I ActionDispatcher: param.TYPE : STRING
09-18 15:37:48.123 16449 16491 I ActionDispatcher: param.VALUE : 1&&2&&3&&4
09-18 15:37:48.123 16449 16491 I ActionDispatcher: param token : 1
09-18 15:37:48.124 16449 16491 I ActionDispatcher: param token : 2
09-18 15:37:48.124 16449 16491 I ActionDispatcher: param token : 3
09-18 15:37:48.124 16449 16491 I ActionDispatcher: param token : 4
09-18 15:37:48.124 16449 16491 I ActionDispatcher: expression.TYPE : LIST{STRING}
09-18 15:37:48.124 16449 16491 D ActionDispatcher: variable : get/is_samsung_account_signed_in, operator : ==, value : true, getter value : false, value type class : class java.lang.Boolean
09-18 15:37:48.124 16449 16491 I ActionDispatcher: executeAction : tag = flow_control/branch_endif
09-18 15:37:48.124 16449 16491 D Engine  : runActionFlow : All Sync/Auto Backup On
09-18 15:37:48.124 16449 16491 I ActionDispatcher: executeAction : tag = get/is_samsung_account_signed_in
09-18 15:37:48.125 16449 16491 I ActionDispatcher: executeAction : tag = get/auto_sync_for_all_items_off
09-18 15:37:48.125 16449 16491 D [MdeResource]AutoSyncForAllItemsOffChecker: Status tag : sync
09-18 15:37:48.125 16449 16491 I [scsettingv2suggestion][2.0.11.0]: getStatusIds
09-18 15:37:48.128  3799  3799 D SecImsManager: isWfcEnabledByPlatform
09-18 15:37:48.129 17078 17078 D CompatibilityChangeReporter: Compat change id reported: 171979766; UID 10082; state: ENABLED
09-18 15:37:48.130  1341  8058 V APM_AudioPolicyManager: setAppState(portId:77, state:2)
09-18 15:37:48.133 17080 17080 D CompatibilityChangeReporter: Compat change id reported: 171979766; UID 10283; state: ENABLED
09-18 15:37:48.134 16617 16630 I [SC]SCloudStatusProvider: tagId: sync, method: get_status_ids, arg: null
09-18 15:37:48.140 16449 16491 D [MdeResource]AutoSyncForAllItemsOffChecker: Status IDs : []
09-18 15:37:48.141 16449 16491 I ActionDispatcher: executeAction : tag = get/auto_backup_for_all_items_off
09-18 15:37:48.141 16449 16491 D [MdeResource]AutoBackupForAllItemsOffChecker: Status tag : backup
09-18 15:37:48.141 16449 16491 I [scsettingv2suggestion][2.0.11.0]: getStatusIds
09-18 15:37:48.142 16617 16630 I [SC]SCloudStatusProvider: tagId: backup, method: get_status_ids, arg: null
09-18 15:37:48.157  2435  2455 D SemNativeCarrierFeature_vendor: getInstance
09-18 15:37:48.165 16617 16630 I [SC]BackupSourceManager: getEnabledList: size: 36, list: [FrontHomeDualClock, APP, FrontHome, CONTACT, WEATHERWIDGET, CALLSETTING, EVENT, clock_widget_setting, BluetoothDeviceList, CALENDARSETTING, Shortcut, DOCUMENT, SBROWSERSETTING, Settings, RCSCHAT, MUSIC, FrontHomeAlarmWidget, TASK, TIMER, bedtime_alarm, clock_settings, CONNECTIONS, HomescreenBackup, CALLLOGS, WorldClock, RINGTONESETTING, SPAM, WifiPreference, CONTACTSETTING, RCSFT, DEXHOME, Alarm, SMS, MessagesSettings, MMS2, call_background]
09-18 15:37:48.166 16449 16491 D [MdeResource]AutoBackupForAllItemsOffChecker: Status IDs : [homescreen_backup_status, apps_backup_status, contacts_backup_status, calendar_backup_status, settings_backup_status, messages_backup_status, clock_backup_status, calllog_backup_status]
09-18 15:37:48.166 16449 16491 I [scsettingv2suggestion][2.0.11.0]: getStatus
09-18 15:37:48.167 16617 16630 I [SC]SCloudStatusProvider: tagId: backup, method: get_status_by_id, arg: null
09-18 15:37:48.167 16617 16630 I [SC]AutoBackup: get backup status homescreen_backup_status : 0
09-18 15:37:48.168 16449 16491 D [MdeResource]AutoBackupForAllItemsOffChecker: status id : homescreen_backup_status, value : 0
09-18 15:37:48.168 16449 16491 I [scsettingv2suggestion][2.0.11.0]: getStatus
09-18 15:37:48.169 16617 16630 I [SC]SCloudStatusProvider: tagId: backup, method: get_status_by_id, arg: null
09-18 15:37:48.169 16617 16630 I [SC]AutoBackup: get backup status apps_backup_status : 0
09-18 15:37:48.170 16449 16491 D [MdeResource]AutoBackupForAllItemsOffChecker: status id : apps_backup_status, value : 0
09-18 15:37:48.170 16449 16491 I [scsettingv2suggestion][2.0.11.0]: getStatus
09-18 15:37:48.170 16617 16630 I [SC]SCloudStatusProvider: tagId: backup, method: get_status_by_id, arg: null
09-18 15:37:48.171 16617 16630 I [SC]AutoBackup: get backup status contacts_backup_status : 0
09-18 15:37:48.171 16449 16491 D [MdeResource]AutoBackupForAllItemsOffChecker: status id : contacts_backup_status, value : 0
09-18 15:37:48.171 16449 16491 I [scsettingv2suggestion][2.0.11.0]: getStatus
09-18 15:37:48.172 16617 16630 I [SC]SCloudStatusProvider: tagId: backup, method: get_status_by_id, arg: null
09-18 15:37:48.172 16617 16630 I [SC]AutoBackup: get backup status calendar_backup_status : 0
09-18 15:37:48.173 16449 16491 D [MdeResource]AutoBackupForAllItemsOffChecker: status id : calendar_backup_status, value : 0
09-18 15:37:48.173 16449 16491 I [scsettingv2suggestion][2.0.11.0]: getStatus
09-18 15:37:48.174 16617 16630 I [SC]SCloudStatusProvider: tagId: backup, method: get_status_by_id, arg: null
09-18 15:37:48.174 16617 16630 I [SC]AutoBackup: get backup status settings_backup_status : 0
09-18 15:37:48.175 16449 16491 D [MdeResource]AutoBackupForAllItemsOffChecker: status id : settings_backup_status, value : 0
09-18 15:37:48.175 16449 16491 I [scsettingv2suggestion][2.0.11.0]: getStatus
09-18 15:37:48.175 16617 16630 I [SC]SCloudStatusProvider: tagId: backup, method: get_status_by_id, arg: null
09-18 15:37:48.175 16617 16630 I [SC]AutoBackup: get backup status messages_backup_status : 0
09-18 15:37:48.176 16449 16491 D [MdeResource]AutoBackupForAllItemsOffChecker: status id : messages_backup_status, value : 0
09-18 15:37:48.176 16449 16491 I [scsettingv2suggestion][2.0.11.0]: getStatus
09-18 15:37:48.177 16617 16630 I [SC]SCloudStatusProvider: tagId: backup, method: get_status_by_id, arg: null
09-18 15:37:48.177 16617 16630 I [SC]AutoBackup: get backup status clock_backup_status : 0
09-18 15:37:48.178 16449 16491 D [MdeResource]AutoBackupForAllItemsOffChecker: status id : clock_backup_status, value : 0
09-18 15:37:48.178 16449 16491 I [scsettingv2suggestion][2.0.11.0]: getStatus
09-18 15:37:48.179 16617 16630 I [SC]SCloudStatusProvider: tagId: backup, method: get_status_by_id, arg: null
09-18 15:37:48.179 16617 16630 I [SC]AutoBackup: get backup status calllog_backup_status : 0
09-18 15:37:48.180 16449 16491 D [MdeResource]AutoBackupForAllItemsOffChecker: status id : calllog_backup_status, value : 0
09-18 15:37:48.180 16449 16491 I ActionDispatcher: executeAction : tag = flow_control/branch_if
09-18 15:37:48.180 16449 16491 I ActionDispatcher: param.TYPE : STRING
09-18 15:37:48.180 16449 16491 I ActionDispatcher: param.VALUE : 1&&2&&3
09-18 15:37:48.181 16449 16491 I ActionDispatcher: param token : 1
09-18 15:37:48.181 16449 16491 I ActionDispatcher: param token : 2
09-18 15:37:48.181 16449 16491 I ActionDispatcher: param token : 3
09-18 15:37:48.181 16449 16491 I ActionDispatcher: expression.TYPE : LIST{STRING}
09-18 15:37:48.181 16449 16491 D ActionDispatcher: variable : get/is_samsung_account_signed_in, operator : ==, value : true, getter value : false, value type class : class java.lang.Boolean
09-18 15:37:48.181 16449 16491 I ActionDispatcher: executeAction : tag = flow_control/branch_endif
09-18 15:37:48.181 16449 16491 D Engine  : runActionFlow : All Sync On
09-18 15:37:48.181 16449 16491 I ActionDispatcher: executeAction : tag = get/is_samsung_account_signed_in
09-18 15:37:48.182 16449 16491 I ActionDispatcher: executeAction : tag = get/auto_sync_for_all_items_off
09-18 15:37:48.182 16449 16491 D [MdeResource]AutoSyncForAllItemsOffChecker: Status tag : sync
09-18 15:37:48.182 16449 16491 I [scsettingv2suggestion][2.0.11.0]: getStatusIds
09-18 15:37:48.182 16617 16630 I [SC]SCloudStatusProvider: tagId: sync, method: get_status_ids, arg: null
09-18 15:37:48.183 16449 16491 D [MdeResource]AutoSyncForAllItemsOffChecker: Status IDs : []
09-18 15:37:48.183 16449 16491 I ActionDispatcher: executeAction : tag = get/auto_backup_for_all_items_off
09-18 15:37:48.183 16449 16491 D [MdeResource]AutoBackupForAllItemsOffChecker: Status tag : backup
09-18 15:37:48.183 16449 16491 I [scsettingv2suggestion][2.0.11.0]: getStatusIds
09-18 15:37:48.183 16617 16630 I [SC]SCloudStatusProvider: tagId: backup, method: get_status_ids, arg: null
09-18 15:37:48.186  1450  5186 I GenerationRegistry: mBackingStore.isClosed() : false
09-18 15:37:48.188 16617 16630 I [SC]BackupSourceManager: getEnabledList: size: 36, list: [FrontHomeDualClock, APP, FrontHome, CONTACT, WEATHERWIDGET, CALLSETTING, EVENT, clock_widget_setting, BluetoothDeviceList, CALENDARSETTING, Shortcut, DOCUMENT, SBROWSERSETTING, Settings, RCSCHAT, MUSIC, FrontHomeAlarmWidget, TASK, TIMER, bedtime_alarm, clock_settings, CONNECTIONS, HomescreenBackup, CALLLOGS, WorldClock, RINGTONESETTING, SPAM, WifiPreference, CONTACTSETTING, RCSFT, DEXHOME, Alarm, SMS, MessagesSettings, MMS2, call_background]
09-18 15:37:48.189 16449 16491 D [MdeResource]AutoBackupForAllItemsOffChecker: Status IDs : [homescreen_backup_status, apps_backup_status, contacts_backup_status, calendar_backup_status, settings_backup_status, messages_backup_status, clock_backup_status, calllog_backup_status]
09-18 15:37:48.189 16449 16491 I [scsettingv2suggestion][2.0.11.0]: getStatus
09-18 15:37:48.190 16617 16630 I [SC]SCloudStatusProvider: tagId: backup, method: get_status_by_id, arg: null
09-18 15:37:48.190 16617 16630 I [SC]AutoBackup: get backup status homescreen_backup_status : 0
09-18 15:37:48.191 16449 16491 D [MdeResource]AutoBackupForAllItemsOffChecker: status id : homescreen_backup_status, value : 0
09-18 15:37:48.191 16449 16491 I [scsettingv2suggestion][2.0.11.0]: getStatus
09-18 15:37:48.192 16617 16630 I [SC]SCloudStatusProvider: tagId: backup, method: get_status_by_id, arg: null
09-18 15:37:48.192 16617 16630 I [SC]AutoBackup: get backup status apps_backup_status : 0
09-18 15:37:48.193 16449 16491 D [MdeResource]AutoBackupForAllItemsOffChecker: status id : apps_backup_status, value : 0
09-18 15:37:48.193 16449 16491 I [scsettingv2suggestion][2.0.11.0]: getStatus
09-18 15:37:48.193 16617 16630 I [SC]SCloudStatusProvider: tagId: backup, method: get_status_by_id, arg: null
09-18 15:37:48.194 16617 16630 I [SC]AutoBackup: get backup status contacts_backup_status : 0
09-18 15:37:48.194 16449 16491 D [MdeResource]AutoBackupForAllItemsOffChecker: status id : contacts_backup_status, value : 0
09-18 15:37:48.194 16449 16491 I [scsettingv2suggestion][2.0.11.0]: getStatus
09-18 15:37:48.194  3799  3799 D SecImsManager: isWfcEnabledByPlatform
09-18 15:37:48.195 16617 16630 I [SC]SCloudStatusProvider: tagId: backup, method: get_status_by_id, arg: null
09-18 15:37:48.195 16617 16630 I [SC]AutoBackup: get backup status calendar_backup_status : 0
09-18 15:37:48.197 16449 16491 D [MdeResource]AutoBackupForAllItemsOffChecker: status id : calendar_backup_status, value : 0
09-18 15:37:48.197 16449 16491 I [scsettingv2suggestion][2.0.11.0]: getStatus
09-18 15:37:48.198 16617 16630 I [SC]SCloudStatusProvider: tagId: backup, method: get_status_by_id, arg: null
09-18 15:37:48.198 16617 16630 I [SC]AutoBackup: get backup status settings_backup_status : 0
09-18 15:37:48.199 16449 16491 D [MdeResource]AutoBackupForAllItemsOffChecker: status id : settings_backup_status, value : 0
09-18 15:37:48.199 16449 16491 I [scsettingv2suggestion][2.0.11.0]: getStatus
09-18 15:37:48.199 16617 16630 I [SC]SCloudStatusProvider: tagId: backup, method: get_status_by_id, arg: null
09-18 15:37:48.200 16617 16630 I [SC]AutoBackup: get backup status messages_backup_status : 0
09-18 15:37:48.200 16449 16491 D [MdeResource]AutoBackupForAllItemsOffChecker: status id : messages_backup_status, value : 0
09-18 15:37:48.200 16449 16491 I [scsettingv2suggestion][2.0.11.0]: getStatus
09-18 15:37:48.201 16617 16630 I [SC]SCloudStatusProvider: tagId: backup, method: get_status_by_id, arg: null
09-18 15:37:48.201 16617 16630 I [SC]AutoBackup: get backup status clock_backup_status : 0
09-18 15:37:48.202 16449 16491 D [MdeResource]AutoBackupForAllItemsOffChecker: status id : clock_backup_status, value : 0
09-18 15:37:48.202 16449 16491 I [scsettingv2suggestion][2.0.11.0]: getStatus
09-18 15:37:48.203  2435  2455 D SemNativeCarrierFeature_vendor: getInstance
09-18 15:37:48.203 16617 16630 I [SC]SCloudStatusProvider: tagId: backup, method: get_status_by_id, arg: null
09-18 15:37:48.203 16617 16630 I [SC]AutoBackup: get backup status calllog_backup_status : 0
09-18 15:37:48.205 16449 16491 D [MdeResource]AutoBackupForAllItemsOffChecker: status id : calllog_backup_status, value : 0
09-18 15:37:48.206 16449 16491 I ActionDispatcher: executeAction : tag = flow_control/branch_if
09-18 15:37:48.206 16449 16491 I ActionDispatcher: param.TYPE : STRING
09-18 15:37:48.206 16449 16491 I ActionDispatcher: param.VALUE : 1&&2&&3
09-18 15:37:48.206 16449 16491 I ActionDispatcher: param token : 1
09-18 15:37:48.206 16449 16491 I ActionDispatcher: param token : 2
09-18 15:37:48.206 16449 16491 I ActionDispatcher: param token : 3
09-18 15:37:48.206 16449 16491 I ActionDispatcher: expression.TYPE : LIST{STRING}
09-18 15:37:48.206 16449 16491 D ActionDispatcher: variable : get/is_samsung_account_signed_in, operator : ==, value : true, getter value : false, value type class : class java.lang.Boolean
09-18 15:37:48.206 16449 16491 I ActionDispatcher: executeAction : tag = flow_control/branch_endif
09-18 15:37:48.206 16449 16491 D Engine  : runActionFlow : Auto Backup on
09-18 15:37:48.207 16449 16491 I ActionDispatcher: executeAction : tag = get/is_samsung_account_signed_in
09-18 15:37:48.207 16449 16491 I ActionDispatcher: executeAction : tag = get/auto_sync_for_all_items_off
09-18 15:37:48.207 16449 16491 D [MdeResource]AutoSyncForAllItemsOffChecker: Status tag : sync
09-18 15:37:48.208 16449 16491 I [scsettingv2suggestion][2.0.11.0]: getStatusIds
09-18 15:37:48.209 16617 16630 I [SC]SCloudStatusProvider: tagId: sync, method: get_status_ids, arg: null
09-18 15:37:48.209 16449 16491 D [MdeResource]AutoSyncForAllItemsOffChecker: Status IDs : []
09-18 15:37:48.210 16449 16491 I ActionDispatcher: executeAction : tag = get/auto_backup_for_all_items_off
09-18 15:37:48.210 16449 16491 D [MdeResource]AutoBackupForAllItemsOffChecker: Status tag : backup
09-18 15:37:48.210 16449 16491 I [scsettingv2suggestion][2.0.11.0]: getStatusIds
09-18 15:37:48.210 16617 16630 I [SC]SCloudStatusProvider: tagId: backup, method: get_status_ids, arg: null
09-18 15:37:48.214  1341  8058 V APM_AudioPolicyManager: setAppState(portId:77, state:2)
09-18 15:37:48.215  2435  2463 D SemNativeCarrierFeature_vendor: getInstance
09-18 15:37:48.217 16617 16630 I [SC]BackupSourceManager: getEnabledList: size: 36, list: [FrontHomeDualClock, APP, FrontHome, CONTACT, WEATHERWIDGET, CALLSETTING, EVENT, clock_widget_setting, BluetoothDeviceList, CALENDARSETTING, Shortcut, DOCUMENT, SBROWSERSETTING, Settings, RCSCHAT, MUSIC, FrontHomeAlarmWidget, TASK, TIMER, bedtime_alarm, clock_settings, CONNECTIONS, HomescreenBackup, CALLLOGS, WorldClock, RINGTONESETTING, SPAM, WifiPreference, CONTACTSETTING, RCSFT, DEXHOME, Alarm, SMS, MessagesSettings, MMS2, call_background]
09-18 15:37:48.218 16449 16491 D [MdeResource]AutoBackupForAllItemsOffChecker: Status IDs : [homescreen_backup_status, apps_backup_status, contacts_backup_status, calendar_backup_status, settings_backup_status, messages_backup_status, clock_backup_status, calllog_backup_status]
09-18 15:37:48.218 16449 16491 I [scsettingv2suggestion][2.0.11.0]: getStatus
09-18 15:37:48.219 16617 16630 I [SC]SCloudStatusProvider: tagId: backup, method: get_status_by_id, arg: null
09-18 15:37:48.219 16617 16630 I [SC]AutoBackup: get backup status homescreen_backup_status : 0
09-18 15:37:48.220 16449 16491 D [MdeResource]AutoBackupForAllItemsOffChecker: status id : homescreen_backup_status, value : 0
09-18 15:37:48.220 16449 16491 I [scsettingv2suggestion][2.0.11.0]: getStatus
09-18 15:37:48.221 16617 16630 I [SC]SCloudStatusProvider: tagId: backup, method: get_status_by_id, arg: null
09-18 15:37:48.221 16617 16630 I [SC]AutoBackup: get backup status apps_backup_status : 0
09-18 15:37:48.222 16449 16491 D [MdeResource]AutoBackupForAllItemsOffChecker: status id : apps_backup_status, value : 0
09-18 15:37:48.222 16449 16491 I [scsettingv2suggestion][2.0.11.0]: getStatus
09-18 15:37:48.222 18621 18621 I ORC/CbReceiver: onReceive : action = com.samsung.provider.Telephony.CB_SETTINGS_AVAILABLE
09-18 15:37:48.223 16617 16630 I [SC]SCloudStatusProvider: tagId: backup, method: get_status_by_id, arg: null
09-18 15:37:48.223 16617 16630 I [SC]AutoBackup: get backup status contacts_backup_status : 0
09-18 15:37:48.223 16449 16491 D [MdeResource]AutoBackupForAllItemsOffChecker: status id : contacts_backup_status, value : 0
09-18 15:37:48.223 16449 16491 I [scsettingv2suggestion][2.0.11.0]: getStatus
09-18 15:37:48.224 16617 16630 I [SC]SCloudStatusProvider: tagId: backup, method: get_status_by_id, arg: null
09-18 15:37:48.224  1341  8058 V APM_AudioPolicyManager: setAppState(portId:77, state:2)
09-18 15:37:48.224 16617 16630 I [SC]AutoBackup: get backup status calendar_backup_status : 0
09-18 15:37:48.225 16449 16491 D [MdeResource]AutoBackupForAllItemsOffChecker: status id : calendar_backup_status, value : 0
09-18 15:37:48.225 16449 16491 I [scsettingv2suggestion][2.0.11.0]: getStatus
09-18 15:37:48.225 16617 16630 I [SC]SCloudStatusProvider: tagId: backup, method: get_status_by_id, arg: null
09-18 15:37:48.226 16617 16630 I [SC]AutoBackup: get backup status settings_backup_status : 0
09-18 15:37:48.226 16449 16491 D [MdeResource]AutoBackupForAllItemsOffChecker: status id : settings_backup_status, value : 0
09-18 15:37:48.226 16449 16491 I [scsettingv2suggestion][2.0.11.0]: getStatus
09-18 15:37:48.227 16617 16630 I [SC]SCloudStatusProvider: tagId: backup, method: get_status_by_id, arg: null
09-18 15:37:48.227 16617 16630 I [SC]AutoBackup: get backup status messages_backup_status : 0
09-18 15:37:48.228 16449 16491 D [MdeResource]AutoBackupForAllItemsOffChecker: status id : messages_backup_status, value : 0
09-18 15:37:48.228 16449 16491 I [scsettingv2suggestion][2.0.11.0]: getStatus
09-18 15:37:48.228 16617 16630 I [SC]SCloudStatusProvider: tagId: backup, method: get_status_by_id, arg: null
09-18 15:37:48.228 16617 16630 I [SC]AutoBackup: get backup status clock_backup_status : 0
09-18 15:37:48.229 16449 16491 D [MdeResource]AutoBackupForAllItemsOffChecker: status id : clock_backup_status, value : 0
09-18 15:37:48.229 16449 16491 I [scsettingv2suggestion][2.0.11.0]: getStatus
09-18 15:37:48.229 16617 16630 I [SC]SCloudStatusProvider: tagId: backup, method: get_status_by_id, arg: null
09-18 15:37:48.229 16617 16630 I [SC]AutoBackup: get backup status calllog_backup_status : 0
09-18 15:37:48.230 16449 16491 D [MdeResource]AutoBackupForAllItemsOffChecker: status id : calllog_backup_status, value : 0
09-18 15:37:48.231 16449 16491 I ActionDispatcher: executeAction : tag = flow_control/branch_if
09-18 15:37:48.231 18621 17115 I ORC/PermissionUtil: hasReceiveSmsPermission : state = 0
09-18 15:37:48.231 18621 17115 I ORC/CbEventReceiverService: handleCbAvailable(intent)
09-18 15:37:48.231 16449 16491 I ActionDispatcher: param.TYPE : STRING
09-18 15:37:48.231 16449 16491 I ActionDispatcher: param.VALUE : 1&&2&&3
09-18 15:37:48.231 18621 17115 I ORC/CbEventReceiverService: handleCbAvailable : simSlot = 0
09-18 15:37:48.231 16449 16491 I ActionDispatcher: param token : 1
09-18 15:37:48.231 16449 16491 I ActionDispatcher: param token : 2
09-18 15:37:48.231 16449 16491 I ActionDispatcher: param token : 3
09-18 15:37:48.231 16449 16491 I ActionDispatcher: expression.TYPE : LIST{STRING}
09-18 15:37:48.231 16449 16491 D ActionDispatcher: variable : get/is_samsung_account_signed_in, operator : ==, value : true, getter value : false, value type class : class java.lang.Boolean
09-18 15:37:48.231 16449 16491 I ActionDispatcher: executeAction : tag = flow_control/branch_endif
09-18 15:37:48.231 16449 16491 D Engine  : runActionFlow : Gallery OneDrive Connect
09-18 15:37:48.231 16449 16491 I ActionDispatcher: executeAction : tag = get/is_samsung_account_signed_in
09-18 15:37:48.232 16449 16491 I ActionDispatcher: executeAction : tag = get/onedrive_link_status
09-18 15:37:48.232 16449 16491 D [MdeResource]OnedriveLinkStatusChecker: Status Id : onedrive_link_status
09-18 15:37:48.232 16449 16491 I [scsettingv2suggestion][2.0.11.0]: getStatus
09-18 15:37:48.233 16617 16630 I [SC]SCloudStatusProvider: tagId: link, method: get_status_by_id, arg: null
09-18 15:37:48.234 18621 17115 I ORC/CbEventReceiverService: handleCbAvailable : cb config exist
09-18 15:37:48.234 16617 16630 I [SC]LinkStatusQueryResolver: getOneDriveLinkStatus: -1
09-18 15:37:48.235 17080 17080 I [+0100]oneconnect[1.8.17.22_01][BEACON_MANAGER_CONTROL_SERVICE]: QcApplication.onCreate - ************** CREATE *************
09-18 15:37:48.235 16449 16491 D [MdeResource]OnedriveLinkStatusChecker: Status result : -1
09-18 15:37:48.235 16449 16491 I ActionDispatcher: executeAction : tag = flow_control/branch_if
09-18 15:37:48.235 16449 16491 I ActionDispatcher: param.TYPE : STRING
09-18 15:37:48.235 16449 16491 I ActionDispatcher: param.VALUE : 1&&2
09-18 15:37:48.235 16449 16491 I ActionDispatcher: param token : 1
09-18 15:37:48.235 16449 16491 I ActionDispatcher: param token : 2
09-18 15:37:48.235 16449 16491 I ActionDispatcher: expression.TYPE : LIST{STRING}
09-18 15:37:48.235 16449 16491 D ActionDispatcher: variable : get/is_samsung_account_signed_in, operator : ==, value : true, getter value : false, value type class : class java.lang.Boolean
09-18 15:37:48.235 16449 16491 I ActionDispatcher: executeAction : tag = flow_control/branch_endif
09-18 15:37:48.235 16449 16491 D Engine  : runActionFlow : Wifi Sync On
09-18 15:37:48.236 16449 16491 I ActionDispatcher: executeAction : tag = get/is_samsung_account_signed_in
09-18 15:37:48.236 17080 17080 I [+0100]oneconnect[1.8.17.22_01][BEACON_MANAGER_CONTROL_SERVICE]: QcApplication.onCreate - processConfig: BEACON_MANAGER_CONTROL_SERVICE
09-18 15:37:48.236 16449 16491 I ActionDispatcher: executeAction : tag = get/wifi_sync_status
09-18 15:37:48.237 16449 16491 D [MdeResource]WiFiSyncStatusChecker: Status Id : wifi_sync_status
09-18 15:37:48.237 16449 16491 I [scsettingv2suggestion][2.0.11.0]: getStatus
09-18 15:37:48.237 16617 16630 I [SC]SCloudStatusProvider: tagId: sync, method: get_status_by_id, arg: null
09-18 15:37:48.238 16617 16630 I [SC]SyncSettingManager: getCategory: com.android.settings.wifiprofilesync
09-18 15:37:48.238 17080 17080 I [+0100]oneconnect[1.8.17.22_01][BEACON_MANAGER_CONTROL_SERVICE]: SystemInfo.hasSepFeature - true
09-18 15:37:48.238 17080 17080 I [+0100]oneconnect[1.8.17.22_01][BEACON_MANAGER_CONTROL_SERVICE]: SystemInfo.isSemAvailable : - ? true ,Version: 3301
09-18 15:37:48.240 18621 17115 I PROV/MsgContentProviderQuery: query, uriMatch : 2301, Elapsed time : 0.19349 ms
09-18 15:37:48.243 17080 17080 I SamsungAnalyticsLogger: initialize
09-18 15:37:48.245 16449 16491 D [MdeResource]WiFiSyncStatusChecker: Status result : -1
09-18 15:37:48.245 16449 16491 I ActionDispatcher: executeAction : tag = get/is_possible_wifi_sync
09-18 15:37:48.246 16449 16491 I ActionDispatcher: executeAction : tag = flow_control/branch_if
09-18 15:37:48.246 16449 16491 I ActionDispatcher: param.TYPE : STRING
09-18 15:37:48.246 16449 16491 I ActionDispatcher: param.VALUE : 1&&2&&3
09-18 15:37:48.246 16449 16491 I ActionDispatcher: param token : 1
09-18 15:37:48.246 16449 16491 I ActionDispatcher: param token : 2
09-18 15:37:48.246 16449 16491 I ActionDispatcher: param token : 3
09-18 15:37:48.246 16449 16491 I ActionDispatcher: expression.TYPE : LIST{STRING}
09-18 15:37:48.246 16449 16491 D ActionDispatcher: variable : get/is_samsung_account_signed_in, operator : ==, value : true, getter value : false, value type class : class java.lang.Boolean
09-18 15:37:48.246 16449 16491 I ActionDispatcher: executeAction : tag = flow_control/branch_endif
09-18 15:37:48.246 16449 16491 D Engine  : runActionFlow : Offline Finding On
09-18 15:37:48.246 16449 16491 I ActionDispatcher: executeAction : tag = get/is_samsung_account_signed_in
09-18 15:37:48.246  1450  5802 V SemWifiService: setEasySetupScanSettings for com.samsung.android.oneconnect
09-18 15:37:48.247  1450  5802 I SemWifiEasySetupManager: setEasySetupScanSettings package : com.samsung.android.oneconnect, mIsEnabled : true
09-18 15:37:48.247 17080 17080 I [+0100]oneconnect[1.8.17.22_01][BEACON_MANAGER_CONTROL_SERVICE]: ExternalOnboardingUtil.enableWiFiHomeScanAndWiFiSettingsOnboarding - rssi Threshold:-55, supportSsidFormats: ^.+(_E1){1}\p{Alnum}{7}.*,^.+(_E2){1}[0123]{1}\p{Alnum}{7}.*,^.+(_E3){1}\p{Alnum}{7}.*,^.+(_E4){1}\p{Alnum}{7}.*,^.+(_E5){1}\p{Alnum}{7}.*,\[floor a/c\] Samsung,\[room a/c\] Samsung,\[system a/c\] Samsung,\[air purifier\] Samsung,\[cooktop\] Samsung \(LCD\),\[cooktop\] Samsung \(Gas\),\[cooktop\] Samsung,\[cooktop\] Dacor \(Gas\),\[dishwasher\] Samsung,\[dishwasher\] Dacor,\[dryer\] Samsung \(LCD\),\[dryer\] Samsung,\[airdresser\] Samsung,\[oven\] Samsung \(LCD\),\[oven\] Samsung,\[oven\] Dacor \(LCD\),\[range\] Samsung \(LCD\),\[range\] Samsung,\[range\] Dacor \(LCD\),\[refrigerator\] Samsung \(LCD\),\[refrigerator\] Samsung,\[refrigerator\] Dacor,\[kimchiref\] Samsung,\[kimchiref\] Dacor,\[robot vacuum\] Samsung,\[washer\] Samsung \(LCD\),\[washer\] Samsung,\[winecellar\] Dacor,\[Floor A/C\] Samsung,\[Room A/C\] Samsung,\[System A/C\] Samsung,\[Air Purifier\] Samsung,\[Cooktop\] Samsung,\[Cooktop\] Samsung,\[Cooktop\] Samsung,\[Cooktop\] Dacor,\[Cooktop\] Dacor,\[Dish Washer\] Samsung,\[Dish Washer\] Dacor,\[Dryer\] Samsung,\[Dryer\] Samsung,\[Oven\] Samsung,\[Oven\] Samsung,\[Oven\] Dacor,\[Range\] Samsung,\[Range\] Dacor,\[Refrigerator\] Samsung,\[Refrigerator\] Samsung,\[Refrigerator\] Dacor,\[KimchiRef\] Samsung,\[KimchiRef\] Dacor,\[Robot Vacuum\] Samsung,\[Washer\] Samsung,\[Washer\] Samsung
09-18 15:37:48.247 16449 16491 I ActionDispatcher: executeAction : tag = get/offline_finding_status
09-18 15:37:48.248 16449 16491 D [MdeResource]OfflineFindingStatusChecker: offline finding status : false
09-18 15:37:48.248 16449 16491 D [MdeResource]OfflineFindingStatusChecker: Status ID : offline_finding_status
09-18 15:37:48.248 16449 16491 I [SCPMSDK][0.9.1000][ScpmDeviceService]: call : Method = setStatus, appId = 7ifb2oyy52
09-18 15:37:48.248 17078 17078 I IC_a[1.2.93]: initialize() - Skip configuration: false, false
09-18 15:37:48.251  2435  2463 D SemNativeCarrierFeature_vendor: getInstance
09-18 15:37:48.254 16449 16491 I [SCPMSDK][0.9.1000][ScpmDeviceService]: result = 2, rcode = 70000003, rmsg = No Account..
09-18 15:37:48.254 16449 16491 I ActionDispatcher: executeAction : tag = get/is_china_model
09-18 15:37:48.254  1341  8058 V APM_AudioPolicyManager: setAppState(portId:77, state:2)
09-18 15:37:48.255 16449 16491 I ActionDispatcher: executeAction : tag = flow_control/branch_if
09-18 15:37:48.255 16449 16491 I ActionDispatcher: param.TYPE : STRING
09-18 15:37:48.255 16449 16491 I ActionDispatcher: param.VALUE : 1&&2&&3
09-18 15:37:48.255 16449 16491 I ActionDispatcher: param token : 1
09-18 15:37:48.255 16449 16491 I ActionDispatcher: param token : 2
09-18 15:37:48.255 16449 16491 I ActionDispatcher: param token : 3
09-18 15:37:48.255 16449 16491 I ActionDispatcher: expression.TYPE : LIST{STRING}
09-18 15:37:48.256 16449 16491 D ActionDispatcher: variable : get/is_samsung_account_signed_in, operator : ==, value : true, getter value : false, value type class : class java.lang.Boolean
09-18 15:37:48.256 16449 16491 I ActionDispatcher: executeAction : tag = flow_control/branch_endif
09-18 15:37:48.256 16449 16491 D Utils   : getIdListFromLocalStorage : 
09-18 15:37:48.256  1450  5802 I GenerationRegistry: mBackingStore.isClosed() : false
09-18 15:37:48.256  2435  2455 D SemNativeCarrierFeature_vendor: getInstance
09-18 15:37:48.256 16449 16491 D Utils   : getIdListFromLocalStorage : 
09-18 15:37:48.256 18621 18663 I ORC/Setting: isCBMessageEnable = false
09-18 15:37:48.257 18621 18663 I ORC/ChannelUtils: setCbSettings - simSlot = 0, bCbActivation : false
09-18 15:37:48.257 16449 16491 D ActionExecutionHandler: handleMessage : MSG_FINISH
09-18 15:37:48.258  1450  5186 D CompatibilityChangeReporter: Compat change id reported: 161145287; UID 10283; state: DISABLED
09-18 15:37:48.260 18621 18663 I ORC/ChannelUtils: resetAllCbChannelRange : isEnabled = false, simSlot = 0
09-18 15:37:48.260 18621 18663 I ORC/ChannelUtils: setCbSettings : End.
09-18 15:37:48.263 17080 17117 I [+0100]oneconnect[1.8.17.22_01][BEACON_MANAGER_CONTROL_SERVICE]: UserProfileRepositoryCache.init - 
09-18 15:37:48.274 17080 17080 I [+0100]oneconnect[1.8.17.22_01][BEACON_MANAGER_CONTROL_SERVICE]: AppInitializerHelper.initialize - 
09-18 15:37:48.274 17080 17129 I [+0100]oneconnect[1.8.17.22_01][BEACON_MANAGER_CONTROL_SERVICE]: PrivacyPolicyAgreementManager.recomputeStatus - isPpAgreed : false
09-18 15:37:48.274 17080 17080 E [+0100]oneconnect[1.8.17.22_01][BEACON_MANAGER_CONTROL_SERVICE]: AppInitializerHelper.buildInitializers - Unhandled process type. type=BEACON_MANAGER_CONTROL_SERVICE
09-18 15:37:48.275 17080 17080 I [+0100]oneconnect[1.8.17.22_01][BEACON_MANAGER_CONTROL_SERVICE]: AppUiModeInitializer.initialize - 
09-18 15:37:48.275 17080 17080 I [+0100]oneconnect[1.8.17.22_01][BEACON_MANAGER_CONTROL_SERVICE]: ScreenModeManager.initialize - 
09-18 15:37:48.275 17080 17129 I [+0100]oneconnect[1.8.17.22_01][BEACON_MANAGER_CONTROL_SERVICE]: LaunchDarklyManager.getUser - User - ($)
09-18 15:37:48.275 17080 17132 I [+0100]oneconnect[1.8.17.22_01][BEACON_MANAGER_CONTROL_SERVICE]: ServerDebugModePreference.getIotServerPos - 2
09-18 15:37:48.277  2435  2455 D SemNativeCarrierFeature_vendor: getInstance
09-18 15:37:48.279 17080 17080 I [+0100]oneconnect[1.8.17.22_01][BEACON_MANAGER_CONTROL_SERVICE]: WidgetInitializeHelper.initialize - 
09-18 15:37:48.279 17080 17080 I [+0100]oneconnect[1.8.17.22_01][BEACON_MANAGER_CONTROL_SERVICE]: WidgetInitializeHelper.disableWidgetComponent - OneUI is lower than 6.1.1. Disable package
09-18 15:37:48.280  1450  2582 D PackageManager: setEnabledSetting : userId = 0 packageName = com.samsung.android.oneconnect cmp = com.samsung.android.oneconnect.ui.widget.providers.MultiControlWidgetProvider newState = 2 callingPackage = 10283/com.samsung.android.oneconnect
09-18 15:37:48.281  2435  2463 D SemNativeCarrierFeature_vendor: getInstance
09-18 15:37:48.282 17080 17129 I [+0100]oneconnect[1.8.17.22_01][BEACON_MANAGER_CONTROL_SERVICE]: LaunchDarklyManager.prepareInternal - Initialize LD - ($)
09-18 15:37:48.283 17080 17080 I [+0100]oneconnect[1.8.17.22_01][BEACON_MANAGER_CONTROL_SERVICE]: QcApplication.onCreate - ***********************************
09-18 15:37:48.285 17080 17132 I [+0100]oneconnect[1.8.17.22_01][BEACON_MANAGER_CONTROL_SERVICE]: ServerDebugModePreference.getMetaServerPos - 1
09-18 15:37:48.285 17080 17132 I [+0100]oneconnect[1.8.17.22_01][BEACON_MANAGER_CONTROL_SERVICE]: ServerDebugModePreference.getPluginServerPos - 1
09-18 15:37:48.285 17080 17132 I [+0100]oneconnect[1.8.17.22_01][BEACON_MANAGER_CONTROL_SERVICE]: ServerDebugModePreference.getCatalogServerPos - 2
09-18 15:37:48.285  1450  5802 D PackageManager: setEnabledSetting : userId = 0 packageName = com.samsung.android.oneconnect cmp = androidx.work.impl.background.systemjob.SystemJobService newState = 1 callingPackage = 10283/com.samsung.android.oneconnect
09-18 15:37:48.286  1450  5802 D ApplicationPolicy: getApplicationStateEnabled : pkg = com.samsung.android.oneconnect userId : 0
09-18 15:37:48.286  1450  5802 D ApplicationPolicy: getApplicationComponentState : pkg = com.samsung.android.oneconnect userId : 0
09-18 15:37:48.286 17080 17080 I [+0100]oneconnect[1.8.17.22_01][BEACON_MANAGER_CONTROL_SERVICE]: BeaconManagerControlService.onCreate - 
09-18 15:37:48.286 17080 17128 I [+0100]oneconnect[1.8.17.22_01][BEACON_MANAGER_CONTROL_SERVICE]: Auth@AuthTokenAllowedManager.isAllowed - chinaNalSecurity: true, ppAgree: false
09-18 15:37:48.287  2435  2455 D SemNativeCarrierFeature_vendor: getInstance
09-18 15:37:48.287 17080 17117 I [+0100]oneconnect[1.8.17.22_01][BEACON_MANAGER_CONTROL_SERVICE]: PrivacyPolicyRepository.isPpAgreed - ppAgreed=false
09-18 15:37:48.288 17080 17117 E [+0100]oneconnect[1.8.17.22_01][BEACON_MANAGER_CONTROL_SERVICE]: SA-oneconnect.canEnableSALog - PP is not agreed, Skip logging
09-18 15:37:48.289 17080 17080 I [+0100]oneconnect[1.8.17.22_01][BEACON_MANAGER_CONTROL_SERVICE]: ProcessUtil.setProcessForeground - [myPid]17080isForeground:true
09-18 15:37:48.290 17080 17080 I [+0100]oneconnect[1.8.17.22_01][BEACON_MANAGER_CONTROL_SERVICE]: QcSupportUtil.isQcSupportedMode - user: 0
09-18 15:37:48.292  2435  2455 D SemNativeCarrierFeature_vendor: getInstance
09-18 15:37:48.293 17080 17132 I [+0100]oneconnect[1.8.17.22_01][BEACON_MANAGER_CONTROL_SERVICE]: AppInitializerHelper.serverInfo - IsTestMode=false Iot=PROD Meta=PROD Catalog=PROD Plugin=PROD SmartKit=PRODUCTION Country=0
09-18 15:37:48.294 17078 17078 I EasySetup: EasyConnectUtil.onCreate - created!!
09-18 15:37:48.294 17080 17129 I [+0100]oneconnect[1.8.17.22_01][BEACON_MANAGER_CONTROL_SERVICE]: LaunchDarklySDK.log - Creating LaunchDarkly client. Version: 4.2.3
09-18 15:37:48.295 17080 17080 I [+0100]oneconnect[1.8.17.22_01][BEACON_MANAGER_CONTROL_SERVICE]: SepBleHelper.getPassiveScanFilter() - 
09-18 15:37:48.297 17080 17141 I [+0100]oneconnect[1.8.17.22_01][BEACON_MANAGER_CONTROL_SERVICE]: Auth@RestClientAccessTokenManager.initialize - Set Access Token Null
09-18 15:37:48.297 17080 17080 I [+0100]oneconnect[1.8.17.22_01][BEACON_MANAGER_CONTROL_SERVICE]: SepBleHelper.getPassiveScanFilter() - 
09-18 15:37:48.297 17080 17080 E [+0100]oneconnect[1.8.17.22_01][BEACON_MANAGER_CONTROL_SERVICE]: SepBleHelper.getPassiveScanFilter() -  - error: java.lang.reflect.InvocationTargetException
09-18 15:37:48.299 17080 17080 I [+0100]oneconnect[1.8.17.22_01][BEACON_MANAGER_CONTROL_SERVICE]: AppPackageUtil.isAppInstalled - Installed - com.samsung.android.mateagent
09-18 15:37:48.299 17080 17080 I [+0100]oneconnect[1.8.17.22_01][BEACON_MANAGER_CONTROL_SERVICE]: AppFilter.needScanForFriends - true
09-18 15:37:48.299 17080 17080 I [+0100]oneconnect[1.8.17.22_01][BEACON_MANAGER_CONTROL_SERVICE]: BeaconManagerFilter.addSamsungFriendsFilter - 
09-18 15:37:48.299  2435  2455 D SemNativeCarrierFeature_vendor: getInstance
09-18 15:37:48.299 17080 17080 I [+0100]oneconnect[1.8.17.22_01][BEACON_MANAGER_CONTROL_SERVICE]: AppPackageUtil.isAppInstalled - Installed - com.sec.android.easyMover.Agent
09-18 15:37:48.299 17080 17080 I [+0100]oneconnect[1.8.17.22_01][BEACON_MANAGER_CONTROL_SERVICE]: AppFilter.needScanForSmartSwitch - true
09-18 15:37:48.299 17080 17080 I [+0100]oneconnect[1.8.17.22_01][BEACON_MANAGER_CONTROL_SERVICE]: BeaconManagerFilter.addSmartSwitchFilter - 
09-18 15:37:48.303 17080 17128 I [+0100]oneconnect[1.8.17.22_01][BEACON_MANAGER_CONTROL_SERVICE]: DnsConfigHelper.updatePreferenceValues - server env=PRODUCTION, region=DEFAULT
09-18 15:37:48.304 17080 17141 I [+0100]oneconnect[1.8.17.22_01][BEACON_MANAGER_CONTROL_SERVICE]: Auth@AuthTokenAllowedManager.isAllowed - chinaNalSecurity: true, ppAgree: false
09-18 15:37:48.308 17080 17140 I SQLiteConnection: /data/user/0/com.samsung.android.oneconnect/no_backup/androidx.work.workdb-wal 1048576 bytes: Bigger than 1048576; truncating
09-18 15:37:48.308  1450  2582 D CompatibilityChangeReporter: Compat change id reported: 319212206; UID 10283; state: DISABLED
09-18 15:37:48.308 17078 17078 I DIAGMON_SDK[605059]: DiagMonAgent type: 2
09-18 15:37:48.309 17078 17078 I DIAGMON_SDK[605059][476-399-579853] : generated SR object
09-18 15:37:48.311  1450  3297 D ConnectivityService: Rematched networks [computed 0ms] [applied 0ms] [issued 1]
09-18 15:37:48.311 17078 17078 I EasySetup[11.1.12.14] : IcControlService.onCreate - 
09-18 15:37:48.312 17078 17078 I EasySetup[11.1.12.14] : Util.isOwnerCurrentMode - user: 0
09-18 15:37:48.313 17080 17127 I [+0100]oneconnect[1.8.17.22_01][BEACON_MANAGER_CONTROL_SERVICE]: Auth@AuthTokenAllowedManager.isAllowed - chinaNalSecurity: true, ppAgree: false
09-18 15:37:48.311  1450  3297 D ConnectivityService: NetworkReassignment : no changes
09-18 15:37:48.314  1450  5186 D CompatibilityChangeReporter: Compat change id reported: 161145287; UID 10082; state: DISABLED
09-18 15:37:48.314 17078 17078 I EasySetup[11.1.12.14] : IcControlService.onBind - 
09-18 15:37:48.316 17922 17922 I BCMGR[11.0.01.10]ContentValues: onServiceConnected - BeaconManagerControlService connected Intent { cmp=com.samsung.android.easysetup/.icmanager.IcControlService }
09-18 15:37:48.316  1450  3297 D ConnectivityService: Rematched networks [computed 0ms] [applied 0ms] [issued 2]
09-18 15:37:48.316  1450  3297 D ConnectivityService: NetworkReassignment : no changes
09-18 15:37:48.316 17078 17109 W EasySetup[11.1.12.14] : IcControlService.connectIntelligentContinuityService - 
09-18 15:37:48.316 17078 17109 W EasySetup[11.1.12.14] : IcControlService.start connectIntelligentContinuityService - 
09-18 15:37:48.317 17078 17078 I EasySetup[11.1.12.14] : IcControlService.onStartCommand - 
09-18 15:37:48.317 17078 17078 W EasySetup[11.1.12.14] : IcControlService.connectIntelligentContinuityService - 
09-18 15:37:48.317 17078 17078 W EasySetup[11.1.12.14] : IcControlService.start connectIntelligentContinuityService - 
09-18 15:37:48.319  2435  2455 D SemNativeCarrierFeature_vendor: getInstance
09-18 15:37:48.319 17922 17922 I BCMGR[11.0.01.10]: ContentValues(ES)] updateScanFilter - size : 0
09-18 15:37:48.319 17922 17922 I BCMGR[11.0.01.10]: BeaconManager] updateIcPacketFilters (EasySetup) - setEasySetupPacketFilters :0
09-18 15:37:48.319 17922 17922 I BCMGR[11.0.01.10]BeaconManagerFilter: setEasySetupFilterList - size : 0filter: 
09-18 15:37:48.319 17922 17068 I BCMGR[11.0.01.10]: BeaconManager] updateScanCondition - 
09-18 15:37:48.320 17922 17068 I BCMGR[11.0.01.10]: BeaconManager] getScanFilter - filterFlag - 0b1100000
09-18 15:37:48.320 17922 17068 I BCMGR[11.0.01.10]: BeaconManager] updateScanCondition - no scanlist
09-18 15:37:48.320 17922 17068 I BCMGR[11.0.01.10]: BleScanHelper] stopBleScan - BluetoothAdapter is null or LE is not ON state
09-18 15:37:48.326 17078 17078 I IC_Service[1.2.93]: onCreate()
09-18 15:37:48.326 17078 17078 I IC_Service[1.2.93]: initialize() - Called
09-18 15:37:48.326  2435  2455 D SemNativeCarrierFeature_vendor: getInstance
09-18 15:37:48.330  2435  2463 D SemNativeCarrierFeature_vendor: getInstance
09-18 15:37:48.335  1450  5802 D CompatibilityChangeReporter: Compat change id reported: 194532703; UID 10283; state: ENABLED
09-18 15:37:48.336 17080 17140 I WM-GreedyScheduler: Ignoring schedule request in a secondary process
09-18 15:37:48.337 17078 17078 I IC_Service[1.2.93]: clearRemoteCallbacks()
09-18 15:37:48.338  1450  5802 I GenerationRegistry: mBackingStore.isClosed() : false
09-18 15:37:48.338  2435  2463 D SemNativeCarrierFeature_vendor: getInstance
09-18 15:37:48.339 17078 17078 I Peripheral_PopupManager[1.2.93]: registerBluetoothStateListener()
09-18 15:37:48.341 17080 17080 I [+0100]oneconnect[1.8.17.22_01][BEACON_MANAGER_CONTROL_SERVICE]: QcSupportUtil.isQcSupportedMode - user: 0
09-18 15:37:48.341 17080 17080 I [+0100]oneconnect[1.8.17.22_01][BEACON_MANAGER_CONTROL_SERVICE]: BeaconManagerFilter.addSamsungDiscoveryFilter - 
