09-17 16:16:18.536  3848  1832 I CapabilityQuery<0>: getOwnCapabilities: feature=1000018108c, detail=+g.3gpp.iari-ref="urn%3Aurn-7%3A3gpp-application.ims.iari.rcs.fthttp",+g.3gpp.iari-ref="urn%3Aurn-7%3A3gpp-application.ims.iari.rcs.chatbot",+g.3gpp.icsi-ref="urn%3Aurn-7%3A3gpp-service.ims.icsi.mmtel",+g.3gpp.iari-ref="urn%3Aurn-7%3A3gpp-application.ims.iari.rcse.im",+g.3gpp.iari-ref="urn%3Aurn-7%3A3gpp-application.ims.iari.rcs.fullsfgroupchat",+g.3gpp.iari-ref="urn%3Aurn-7%3A3gpp-application.ims.iari.rcs.geopush",+g.3gpp.iari-ref="urn%3Aurn-7%3A3gpp-application.ims.iari.joyn.intmsg",
09-17 16:16:18.536  3848  1832 I CapabilityProvider<0>: queryOwnCaps: RCS additionalInfo = local_offline;
09-17 16:16:18.536  3848  1832 I CapabilityProvider: has call composer feature: false
09-17 16:16:18.536  3848  1832 I CapabilityProvider: has shared map feature: false
09-17 16:16:18.536  3848  1832 I CapabilityProvider: has shared sketch feature: false
09-17 16:16:18.536  3848  1832 I CapabilityProvider: has post call feature: false
09-17 16:16:18.537 19644 19644 I BCMGR[11.0.01.10]: BeaconService] CreateBeaconManager  - setting:ON
09-17 16:16:18.537 19398 19398 I ORC/DefaultSmsSlotChangedReceiver: onReceive(), oldSmsSlot = 0, newSmsSlot = 0
09-17 16:16:18.537 19644 19644 I BCMGR[11.0.01.10]: BeaconService] onStartCommand - updateClientScanFilter
09-17 16:16:18.537  1448  1448 I Telecom : CallLogManager: Country ISO changed. Retrieving new ISO...: CLM.oCD@sMg
09-17 16:16:18.537 19364 19549 I IC_DeviceManager[1.2.93]: onAccountUnregistered() - Called
09-17 16:16:18.537 19364 19394 I EasySetup[11.1.12.14] : IcControlService.getScanFilterList - Name:MatterHomePopup,ScreenOnFilter:BluetoothLeScanFilter [mDeviceName=null, mDeviceAddress=null, mUuid=null, mUuidMask=null, mServiceSolicitationUuid=null, mServiceSolicitationUuidMask=null, mServiceDataUuid=0000fff6-0000-1000-8000-00805f9b34fb, mServiceData=[0], mServiceDataMask=null, mManufacturerId=-1, mManufacturerData=null, mManufacturerDataMask=null, mAdvertisingDataType=-1, mAdvertisingData=null, mAdvertisingDataMask=null],ScreenOffFilter:Null,ScanInterval:2,Threshold:-80
09-17 16:16:18.537 19364 19394 I EasySetup[11.1.12.14] : IcControlService.getScanFilterList - Name:EasySetup,ScreenOnFilter:BluetoothLeScanFilter [mDeviceName=null, mDeviceAddress=null, mUuid=null, mUuidMask=null, mServiceSolicitationUuid=null, mServiceSolicitationUuidMask=null, mServiceDataUuid=null, mServiceData=null, mServiceDataMask=null, mManufacturerId=117, mManufacturerData=[66, 9, 1, 4, 0, 2, 0, 0, 0, 33], mManufacturerDataMask=[-1, -1, -1, -1, 0, 2, 0, 0, 0, -95], mAdvertisingDataType=-1, mAdvertisingData=null, mAdvertisingDataMask=null],ScreenOffFilter:Null,ScanInterval:2,Threshold:-70
09-17 16:16:18.537 19364 19394 I EasySetup[11.1.12.14] : IcControlService.getScanFilterList - Name:EasySetup2018,ScreenOnFilter:BluetoothLeScanFilter [mDeviceName=null, mDeviceAddress=null, mUuid=null, mUuidMask=null, mServiceSolicitationUuid=null, mServiceSolicitationUuidMask=null, mServiceDataUuid=null, mServiceData=null, mServiceDataMask=null, mManufacturerId=117, mManufacturerData=[66, 9, 1, 15, 0, 2, 0, 0, 0, 33], mManufacturerDataMask=[-1, -1, -1, -1, 0, 2, 0, 0, 0, -95], mAdvertisingDataType=-1, mAdvertisingData=null, mAdvertisingDataMask=null],ScreenOffFilter:Null,ScanInterval:2,Threshold:-70
09-17 16:16:18.537 19364 19394 I EasySetup[11.1.12.14] : IcControlService.getScanFilterList - Name:Wearable,ScreenOnFilter:BluetoothLeScanFilter [mDeviceName=null, mDeviceAddress=null, mUuid=null, mUuidMask=null, mServiceSolicitationUuid=null, mServiceSolicitationUuidMask=null, mServiceDataUuid=null, mServiceData=null, mServiceDataMask=null, mManufacturerId=117, mManufacturerData=[1, 0, 2, 0, 0, -127], mManufacturerDataMask=[15, -1, -1, 0, 0, 126], mAdvertisingDataType=-1, mAdvertisingData=null, mAdvertisingDataMask=null],ScreenOffFilter:Null,ScanInterval:2,Threshold:-999
09-17 16:16:18.537 19364 19394 I EasySetup[11.1.12.14] : IcControlService.getScanFilterList - Name:WearableOld,ScreenOnFilter:BluetoothLeScanFilter [mDeviceName=null, mDeviceAddress=null, mUuid=null, mUuidMask=null, mServiceSolicitationUuid=null, mServiceSolicitationUuidMask=null, mServiceDataUuid=null, mServiceData=null, mServiceDataMask=null, mManufacturerId=29952, mManufacturerData=[1, 0, 2, 0, 0, -127], mManufacturerDataMask=[15, -1, -1, 0, 0, 126], mAdvertisingDataType=-1, mAdvertisingData=null, mAdvertisingDataMask=null],ScreenOffFilter:Null,ScanInterval:2,Threshold:-999
09-17 16:16:18.537 19364 19394 I EasySetup[11.1.12.14] : IcControlService.getScanFilterList - Name:Hi,ScreenOnFilter:BluetoothLeScanFilter [mDeviceName=null, mDeviceAddress=null, mUuid=null, mUuidMask=null, mServiceSolicitationUuid=null, mServiceSolicitationUuidMask=null, mServiceDataUuid=null, mServiceData=null, mServiceDataMask=null, mManufacturerId=117, mManufacturerData=[66, 9, 1, 2, 20, 0, 0, 0, 0, 0, 0, 0, 0, 0, 0, 4], mManufacturerDataMask=[-1, -1, 127, -1, 20, 0, 0, 0, 0, 0, 0, 0, 0, 0, 0, -124], mAdvertisingDataType=-1, mAdvertisingData=null, mAdvertisingDataMask=null],ScreenOffFilter:Null,ScanInterval:2,Threshold:-999
09-17 16:16:18.537 19364 19394 I EasySetup[11.1.12.14] : IcControlService.getScanFilterList - Name:HiService,ScreenOnFilter:BluetoothLeScanFilter [mDeviceName=null, mDeviceAddress=null, mUuid=null, mUuidMask=null, mServiceSolicitationUuid=null, mServiceSolicitationUuidMask=null, mServiceDataUuid=0000fddb-0000-1000-8000-00805f9b34fb, mServiceData=[0], mServiceDataMask=[0], mManufacturerId=-1, mManufacturerData=null, mManufacturerDataMask=null, mAdvertisingDataType=-1, mAdvertisingData=null, mAdvertisingDataMask=null],ScreenOffFilter:Null,ScanInterval:2,Threshold:-999
09-17 16:16:18.537 19480 19480 D SamsungAnalytics200003: [Tracker] Tracker start:2.00.003DMA
09-17 16:16:18.537 19644 19644 I BCMGR[11.0.01.10]: ContentValues(ES)] updateScanFilter - size : 7
09-17 16:16:18.537 19644 19644 I BCMGR[11.0.01.10]: BeaconManager] updateIcPacketFilters (EasySetup) - setEasySetupPacketFilters :7
09-17 16:16:18.537 19644 19644 I BCMGR[11.0.01.10]BeaconManagerFilter: setEasySetupFilterList - size : 7filter: [MatterHomePopup] , [EasySetup] , [EasySetup2018] , [Wearable] , [WearableOld] , [Hi] , [HiService] , 
09-17 16:16:18.538  1311 24224 V APM_AudioPolicyManager: setAppState(portId:2209, state:2)
09-17 16:16:18.539 19644 19360 I BCMGR[11.0.01.10]: BeaconManager] updateScanCondition - 
09-17 16:16:18.539 19644 19360 I BCMGR[11.0.01.10]: BeaconManager] getScanFilter - filterFlag - 0b1100000
09-17 16:16:18.539 19644 19360 I BCMGR[11.0.01.10]: BeaconManager] updateScanCondition - filter: (on : 16, off:0)[SamsungFriends] , [SmartSwitch] , [SamsungDiscovery_StInvitation] , [SDiscovery_tvOn] , [SamsungIba] , [SamsungConnect_V2_V3_On] , [AqaraDoorLock] , [Matter] , [BleCloudV2] , [MatterHomePopup] , [EasySetup] , [EasySetup2018] , [Wearable] , [WearableOld] , [Hi] , [HiService] , 
09-17 16:16:18.539 19644 19360 I BCMGR[11.0.01.10]: BleScanHelper] updateScanFilternInterval - On Filter: 16, Off Filter: 0
09-17 16:16:18.539 19644 19360 I BluetoothAdapter: STATE_OFF=10
09-17 16:16:18.539 19644 19360 I BluetoothAdapter: StandAloneBleMode=true called by PID : 19644 @ com.samsung.android.beaconmanager
09-17 16:16:18.539 19644 19360 I BluetoothAdapter:  setting StandAloneBleMode=true
09-17 16:16:18.540  3464  3464 D InterruptionStateProvider: Group alert behavior is suppressed but we want to alert bubble
09-17 16:16:18.540 19127 19127 D CellBroadcastReceiver: networkOperator: 
09-17 16:16:18.540  3464  3464 D InterruptionStateProvider: Group alert behavior is suppressed but we want to alert bubble
09-17 16:16:18.540  3464  3464 D InterruptionStateProvider: Group alert behavior is suppressed but we want to alert bubble
09-17 16:16:18.540 19644 19360 I BluetoothAdapter: enableRadio() : Calling enable
09-17 16:16:18.540 19398 19521 I ORC/WithAppProvider: insert, uriMatch:1005
09-17 16:16:18.541  3981  3981 I Launcher.NotificationListener: onNotificationPosted : com.android.phone number : 0
09-17 16:16:18.541  1448  5399 D SecContentProvider: query(), uri = 3 selection = isBLEAllowed
09-17 16:16:18.541  3981  4566 I Launcher.NotificationListener: notificationIsValidForUI : com.android.phone missingTitleAndText : false isGroupHeader : false
09-17 16:16:18.541  1448  5399 D SecContentProvider: called from android.uid.system:1000
09-17 16:16:18.541  1448  5399 D BluetoothManagerService: enableBle(): mIsSamsungKernel = true, fromSamsungApp = true
09-17 16:16:18.541 19127 19127 D CellBroadcastReceiver: networkOperator on emergency mode: 234 for the country code: gb
09-17 16:16:18.541  1448  1448 D SmartAlertController: SmartAlert - Found Missed Event
09-17 16:16:18.541 19398 19523 I ORC/RcsCommonUtil: getRcsUserSetting = 1, simSlot = 0
09-17 16:16:18.541 19398 19523 I ORC/RcsCommonUtil: isEnabledRcsUserSetting true
09-17 16:16:18.541  1448  1486 D PackageManager: setEnabledSetting : userId = 0 packageName = com.samsung.android.messaging cmp = androidx.work.impl.background.systemalarm.RescheduleReceiver newState = 1 callingPackage = 10124/com.samsung.android.messaging
09-17 16:16:18.541 19398 19523 I CS/OwnCapabilityManager<0>: updateOwnCapability rcsEnableStatus = true, isLocalOffline = true, isAirplaneMode = false
09-17 16:16:18.541  1448  5399 D SecContentProvider: query(), uri = 3 selection = isBLEAllowed
09-17 16:16:18.541  1448  5399 D SecContentProvider: called from android.uid.system:1000
09-17 16:16:18.541  1448  5399 E BluetoothManagerService: Unable to handle updateBleAppCount
09-17 16:16:18.541 19398 19523 I ORC/PackageInfo: updateRcsComponent(), isRcsCapable = false, isRcsTmoUI = false, isMmsEnabled = true, isFromOwnCapa = true
09-17 16:16:18.541  5633  5633 I Edge.badge: updateBadge item = com.android.phone:0 1
09-17 16:16:18.541 19127 19127 D CellBroadcastReceiver: roamingNetworks: [XXX]
09-17 16:16:18.542 19127 19127 D CellBroadcastReceiver: mockmodem is running? = false
09-17 16:16:18.542 19398 19521 I ORC/UserSettingBySimUtil: settings = {sms_input_mode=Automatic, mms_retrieval_during_roaming=false, cb_settings_activation=false, mms_delivery_reports=false, sms_delivery_reports=false, mms_auto_retrieval=true, mms_read_reports=false}
09-17 16:16:18.542 19127 19127 D CompatibilityChangeReporter: Compat change id reported: 183155436; UID 10273; state: ENABLED
09-17 16:16:18.542 19127 19127 D CellBroadcastReceiver: Start Cell Broadcast configuration for intent=ACTION_ENABLE_CHANNELS
09-17 16:16:18.542  1448  2652 D BluetoothManagerService: mDisableBleCallbacks count 12
09-17 16:16:18.543 19480 19480 I BluetoothAdapter: BluetoothAdapter() : com.android.bluetooth
09-17 16:16:18.543  1448  1486 D ApplicationPolicy: getApplicationStateEnabled : pkg = com.samsung.android.messaging userId : 0
09-17 16:16:18.543  1448  1486 D ApplicationPolicy: getApplicationComponentState : pkg = com.samsung.android.messaging userId : 0
09-17 16:16:18.543  1311 24224 V APM_AudioPolicyManager: setAppState(portId:2209, state:2)
09-17 16:16:18.544 19480 19480 I BluetoothMetricsLogger: setCounterMetricsAlarm()
09-17 16:16:18.544  3464  3464 D PluginInstanceManager: stopListening
09-17 16:16:18.544  3464  3464 D PluginInstanceManager: startListening
09-17 16:16:18.544  3848  4411 I VolteServiceModule: onBarringInfoChanged: barringInfo BarringInfo {mCellIdentity=null, mBarringServiceInfos={8={isBarred: false (type: 0, isConditionally: false), factor: 0, timeseconds: 0}}}
09-17 16:16:18.545  3848  4411 I VolteServiceModule: voiceBarringInfo mConditionalBarringFactor:0 mConditionalBarringTimeSeconds:0
09-17 16:16:18.545  3848  4411 I VolteServiceModule: videoBarringInfo mConditionalBarringFactor:0 mConditionalBarringTimeSeconds:0
09-17 16:16:18.545  3848  4411 I SsacManager: updateSSACInfo[0] : Voice(100:0) Video(100:0)
09-17 16:16:18.545  3848  4411 I SsacManager: Voice Call updateSSACInfo[0] : f[100], t[0]
09-17 16:16:18.545  3848  4411 I SsacManager: Video Call updateSSACInfo[0] : f[100], t[0]
09-17 16:16:18.545  3464  3566 D PluginInstanceManager: queryAll com.android.systemui.action.PLUGIN_NOTIFICATION_MENU_ROW
09-17 16:16:18.545  3464  3566 D PluginInstanceManager: Found 0 plugins
09-17 16:16:18.545 19398 19521 I ORC/Setting: isCBMessageEnable = false
09-17 16:16:18.545 19398 19521 I ORC/ChannelUtils: setCbSettings - simSlot = 0, bCbActivation : false
09-17 16:16:18.545  3848  3848 I VolteServiceModule: onBarringInfoChanged: barringInfo BarringInfo {mCellIdentity=null, mBarringServiceInfos={8={isBarred: false (type: 0, isConditionally: false), factor: 0, timeseconds: 0}}}
09-17 16:16:18.546  3848  4411 I VolteServiceModule: voiceBarringInfo mConditionalBarringFactor:0 mConditionalBarringTimeSeconds:0
09-17 16:16:18.546  3848  4411 I VolteServiceModule: videoBarringInfo mConditionalBarringFactor:0 mConditionalBarringTimeSeconds:0
09-17 16:16:18.546  3848  4411 I SsacManager: updateSSACInfo[1] : Voice(100:0) Video(100:0)
09-17 16:16:18.546  3848  4411 I SsacManager: Voice Call updateSSACInfo[1] : f[100], t[0]
09-17 16:16:18.546  3848  4411 I SsacManager: Video Call updateSSACInfo[1] : f[100], t[0]
09-17 16:16:18.546 19480 19480 D BluetoothAdapterService: onCreate()
09-17 16:16:18.546 19398 19523 I CS/CapabilityFactory: notifyOwnCapabilityChange listener size : 0
09-17 16:16:18.547  3464  3464 I FaceWidgetPositionAlgorithm: getClockContainerHeight() supplier = 309, bottom margin = 0, real height = 381
09-17 16:16:18.547  3464  3464 I FaceWidgetPositionAlgorithm: getClockContainerHeight() supplier = 309, bottom margin = 72, real height = 381
09-17 16:16:18.547  3464  3464 I FaceWidgetPositionAlgorithm: getMediaContainerHeight() height = 0 container Visibility = 8, isValid = false, mIsDozing = false, fraction = 1.0, source = 0, target = 0
09-17 16:16:18.547 19127 19127 D CellBroadcastReceiver: update supported roaming operator as 
09-17 16:16:18.547  3464  3464 I FaceWidgetPositionAlgorithm: getMediaContainerHeight() supplier = 0
09-17 16:16:18.547  1448  5399 I GenerationRegistry: mBackingStore.isClosed() : false
09-17 16:16:18.548  2469  2482 D SemNativeCarrierFeature_vendor: getInstance
09-17 16:16:18.548  2469  2482 D SemNativeCarrierFeature_vendor: getInstance
09-17 16:16:18.548 19398 19521 I ORC/ChannelUtils: resetAllCbChannelRange : isEnabled = false, simSlot = 0
09-17 16:16:18.548  1448  5419 W BroadcastQueue: Permission Denial: receiving Intent { act=android.intent.action.SERVICE_STATE flg=0x1000010 (has extras) } to com.google.android.cellbroadcastreceiver/com.android.cellbroadcastreceiver.CellBroadcastReceiver requires android.permission.READ_PHONE_STATE due to sender android (uid 1001)
09-17 16:16:18.548  2469  2482 D SemNativeCarrierFeature_vendor: getInstance
09-17 16:16:18.548  1448  1512 W BroadcastQueue: Permission Denial: receiving Intent { act=android.intent.action.SERVICE_STATE flg=0x1000010 (has extras) } to com.google.android.cellbroadcastreceiver/com.android.cellbroadcastreceiver.CellBroadcastReceiver requires android.permission.ACCESS_FINE_LOCATION due to sender android (uid 1001)
09-17 16:16:18.549  1448  1512 W BroadcastQueue: Permission Denial: receiving Intent { act=android.intent.action.SERVICE_STATE flg=0x1000010 (has extras) } to com.google.android.cellbroadcastreceiver/com.android.cellbroadcastreceiver.CellBroadcastReceiver requires android.permission.READ_PHONE_STATE due to sender android (uid 1001)
09-17 16:16:18.550  1448  3537 D CompatibilityChangeReporter: Compat change id reported: 161145287; UID 1002; state: DISABLED
09-17 16:16:18.550  1448  5419 D CompatibilityChangeReporter: Compat change id reported: 194532703; UID 10124; state: ENABLED
09-17 16:16:18.551 19127 19127 D CellBroadcastReceiver: onReceive Intent { act=android.intent.action.SERVICE_STATE flg=0x1000010 cmp=com.google.android.cellbroadcastreceiver/com.android.cellbroadcastreceiver.CellBroadcastReceiver (has extras) }
09-17 16:16:18.552  1311 24224 V APM_AudioPolicyManager: setAppState(portId:2209, state:2)
09-17 16:16:18.552 19127 19127 D CellBroadcastReceiver: onServiceStateChanged, ss: 1
09-17 16:16:18.552 19127 19127 D CellBroadcastReceiver: networkOperator: 
09-17 16:16:18.553 19127 19127 D CellBroadcastReceiver: networkOperator on emergency mode: 234 for the country code: gb
09-17 16:16:18.553 19127 19127 D CellBroadcastReceiver: roamingNetworks: [XXX]
09-17 16:16:18.554 19127 19127 D CellBroadcastReceiver: update supported roaming operator as 
09-17 16:16:18.556 19127 19559 D CellBroadcastConfigService: Enable CellBroadcast on sub 46
09-17 16:16:18.556 19480 19480 D AdapterState: make() - Creating AdapterState
09-17 16:16:18.557 19480 19563 I AdapterState: OFF : entered 
09-17 16:16:18.557 19480 19563 D AdapterProperties: Setting state to OFF
09-17 16:16:18.558 19480 19563 D BluetoothAdapterService: updateAdapterState prevState = 10newState = 10
09-17 16:16:18.559 19480 19480 D BluetoothKeystoreService: new BluetoothKeystoreService isCommonCriteriaMode: false
09-17 16:16:18.560  1322  1322 D SurfaceFlinger: GPIS:: requestGPIS
09-17 16:16:18.561 19480 19480 D BluetoothKeystoreService: start
09-17 16:16:18.561 19480 19480 I droid.bluetooth: [0917/161618.561531:INFO:com_android_bluetooth_btservice_BluetoothKeystore.cpp(97)] classInitNative: succeeds
09-17 16:16:18.561 19480 19480 D BluetoothKeystoreService: setBluetoothKeystoreService(): set to: com.android.bluetooth.btservice.bluetoothkeystore.BluetoothKeystoreService@c8901d6
09-17 16:16:18.564   720 16543 E keystore2: keystore2::error: Rc(ResponseCode(7)), "In get_key_entry, while trying to load key info. 1002, Some(\"bluetooth-key-encrypted\")"
09-17 16:16:18.564 19480 19480 D BluetoothKeystoreService: loadConfigData
09-17 16:16:18.565 19480 19480 D BluetoothKeystoreService: getCompareResult: 0
09-17 16:16:18.566 19398 19569 I [SCPMSDK][1.0.0802][Configuration]: register : 153ssd901i
09-17 16:16:18.566 19398 19569 I [SCPMSDK][1.0.0802][Configuration]: call : Method = register, arg = 
09-17 16:16:18.567  1448  3345 V SemCellularStateManager: notifyCellularStateChanged : sendCommandUpdateCellularCapabilities called
09-17 16:16:18.568  3464  3553 D MobileStatusTracker(0/46): onSignalStrengthsChanged level=4, vendorLevel=4
09-17 16:16:18.569  3464  3553 D MobileSignalController(0/46): notifyListener: enabled=true, connected=false, dataConnected=false, networkType=UNKNOWN (Unknown), emergencyOnly=false, roaming=false, isDefault=false, dataActivity=, level=0, ca=false, mmWave=false, disabledDataIcon=false, simCard=ETC
09-17 16:16:18.569  3464  3553 D NetworkController: SignalStrength from intent slotId=0
09-17 16:16:18.572 19480 19480 I droid.bluetooth: [0917/161618.572307:INFO:bluetooth_data_migration.cc(80)] Current Bluetooth package name is: com.android.bluetooth
09-17 16:16:18.572 19480 19480 I droid.bluetooth: [0917/161618.572401:INFO:bluetooth_data_migration.cc(102)] Same location skipped: com.android.bluetooth
09-17 16:16:18.572 19480 19480 I droid.bluetooth: [0917/161618.572488:INFO:bluetooth_data_migration.cc(110)] Not a valid candidate for migration: "/data/user_de/0/com.android.bluetooth.services"
09-17 16:16:18.573 19480 19480 I droid.bluetooth: [0917/161618.573087:INFO:bluetooth_data_migration.cc(110)] Not a valid candidate for migration: "/data/user_de/0/com.google.android.bluetooth.services"
09-17 16:16:18.574  1601 19308 I cnss-daemon: WLFW service connected
09-17 16:16:18.575 19480 19480 I bt      : bt_common::init_flags: Flags loaded: gd_core=false gd_security=false gd_l2cap=false gatt_robust_caching=true btaa_hci=true gd_rust=false gd_link_policy=false irk_rotation=false 
09-17 16:16:18.575 19480 19573 I droid.bluetooth: [0917/161618.575317:INFO:message_loop_thread.cc(226)] Run: message loop starting for thread bt_stack_manager_thread
09-17 16:16:18.576 17572 17586 I [SCPMV2][RegistrationDataManager]: register: 153ssd901i
09-17 16:16:18.578 17572 17586 I [SCPMV2][ConfigurationWhenRegister]: apply
09-17 16:16:18.578  2469  2493 D SemNativeCarrierFeature_vendor: getInstance
09-17 16:16:18.578  2469  2493 D SemNativeCarrierFeature_vendor: getInstance
09-17 16:16:18.580 19480 19575 I droid.bluetooth: [0917/161618.580254:INFO:btif_keystore.cc(61)] ConvertEncryptOrDecryptKeyIfNeeded callback isn't ready.
09-17 16:16:18.580 19480 19578 I droid.bluetooth: [0917/161618.580818:INFO:message_loop_thread.cc(226)] Run: message loop starting for thread bt_jni_thread
09-17 16:16:18.581 19398 19569 I [SCPMSDK][1.0.0802][Configuration]: initialize : 153ssd901i
09-17 16:16:18.581 19398 19569 I [SCPMSDK][1.0.0802][Configuration]: call : Method = initialize, arg = com.samsung.android.messaging
09-17 16:16:18.583 17572 17586 I [SCPMV2][RegistrationDataManager]: cursor count : 1
09-17 16:16:18.583 17572 17586 I [SCPMV2][ConfigurationDataManager]: getConfiguration: appId = 153ssd901i
09-17 16:16:18.583 17572 17586 I [SCPMV2][ConfigurationDataManager]: cursor count : 1
09-17 16:16:18.584 17572 17586 I [SCPMV2][ConfigurationDataManager]: initialize: appId = 153ssd901i
09-17 16:16:18.585 19398 19569 I [SCPMSDK][1.0.0802][Configuration]: getConfiguration : rcs-regi-policy-908e
09-17 16:16:18.585 19398 19569 I [SCPMSDK][1.0.0802][Configuration]: openFile : parameter = rcs-regi-policy-908e
09-17 16:16:18.585 17572 17586 I [SCPMV2][ConfigurationFileFunction]: uri : content://com.samsung.android.scpm.policy/20ffb970c602da5a60e6d5e203a024ae2b7f4f1692a6c5c648eecafb33de5e4e/rcs-regi-policy-908e, path : /20ffb970c602da5a60e6d5e203a024ae2b7f4f1692a6c5c648eecafb33de5e4e/rcs-regi-policy-908e
09-17 16:16:18.585 17572 17586 I [SCPMV2][ConfigurationFileFunction]: key [0] : 20ffb970c602da5a60e6d5e203a024ae2b7f4f1692a6c5c648eecafb33de5e4e
09-17 16:16:18.585 17572 17586 I [SCPMV2][ConfigurationFileFunction]: key [1] : rcs-regi-policy-908e
09-17 16:16:18.586 17572 17586 I [SCPMV2][RegistrationDataManager]: cursor count : 1
09-17 16:16:18.586 17572 17586 I [SCPMV2][ConfigurationItemDataManager]: getFilePath name : rcs-regi-policy-908e
09-17 16:16:18.586 17572 17586 E [SCPMV2][ConfigurationFileFunction]: configuration is not downloaded. please wait next schedule.
09-17 16:16:18.586 17572 17586 I [SCPMV2][ConfigurationDataManager]: update: appId = 153ssd901i, rcode =  90000000, rmsg = configuration is not downloaded. please wait next schedule.
09-17 16:16:18.586 19398 19569 I [SCPMSDK][1.0.0802][Configuration]: call : Method = getLastError, arg = com.samsung.android.messaging
09-17 16:16:18.587 19480 19480 E droid.bluetooth: [0917/161618.587453:ERROR:message_loop_thread.cc(103)] DoInThreadDelayed: message loop is null for thread bt_main_thread(-1), from pc:0x7578633e78
09-17 16:16:18.587 19480 19480 E droid.bluetooth: [0917/161618.587535:ERROR:btu_task.cc(94)] do_in_main_thread: failed from pc:0x7578633e78
09-17 16:16:18.587 17572 17586 I [SCPMV2][RegistrationDataManager]: cursor count : 1
09-17 16:16:18.587 19480 19480 E droid.bluetooth: [0917/161618.587597:ERROR:message_loop_thread.cc(103)] DoInThreadDelayed: message loop is null for thread bt_main_thread(-1), from pc:0x7578633e78
09-17 16:16:18.587 17572 17586 I [SCPMV2][ConfigurationDataManager]: getConfiguration: appId = 153ssd901i
09-17 16:16:18.587 19480 19480 E droid.bluetooth: [0917/161618.587643:ERROR:btu_task.cc(94)] do_in_main_thread: failed from pc:0x7578633e78
09-17 16:16:18.587 19480 19480 E droid.bluetooth: [0917/161618.587686:ERROR:message_loop_thread.cc(103)] DoInThreadDelayed: message loop is null for thread bt_main_thread(-1), from pc:0x7578633e78
09-17 16:16:18.587 19480 19480 E droid.bluetooth: [0917/161618.587728:ERROR:btu_task.cc(94)] do_in_main_thread: failed from pc:0x7578633e78
09-17 16:16:18.587 17572 17586 I [SCPMV2][ConfigurationDataManager]: cursor count : 1
09-17 16:16:18.588 19398 19569 E [E][SCPMSDK][1.0.0802][Configuration]: cannot get new policy : 90000000, configuration is not downloaded. please wait next schedule. 
09-17 16:16:18.588 19398 19569 E ORC/ScaWorker: getScaData: result=2, rcode=90000000, rmsg=configuration is not downloaded. please wait next schedule.
09-17 16:16:18.588 19398 19569 I [SCPMSDK][1.0.0802][Configuration]: getConfiguration : gm-migration-guide-policy-386a
09-17 16:16:18.588 19398 19569 I [SCPMSDK][1.0.0802][Configuration]: openFile : parameter = gm-migration-guide-policy-386a
09-17 16:16:18.588 19480 19480 D BluetoothKeystoreService: initJni()
09-17 16:16:18.589 17572 17586 I [SCPMV2][ConfigurationFileFunction]: uri : content://com.samsung.android.scpm.policy/20ffb970c602da5a60e6d5e203a024ae2b7f4f1692a6c5c648eecafb33de5e4e/gm-migration-guide-policy-386a, path : /20ffb970c602da5a60e6d5e203a024ae2b7f4f1692a6c5c648eecafb33de5e4e/gm-migration-guide-policy-386a
09-17 16:16:18.589 17572 17586 I [SCPMV2][ConfigurationFileFunction]: key [0] : 20ffb970c602da5a60e6d5e203a024ae2b7f4f1692a6c5c648eecafb33de5e4e
09-17 16:16:18.589 17572 17586 I [SCPMV2][ConfigurationFileFunction]: key [1] : gm-migration-guide-policy-386a
09-17 16:16:18.589 17572 17586 I [SCPMV2][RegistrationDataManager]: cursor count : 1
09-17 16:16:18.589 17572 17586 I [SCPMV2][ConfigurationItemDataManager]: getFilePath name : gm-migration-guide-policy-386a
09-17 16:16:18.589  1448  5419 D SettingsProvider: isChangeAllowed() : name = bluetooth_btsnoop_default_mode
09-17 16:16:18.589  1448  5419 D SettingsProvider: edmUri: content://com.sec.knox.provider/RestrictionPolicy3
09-17 16:16:18.589  1448  5419 D SettingsProvider: projectionArgs: isSettingsChangesAllowed
09-17 16:16:18.589  1448  5419 D SettingsProvider: selectionArgs: false
09-17 16:16:18.589  1448  5419 D SettingsProvider: selectionArgs: 1002
09-17 16:16:18.589  1448  5419 D SecContentProvider: query(), uri = 17 selection = isSettingsChangesAllowed
09-17 16:16:18.589 17572 17586 E [SCPMV2][ConfigurationFileFunction]: configuration is not downloaded. please wait next schedule.
09-17 16:16:18.589  1448  5419 D SecContentProvider: called from android.uid.bluetooth:1002
09-17 16:16:18.589 17572 17586 I [SCPMV2][ConfigurationDataManager]: update: appId = 153ssd901i, rcode =  90000000, rmsg = configuration is not downloaded. please wait next schedule.
09-17 16:16:18.589  1448  5419 D RestrictionPolicy: isSettingsChangesAllowedAsUser, userId 0 : true
09-17 16:16:18.589  1448  5419 D SettingsProvider: ret = 1
09-17 16:16:18.590  1448  5399 I GenerationRegistry: mBackingStore.isClosed() : false
09-17 16:16:18.590 19398 19569 I [SCPMSDK][1.0.0802][Configuration]: call : Method = getLastError, arg = com.samsung.android.messaging
09-17 16:16:18.591 17572 17586 I [SCPMV2][RegistrationDataManager]: cursor count : 1
09-17 16:16:18.591 17572 17586 I [SCPMV2][ConfigurationDataManager]: getConfiguration: appId = 153ssd901i
09-17 16:16:18.591 17572 17586 I [SCPMV2][ConfigurationDataManager]: cursor count : 1
09-17 16:16:18.591  2469  2493 D SemNativeCarrierFeature_vendor: getInstance
09-17 16:16:18.592 19398 19569 E [E][SCPMSDK][1.0.0802][Configuration]: cannot get new policy : 90000000, configuration is not downloaded. please wait next schedule. 
09-17 16:16:18.592 19398 19569 E ORC/ScaWorker: getScaData: result=2, rcode=90000000, rmsg=configuration is not downloaded. please wait next schedule.
09-17 16:16:18.592  1601 19308 E cnss-daemon: pm_release_vote: pm_handle is NULL
09-17 16:16:18.592  3789  3819 I System.out: Broadcasting: Intent { act=com.sec.intent.action.SARDEVICE_CP flg=0x10000000 (has extras) }
09-17 16:16:18.594  1448  2635 D MotionRecognitionService: [SAR]  onReceive : SARDEVICE_CP, callAction = on deviceID = 32769 slot = 0 device_ext = 0
09-17 16:16:18.594  1448  2635 I MotionRecognitionService: [SAR] setStartTime screen true, type : 0, device : 1
09-17 16:16:18.594  1448  2635 I MotionRecognitionService: [SAR] id : 0 cmd :on
09-17 16:16:18.594  1448  2635 I MotionRecognitionService: [SAR] A96T3X6 Grip sensor enableSensor
09-17 16:16:18.595 19480 19480 D BluetoothDatabase: start()
09-17 16:16:18.595  1448  2635 D SensorService: [GripSensor] ++ setGripThdWithMCC  (65560)
09-17 16:16:18.596  2469  2482 D SemNativeCarrierFeature_vendor: getInstance
09-17 16:16:18.596 19398 19555 I WM-WorkerWrapper: Worker result SUCCESS for Work [ id=d74b9d12-0a0d-484f-a85d-b92948218a51, tags={ com.samsung.android.messaging.ui.service.scpm.ScaWorker } ]
09-17 16:16:18.596  1448  2635 D SensorService: GripSensor: MCC Path does not exist 
09-17 16:16:18.596 19480 19480 D BluetoothDatabase: Load Database
09-17 16:16:18.597 19480 19480 I BluetoothAdapterService: Phone policy enabled
09-17 16:16:18.597  1248  1248 I SensorsGrip: [grip_sensor] enable: GripSensor: enable handle = 11 en = 1
09-17 16:16:18.598  1448  3537 D PackageManager: setEnabledSetting : userId = 0 packageName = com.samsung.android.messaging cmp = androidx.work.impl.background.systemalarm.RescheduleReceiver newState = 2 callingPackage = 10124/com.samsung.android.messaging
09-17 16:16:18.603  1248  2035 I SensorsGrip: [grip_sensor] readEvents: GripSensor: grip 1ch data = RELEASE
09-17 16:16:18.603  1248  2035 I SensorsGrip: [grip_sensor] readEvents: GripSensor: grip 1ch unknown UNKNOWN MODE
09-17 16:16:18.604  1248  1248 E SensorsGrip: [grip_sensor] enable: mEnabled : 1, first_grip_event : 1
09-17 16:16:18.604 19480 19583 D BluetoothDatabase: compactLastConnectionTime: Compacting metadata after load
09-17 16:16:18.604 19480 19583 I BluetoothDatabase: cacheMetadata
09-17 16:16:18.605 19480 19583 V BluetoothDatabase: cacheMetadata: found device XX:XX:XXrage
09-17 16:16:18.605 19480 19583 I BluetoothDatabase: cacheMetadata: Database is ready
09-17 16:16:18.605  1601 19308 E cnss-daemon: pm_release_vote: pm_handle is NULL
09-17 16:16:18.606  1448  2635 D SensorManager: registerListener :: 16777227, A96T3X6 Grip sensor, 200000, 0, com.samsung.android.gesture.MotionRecognitionSAR$GripSensorWrapper$1@bfdd8a3
09-17 16:16:18.606  1448  2635 I MotionRecognitionService: [SAR] A96T3X6 Grip sensor enable channel 0 : 1 , channel 1 : 0
09-17 16:16:18.606  1448  2635 I MotionRecognitionService: [SAR] id : 15 cmd :on
09-17 16:16:18.606  1448  2635 W MotionRecognitionService: DEFAULT
09-17 16:16:18.607  1601 19308 I cnss-daemon: wlfw_read_file: No such file /data/vendor/wifi/wlfw_cal_00.bin
09-17 16:16:18.607  1601 19308 I cnss-daemon: wlfw_build_cal_table: not read /data/vendor/wifi/wlfw_cal_00.bin
09-17 16:16:18.608  3789  3805 I System.out: Broadcast completed: result=0
09-17 16:16:18.608  1311 24224 V APM_AudioPolicyManager: setAppState(portId:2209, state:2)
09-17 16:16:18.609  1448  2635 I MotionRecognitionService: [SAR] A96T3X6 Grip sensor onSensorChanged : 5.0 , 0.0 , 0.0 , 300.0 , 0.0
09-17 16:16:18.609  1448  2635 I MotionRecognitionService: [SAR] A96T3X6 Grip sensor setUnknownMode channel: 0 , state: 300
09-17 16:16:18.611  1601 19308 I cnss-daemon: wlfw_read_file: No such file /data/vendor/wifi/wlfw_cal_02.bin
09-17 16:16:18.611  1601 19308 I cnss-daemon: wlfw_build_cal_table: not read /data/vendor/wifi/wlfw_cal_02.bin
09-17 16:16:18.611  1601 19308 I cnss-daemon: wlfw_read_file: No such file /data/vendor/wifi/wlfw_cal_03.bin
09-17 16:16:18.611  1601 19308 I cnss-daemon: wlfw_build_cal_table: not read /data/vendor/wifi/wlfw_cal_03.bin
09-17 16:16:18.611  1601 19308 I cnss-daemon: wlfw_read_file: No such file /data/vendor/wifi/wlfw_cal_04.bin
09-17 16:16:18.611  1601 19308 I cnss-daemon: wlfw_build_cal_table: not read /data/vendor/wifi/wlfw_cal_04.bin
09-17 16:16:18.611  1448  1448 I Telecom:SamsungTelecomServiceImpl: isInManagedCall - callingPackage : android
09-17 16:16:18.613  1448  1448 D EdgeLightingManager: isCallingUserSupported : callingUserId=0, mUserId=0, isDualAppId=false, isKnoxId=false
09-17 16:16:18.613  1448  1448 D EdgeLightingManager: showForNotification : isInteractive=true, isHeadUp=true, color=0, canBypassDnd=false, sbn = StatusBarNotification(pkg=com.android.phone user=UserHandle{0} id=3 tag=null key=0|com.android.phone|3|null|1001: Notification(channel=SIM 1 shortcut=null contentView=null vibrate=null sound=null defaults=0x0 flags=0x80a color=0xff2a56c6 groupKey=VOICE_MAIL_GROUP_KEY vis=PRIVATE semFlags=0x0 semPriority=0 semMissedCount=0))
09-17 16:16:18.613  1311  5577 V APM_AudioPolicyManager: listAudioPorts() role 0 type 0 num_ports 0 ports 0xb400007307e1e3c8
09-17 16:16:18.613  1311  5577 V APM_AudioPolicyManager: listAudioPorts() got 0 ports needed 17
09-17 16:16:18.613  1448  1448 D EdgeLightingClientManager: isAvailableEdgeLighting: condition=1 mCondition=3 mIsConnected=false0
09-17 16:16:18.613  1448  1448 D EdgeLightingPolicyManager: isAcceptableApplication:  pkg=com.android.phone , range=256 , includeAllApp=false , userId=0 , infoRange=0 , infoCategory=0
09-17 16:16:18.613  1311  5577 V APM_AudioPolicyManager: listAudioPorts() role 0 type 0 num_ports 17 ports 0xb4000072e36960c0
09-17 16:16:18.614  1311  5577 V APM_AudioPolicyManager: listAudioPorts() got 17 ports needed 17
09-17 16:16:18.614  1448  2635 D MotionRecognitionService: [SAR] set setTransmitPowerWithFlag  value : 1 : true
09-17 16:16:18.614  1448  1448 D EdgeLightingPolicyManager: putNotification tickerText:false,titleText:true,text:true,sub:falsecn= + null
09-17 16:16:18.614  1448  2635 I MotionRecognitionService: [SAR] setStartTime screen true, type : 1, device : 1
09-17 16:16:18.614  1448  2635 I MotionRecognitionService: [SAR] UnknownMode set 1 channel : 0 , state : 0
09-17 16:16:18.614  1448  2635 I MotionRecognitionService: [SAR] A96T3X6 Grip sensorsetTunerGrip 8589934592 , state: false
09-17 16:16:18.614  1448  1448 D EdgeLightingPolicyManager.NotificationGroup: Remove previous child data. 0|com.android.phone|3|null|1001
09-17 16:16:18.614  1448  1448 D EdgeLightingPolicyManager.NotificationGroup: group key = 0|com.android.phone|g:VOICE_MAIL_GROUP_KEY ,value= summary : null , child : 1key = 0|com.android.phone|3|null|1001 , value =  NotificationData { tag= null } , } 
09-17 16:16:18.614  1448  1448 D EdgeLightingPolicyManager.NotificationGroup: group key = 0|com.samsung.android.messaging|g:MESSAGE_RECEIVED ,value= summary :  NotificationData { tag= com.samsung.android.messaging:GROUP_RECEIVED: }  , child : 2key = 0|com.samsung.android.messaging|123|com.samsung.android.messaging:MESSAGE_RECEIVED:91|10124 , value =  NotificationData { tag= com.samsung.android.messaging:MESSAGE_RECEIVED:91 } ,key = 0|com.samsung.android.messaging|123|com.samsung.android.messaging:MESSAGE_RECEIVED:88|10124 , value =  NotificationData { tag= com.samsung.android.messaging:MESSAGE_RECEIVED:88 } , } 
09-17 16:16:18.614  1448  1448 D EdgeLightingPolicyManager.NotificationGroup: group key = 0|com.samsung.android.messaging|g:FAILED ,value= summary : null , child : 1key = 0|com.samsung.android.messaging|789|null|10124 , value =  NotificationData { tag= null } , } 
09-17 16:16:18.614  1448  1448 D EdgeLightingPolicyManager.NotificationGroup: group key = 0|com.whatsapp|20|null|10050 ,value= summary : null , child : 1key = 0|com.whatsapp|20|null|10050 , value =  NotificationData { tag= null } , } 
09-17 16:16:18.614  1448  1448 D EdgeLightingPolicyManager.NotificationGroup: group key = 0|com.microsoft.skydrive|2890|null|10106 ,value= summary : null , child : 1key = 0|com.microsoft.skydrive|2890|null|10106 , value =  NotificationData { tag= null } , } 
09-17 16:16:18.614  1448  1448 D EdgeLightingPolicyManager.NotificationGroup: group key = 0|com.samsung.android.app.omcagent|16000|null|1000 ,value= summary : null , child : 1key = 0|com.samsung.android.app.omcagent|16000|null|1000 , value =  NotificationData { tag= null } , } 
09-17 16:16:18.614  1448  1448 I EdgeLightingManager: showForNotificationScreenOn Alert once notification. sbn: StatusBarNotification(pkg=com.android.phone user=UserHandle{0} id=3 tag=null key=0|com.android.phone|3|null|1001: Notification(channel=SIM 1 shortcut=null contentView=null vibrate=null sound=null defaults=0x0 flags=0x80a color=0xff2a56c6 groupKey=VOICE_MAIL_GROUP_KEY vis=PRIVATE semFlags=0x0 semPriority=0 semMissedCount=0))
09-17 16:16:18.615  1448  2635 D MotionRecognitionService: [SAR] set setTransmitPowerExt  value : 8589934592 : false
09-17 16:16:18.615  1448  2635 I MotionRecognitionService: [SAR] tunerGrip is 8589934592, state : false
09-17 16:16:18.616 19480 19480 D SemBluetoothDatabase: start()
09-17 16:16:18.616  1601 19308 I cnss-daemon: FW status: 0x0
09-17 16:16:18.617 19480 19480 D SemBluetoothDatabase: Load Database
09-17 16:16:18.617 19480 19586 E SemBluetoothDatabase: handleMessage : 0
09-17 16:16:18.619  3464  3464 D BubblesManager: onEntryUpdated : shouldBubbleUp=false ,key=0|com.android.phone|3|null|1001
09-17 16:16:18.619  3464  3464 D InterruptionStateProvider:  no Heads up : edgelighting enabled app. 0|com.android.phone|3|null|1001
09-17 16:16:18.620  3981  3981 I Launcher.NotificationListener: onNotificationPosted : com.android.phone number : 0
09-17 16:16:18.620  3981  4566 I Launcher.NotificationListener: notificationIsValidForUI : com.android.phone missingTitleAndText : false isGroupHeader : false
09-17 16:16:18.622  1311  5577 V APM_AudioPolicyManager: setAppState(portId:2209, state:2)
09-17 16:16:18.620  3464  3464 D InterruptionStateProvider: Group alert behavior is suppressed but we want to alert bubble
09-17 16:16:18.622  1448  2577 I UMR     : B|Compact com.samsung.android.scpm(17572)
09-17 16:16:18.622  2469  2482 D SemNativeCarrierFeature_vendor: getInstance
09-17 16:16:18.622  3464  3464 D InterruptionStateProvider: Group alert behavior is suppressed but we want to alert bubble
09-17 16:16:18.622  3464  3464 D InterruptionStateProvider: Group alert behavior is suppressed but we want to alert bubble
09-17 16:16:18.622  1448  1448 D SmartAlertController: SmartAlert - Found Missed Event
09-17 16:16:18.623  5633  5633 I Edge.badge: updateBadge item = com.android.phone:0 1
09-17 16:16:18.624 19480 19480 I droid.bluetooth: [0917/161618.624360:INFO:com_android_bluetooth_btservice_ActivityAttribution.cpp(96)] classInitNative: succeeds
09-17 16:16:18.624 19480 19480 D BluetoothAdapterService: setAdapterService() - trying to set service to com.android.bluetooth.btservice.AdapterService@f48e268
09-17 16:16:18.625  1448  3345 V SemCellularStateManager: notifyCellularStateChanged : sendCommandUpdateCellularCapabilities called
09-17 16:16:18.626  3464  3464 I FaceWidgetPositionAlgorithm: getClockContainerHeight() supplier = 309, bottom margin = 0, real height = 381
09-17 16:16:18.626  3464  3464 I FaceWidgetPositionAlgorithm: getClockContainerHeight() supplier = 309, bottom margin = 72, real height = 381
09-17 16:16:18.626  3464  3464 I FaceWidgetPositionAlgorithm: getMediaContainerHeight() height = 0 container Visibility = 8, isValid = false, mIsDozing = false, fraction = 1.0, source = 0, target = 0
09-17 16:16:18.626  3464  3464 I FaceWidgetPositionAlgorithm: getMediaContainerHeight() supplier = 0
09-17 16:16:18.627 19480 19586 I SemBluetoothDatabase: cacheSemMetadata
09-17 16:16:18.627  3464  3553 D MobileStatusTracker(0/46): onSignalStrengthsChanged level=0, vendorLevel=0
09-17 16:16:18.627 19480 19586 V SemBluetoothDatabase: cacheSemMetadata: found device LocalStorage
09-17 16:16:18.627 19480 19586 I SemBluetoothDatabase: cacheSemMetadata: Database is ready
09-17 16:16:18.628  3464  3553 D MobileSignalController(0/46): notifyListener: enabled=true, connected=false, dataConnected=false, networkType=UNKNOWN (Unknown), emergencyOnly=false, roaming=false, isDefault=false, dataActivity=, level=0, ca=false, mmWave=false, disabledDataIcon=false, simCard=ETC
09-17 16:16:18.631  3464  3553 D NetworkController: SignalStrength from intent slotId=0
09-17 16:16:18.634  1601 19308 I cnss-daemon: wlfw_send_cap_req: chip_id: 0x0, chip_family 0xb, board_id: 0xff, soc_id: 0xffffffff, fw_version: 0x10178624, fw_build_timestamp: 2024-01-15 22:34
09-17 16:16:18.644  1322  1407 I VSyncReactor: Current= 120, TransitioningTo= 0, hwcPeriod= 120, Distance= 0
09-17 16:16:18.647  2469  2493 D SemNativeCarrierFeature_vendor: getInstance
09-17 16:16:18.647  2469  2493 D SemNativeCarrierFeature_vendor: getInstance
09-17 16:16:18.651 19480 19480 D BluetoothAdapterService: SCloud is exist. Version : 540525000
09-17 16:16:18.651 19480 19480 D BluetoothAdapterService: onBind()
09-17 16:16:18.657  1448  2652 W Binder  : Outgoing transactions from this process must be FLAG_ONEWAY
09-17 16:16:18.657  1448  2652 W Binder  : java.lang.Throwable
09-17 16:16:18.657  1448  2652 W Binder  : 	at android.os.BinderProxy.transact(BinderProxy.java:567)
09-17 16:16:18.657  1448  2652 W Binder  : 	at android.bluetooth.IBluetooth$Stub$Proxy.setBootState(IBluetooth.java:5128)
09-17 16:16:18.657  1448  2652 W Binder  : 	at com.android.server.bluetooth.BluetoothManagerService$BluetoothHandler.handleMessage(BluetoothManagerService.java:3827)
09-17 16:16:18.657  1448  2652 W Binder  : 	at android.os.Handler.dispatchMessage(Handler.java:106)
09-17 16:16:18.657  1448  2652 W Binder  : 	at android.os.Looper.loopOnce(Looper.java:226)
09-17 16:16:18.657  1448  2652 W Binder  : 	at android.os.Looper.loop(Looper.java:313)
09-17 16:16:18.657  1448  2652 W Binder  : 	at android.os.HandlerThread.run(HandlerThread.java:67)
09-17 16:16:18.657  1448  2652 D BluetoothManagerService: Broadcasting onBluetoothServiceUp() to 13 receivers.
09-17 16:16:18.658 16236 18316 D BluetoothAdapter: onBluetoothServiceUp: android.bluetooth.IBluetooth$Stub$Proxy@8f52af7
09-17 16:16:18.658  1448  2652 D BluetoothAdapter: onBluetoothServiceUp: android.bluetooth.IBluetooth$Stub$Proxy@34d2200
09-17 16:16:18.659  3847  8220 D BluetoothAdapter: onBluetoothServiceUp: android.bluetooth.IBluetooth$Stub$Proxy@dac7b61
09-17 16:16:18.660 16524 16889 D BluetoothAdapter: onBluetoothServiceUp: android.bluetooth.IBluetooth$Stub$Proxy@5813158
09-17 16:16:18.660  1601 19308 E cnss-daemon: wlfw_send_qdss_trace_config_download_req: Failed to find QDSS trace config file
09-17 16:16:18.660  2469  2493 D SemNativeCarrierFeature_vendor: getInstance
09-17 16:16:18.661  3464 29186 D BluetoothAdapter: onBluetoothServiceUp: android.bluetooth.IBluetooth$Stub$Proxy@e79336e
09-17 16:16:18.661 14719 14733 D BluetoothAdapter: onBluetoothServiceUp: android.bluetooth.IBluetooth$Stub$Proxy@46b8840
09-17 16:16:18.661 32147 32160 D BluetoothAdapter: onBluetoothServiceUp: android.bluetooth.IBluetooth$Stub$Proxy@ae3127a
09-17 16:16:18.662  9666  9683 D BluetoothAdapter: onBluetoothServiceUp: android.bluetooth.IBluetooth$Stub$Proxy@2195a57
09-17 16:16:18.662  3789  6724 D BluetoothAdapter: onBluetoothServiceUp: android.bluetooth.IBluetooth$Stub$Proxy@249c460
09-17 16:16:18.662 19480 19501 D BluetoothAdapter: onBluetoothServiceUp: com.android.bluetooth.btservice.AdapterService$AdapterServiceBinder@6fcb50d
09-17 16:16:18.663 31508 14275 D BluetoothAdapter: onBluetoothServiceUp: android.bluetooth.IBluetooth$Stub$Proxy@60f03b6
09-17 16:16:18.663 19398 19521 I ORC/ChannelUtils: resetAllCbChannelRange : SUCCESS
09-17 16:16:18.663 19398 19521 I ORC/ChannelUtils: setCbSettings : End.
09-17 16:16:18.663  3464  3464 I FaceWidgetPositionAlgorithm: getClockContainerHeight() supplier = 309, bottom margin = 0, real height = 381
09-17 16:16:18.664  3464  3464 I FaceWidgetPositionAlgorithm: getClockContainerHeight() supplier = 309, bottom margin = 72, real height = 381
09-17 16:16:18.664  3464  3464 I FaceWidgetPositionAlgorithm: getMediaContainerHeight() height = 0 container Visibility = 8, isValid = false, mIsDozing = false, fraction = 1.0, source = 0, target = 0
09-17 16:16:18.664 19480 19502 D BluetoothAdapterService: enable() - Enable called with quiet mode status =  false
09-17 16:16:18.664  3464  3464 I FaceWidgetPositionAlgorithm: getMediaContainerHeight() supplier = 0
09-17 16:16:18.664 19398 19521 I ORC/CountryDetector: getNetworkBasedCountryIso : gb
09-17 16:16:18.664 19398 19521 I ORC/CountryDetector: getSimFirstCountryIsoInner getSimBasedCountryIsogb
09-17 16:16:18.664 19398 19521 I ORC/LocalNumberManager: onSimStateChanged: simStatus = ABSENT, simSlot = 1
09-17 16:16:18.664 19480 19563 I AdapterState: BLE_TURNING_ON : entered 
09-17 16:16:18.665 19480 19563 D AdapterProperties: Setting state to BLE_TURNING_ON
09-17 16:16:18.665 19398 19521 I ORC/SimStateChangeReceiver: Reset SMSC[1]
09-17 16:16:18.666 19480 19563 D BluetoothAdapterService: updateAdapterState() - Broadcasting state BLE_TURNING_ON to 1 receivers.
09-17 16:16:18.666  1448  2652 D BluetoothManagerService: Ble Turning On, G state: 0, S state: 0
09-17 16:16:18.666 19398 19521 I CS/CapabilityFactory: onSimStateChanged : simSlot = 1 simStatus = ABSENT, isInitialStickyBroadcast = true
09-17 16:16:18.667 19398 19521 I ORC/CountryDetector: getNetworkBasedCountryIso : gb
09-17 16:16:18.667 19398 19521 I ORC/CountryDetector: getSimFirstCountryIsoInner getSimBasedCountryIsogb
09-17 16:16:18.667 19398 19521 I ORC/LocalNumberManager: onSimStateChanged: simStatus = LOADED, simSlot = 0
09-17 16:16:18.668  1448  1448 D SemWifiApSmartGattServer: got action : com.samsung.bluetooth.adapter.action.BLE_STATE_CHANGED
09-17 16:16:18.668  1448  1448 D SemWifiApSmartMHS: action BLE state:com.samsung.bluetooth.adapter.action.BLE_STATE_CHANGED::14
09-17 16:16:18.668  1448  1448 D SemWifiApSmartBleScanner: action BLE state:com.samsung.bluetooth.adapter.action.BLE_STATE_CHANGED::14
09-17 16:16:18.668  2469  2493 D SemNativeCarrierFeature_vendor: getInstance
09-17 16:16:18.668  2469  2493 D SemNativeCarrierFeature_vendor: getInstance
09-17 16:16:18.669 19364 19364 I IC_Service[1.2.93]: onReceive() IcDeviceStateListener got: com.samsung.bluetooth.adapter.action.BLE_STATE_CHANGED
09-17 16:16:18.673  1311 22472 V APM_AudioPolicyManager: setAppState(portId:2209, state:2)
09-17 16:16:18.673  1311 22472 V APM_AudioPolicyManager: setAppState(portId:2209, state:2)
09-17 16:16:18.677 19398 19521 I ORC/Logger:  ORC/LocalNumberManager(19398): putLocalNumberToMap, subId = 46, number = (12)447#nn#10#nn#780, source = SM
09-17 16:16:18.677 19398 19521 I ORC/LocalNumberManager: loadLocalNumberIfNeeded: mLocalNumber is loaded, (12)447#nn#10#nn#780, simSlot = 0, subId = 46
09-17 16:16:18.679 19398 19521 I ORC/CustomerNetworkFeatureLoader: isActivated = true, isNeedReload = false, isSingleSku = true
09-17 16:16:18.680 19398 19521 I ORC/UserSettingBySimUtil: load user setting by sim, simSlot: 0, imsi: 234#nn#082
09-17 16:16:18.680 19398 19521 I ORC/WithAppProvider: delete, uriMatch:1005
09-17 16:16:18.681  2469  2493 D SemNativeCarrierFeature_vendor: getInstance
09-17 16:16:18.682 19398 19521 I ORC/UserSettingBySimUtil: delete due to never been changed by a user, count = 1
09-17 16:16:18.682 19398 19521 I ORC/WithAppProvider: query, uriMatch:1005
09-17 16:16:18.682 19398 19521 I ORC/UserSettingBySimUtil: There is no user setting that matches the imsi value, insert new value from customer
09-17 16:16:18.683 19398 19521 I ORC/WithAppProvider: insert, uriMatch:1005
09-17 16:16:18.683 19480 19563 D BluetoothAdapterService: updateAdapterState prevState = 10newState = 14
09-17 16:16:18.683 19480 19563 D AdapterState: Start Timeout Delay: 19000
09-17 16:16:18.683 19480 19563 D BluetoothAdapterService: bleOnProcessStart()
09-17 16:16:18.684 19480 19563 I AdapterProperties: init(), maxConnectedAudioDevices, default=5, propertyOverlayed=5, finalValue=2
09-17 16:16:18.686 19398 19521 I ORC/UserSettingBySimUtil: settings = {sms_input_mode=Automatic, mms_retrieval_during_roaming=false, cb_settings_activation=false, mms_delivery_reports=false, sms_delivery_reports=false, mms_auto_retrieval=true, mms_read_reports=false}
09-17 16:16:18.686  1448  2577 I UMR     : E|Compact d_rss=-14428KB
09-17 16:16:18.687 19480 19563 D BluetoothAdapterService: bleOnProcessStart() - Make Bond State Machine
09-17 16:16:18.687 19480 19563 D BluetoothBondStateMachine: make
09-17 16:16:18.688 19480 19594 I BluetoothBondStateMachine: StableState(): Entering Off State
09-17 16:16:18.690 19398 19521 I ORC/CustomerNetworkFeatureLoader: SimMobility is false, Update features from CustomerFeature, simSlot = 0
09-17 16:16:18.691 19480 19480 D BtGatt.DebugUtils: handleDebugAction() action=null
09-17 16:16:18.692  1448  5399 D SettingsProvider: isChangeAllowed() : name = bluetooth_sanitized_exposure_notification_supported
09-17 16:16:18.692  1448  5399 D SettingsProvider: edmUri: content://com.sec.knox.provider/RestrictionPolicy3
09-17 16:16:18.692  1448  5399 D SettingsProvider: projectionArgs: isSettingsChangesAllowed
09-17 16:16:18.692  1448  5399 D SettingsProvider: selectionArgs: false
09-17 16:16:18.692  1448  5399 D SettingsProvider: selectionArgs: 1002
09-17 16:16:18.692  1448  5399 D SecContentProvider: query(), uri = 17 selection = isSettingsChangesAllowed
09-17 16:16:18.692  1448  5399 D SecContentProvider: called from android.uid.bluetooth:1002
09-17 16:16:18.692  1448  5399 D RestrictionPolicy: isSettingsChangesAllowedAsUser, userId 0 : true
09-17 16:16:18.692  1448  5399 D SettingsProvider: ret = 1
09-17 16:16:18.693 19480 19480 I droid.bluetooth: [0917/161618.693155:INFO:btif_ble_advertiser.cc(286)] get_ble_advertiser_instance use gd le advertiser
09-17 16:16:18.693 19480 19480 I droid.bluetooth: [0917/161618.693228:INFO:le_scanning_manager.cc(447)] RegisterCallbacks in shim layer
09-17 16:16:18.694 19398 19521 I ORC/CustomerNetworkFeatureLoader: update network dependent features, simSlot = 0, smsPageCount = 13, smsRecipient = 20, mmsRecipient = 20, mmsSize = 307200, emailGateWay = null, fromFieldMDN = null
09-17 16:16:18.694 19480 19480 D CompatibilityChangeReporter: Compat change id reported: 160794467; UID 1002; state: ENABLED
09-17 16:16:18.695 19398 19521 I ORC/ProvisionUtil: loadUserAgentFromCSC(from CscFeature, 0) : cscUa = 
09-17 16:16:18.697 19398 19521 I ORC/TelephonyUtils: getSimOperatorForSlot(0) : 23433
09-17 16:16:18.698 19398 19521 I ORC/CustomerFeature: getUaUap : type = MessageUserAgent
09-17 16:16:18.698 19398 19521 I ORC/CustomerFeature: getNbMMSView : Nb = -1
09-17 16:16:18.698 19398 19521 I ORC/ProvisionUtil: loadUserAgentFromCSC(from Customer, 0) : cscUa = null
