09-17 16:16:18.760  3464  3464 D CarrierTextController: carrierTextForSimState = No service
09-17 16:16:18.760  3464  3464 D CarrierTextController: setText : No service
09-17 16:16:18.760  3464  3464 D FaceWidgetPagesController: onRefreshCarrierInfo()
09-17 16:16:18.760  3848  4191 I ConfigProvider: queryStorage path content://com.samsung.rcs.autoconfigurationprovider/parameter/version#simslot0
09-17 16:16:18.760  3464  3464 D FaceWidgetClockRoamManager: isNetworkRoamingState id=46
09-17 16:16:18.761  3464  3464 D FaceWidgetClockRoamManager: isNetworkRoamingState false
09-17 16:16:18.761  3464  3464 D FaceWidgetClockRoamManager: onRefreshCarrierInfo(pre, now): false, false
09-17 16:16:18.761  3464  3464 D FaceWidgetClockPage: onRefreshCarrierInfo : isChanged false mIsRoaming false
09-17 16:16:18.761  3464  3464 D CarrierTextController: onRefreshCarrierInfo(), mTelephonyCapable: true
09-17 16:16:18.761  3464  3464 D CarrierTextController: updateCarrierText(): 1
09-17 16:16:18.761  3464  3464 D CarrierTextController: Handling (subId=46): 5 No service
09-17 16:16:18.761  3464  3464 D CarrierTextController: carrierTextForSimState = No service
09-17 16:16:18.761  3464  3464 D CarrierTextController: setText : No service
09-17 16:16:18.761  3464  3464 D MultiSIMController: MESSAGE_UPDATE_SERVICE_STATE
09-17 16:16:18.761  3464  3553 D NetworkController: ServiceState from intent slotId=0
09-17 16:16:18.761  1448  1512 W BroadcastQueue: Permission Denial: receiving Intent { act=android.intent.action.SERVICE_STATE flg=0x1000010 (has extras) } to com.google.android.cellbroadcastreceiver/com.android.cellbroadcastreceiver.CellBroadcastReceiver requires android.permission.READ_PHONE_STATE due to sender android (uid 1001)
09-17 16:16:18.762  1448  5399 W ContextImpl: Calling a method in the system process without a qualified user: android.app.ContextImpl.sendBroadcastMultiplePermissions:1335 android.content.Context.sendBroadcastMultiplePermissions:2285 com.android.server.TelephonyRegistry.broadcastServiceStateChanged:3141 com.android.server.TelephonyRegistry.notifyServiceStateForPhoneId:1630 com.android.internal.telephony.ITelephonyRegistry$Stub.onTransact:499 
09-17 16:16:18.762  1448  5399 W ContextImpl: Calling a method in the system process without a qualified user: android.app.ContextImpl.sendBroadcastMultiplePermissions:1335 android.content.Context.sendBroadcastMultiplePermissions:2285 com.android.server.TelephonyRegistry.broadcastServiceStateChanged:3145 com.android.server.TelephonyRegistry.notifyServiceStateForPhoneId:1630 com.android.internal.telephony.ITelephonyRegistry$Stub.onTransact:499 
09-17 16:16:18.762  3464  3553 D NetworkController: IsPowerOffServiceState is false: 0
09-17 16:16:18.762  3464  3553 D Tile.AirplaneModeTile:  handleUpdateState: airplane mode is disabled : enter mSetting.getValue() == 0 mIsWiFiOnlyDevice false isNoSimState false !isPowerOffServiceState true
09-17 16:16:18.762  3464  3553 D Tile.AirplaneModeTile:  handleUpdateState:  value = false, state = 1
09-17 16:16:18.763  1448  1512 W BroadcastQueue: Appop Denial: receiving Intent { act=android.intent.action.SERVICE_STATE flg=0x1000010 (has extras) } to ProcessRecord{2d7a16 1448:system/1000} (pid=1448, uid=1000) excludes appop android:read_phone_state due to sender android (uid 1001)
09-17 16:16:18.763  1448  1512 W BroadcastQueue: Appop Denial: receiving Intent { act=android.intent.action.SERVICE_STATE flg=0x1000010 (has extras) } to ProcessRecord{5d519b7 3464:com.android.systemui/u0a62} (pid=3464, uid=10062) excludes appop android:read_phone_state due to sender android (uid 1001)
09-17 16:16:18.763  1448  1512 W BroadcastQueue: Appop Denial: receiving Intent { act=android.intent.action.SERVICE_STATE flg=0x1000010 (has extras) } to ProcessRecord{2d7a16 1448:system/1000} (pid=1448, uid=1000) excludes appop android:read_phone_state due to sender android (uid 1001)
09-17 16:16:18.764  1448  1512 W BroadcastQueue: Appop Denial: receiving Intent { act=android.intent.action.SERVICE_STATE flg=0x1000010 (has extras) } to ProcessRecord{3b3db12 3789:com.android.phone/1001} (pid=3789, uid=1001) excludes appop android:read_phone_state due to sender android (uid 1001)
09-17 16:16:18.764  1448  1512 W BroadcastQueue: Appop Denial: receiving Intent { act=android.intent.action.SERVICE_STATE flg=0x1000010 (has extras) } to ProcessRecord{3b3db12 3789:com.android.phone/1001} (pid=3789, uid=1001) excludes appop android:read_phone_state due to sender android (uid 1001)
09-17 16:16:18.764  1448  5412 D CompatibilityChangeReporter: Compat change id reported: 181658987; UID 10062; state: ENABLED
09-17 16:16:18.765  3464  3553 D MobileStatusTracker(0/46): onDisplayInfoChanged: telephonyDisplayInfo=TelephonyDisplayInfo {network=LTE, override=NONE}
09-17 16:16:18.765  1448  1512 W BroadcastQueue: Appop Denial: receiving Intent { act=android.intent.action.SERVICE_STATE flg=0x1000010 (has extras) } to ProcessRecord{3b3db12 3789:com.android.phone/1001} (pid=3789, uid=1001) excludes appop android:read_phone_state due to sender android (uid 1001)
09-17 16:16:18.765  1448  1512 W BroadcastQueue: Appop Denial: receiving Intent { act=android.intent.action.SERVICE_STATE flg=0x1000010 (has extras) } to ProcessRecord{2d7a16 1448:system/1000} (pid=1448, uid=1000) excludes appop android:fine_location due to sender android (uid 1001)
09-17 16:16:18.765  1448  1512 W BroadcastQueue: Appop Denial: receiving Intent { act=android.intent.action.SERVICE_STATE flg=0x1000010 (has extras) } to ProcessRecord{5d519b7 3464:com.android.systemui/u0a62} (pid=3464, uid=10062) excludes appop android:fine_location due to sender android (uid 1001)
09-17 16:16:18.765  1448  1512 W BroadcastQueue: Appop Denial: receiving Intent { act=android.intent.action.SERVICE_STATE flg=0x1000010 (has extras) } to ProcessRecord{2d7a16 1448:system/1000} (pid=1448, uid=1000) excludes appop android:fine_location due to sender android (uid 1001)
09-17 16:16:18.765  1448  1512 W BroadcastQueue: Appop Denial: receiving Intent { act=android.intent.action.SERVICE_STATE flg=0x1000010 (has extras) } to ProcessRecord{3b3db12 3789:com.android.phone/1001} (pid=3789, uid=1001) excludes appop android:fine_location due to sender android (uid 1001)
09-17 16:16:18.765  1448  1512 W BroadcastQueue: Appop Denial: receiving Intent { act=android.intent.action.SERVICE_STATE flg=0x1000010 (has extras) } to ProcessRecord{3b3db12 3789:com.android.phone/1001} (pid=3789, uid=1001) excludes appop android:fine_location due to sender android (uid 1001)
09-17 16:16:18.765  1448  1512 W BroadcastQueue: Appop Denial: receiving Intent { act=android.intent.action.SERVICE_STATE flg=0x1000010 (has extras) } to ProcessRecord{3b3db12 3789:com.android.phone/1001} (pid=3789, uid=1001) excludes appop android:fine_location due to sender android (uid 1001)
09-17 16:16:18.765  1448  1512 W BroadcastQueue: Appop Denial: receiving Intent { act=android.intent.action.SERVICE_STATE flg=0x1000010 (has extras) } to ProcessRecord{2d7a16 1448:system/1000} (pid=1448, uid=1000) excludes appop android:read_phone_state due to sender android (uid 1001)
09-17 16:16:18.765  3848  4191 I ImsServiceSwitchEur[0]:  isRcsEnabled: true mDefaultSms true mUpsmEnabled false mEmergencyEnabled false
09-17 16:16:18.765  3789  3789 I Telephony: TelecomAccountRegistry$AccountEntry: isRttCurrentlySupported -- regular acct,, hasVoiceAvailability: false, isRttSupported: false, alwaysAllowWhileRoaming: false, isRoaming: false, isOnWfc: false
09-17 16:16:18.765  1448  1512 W BroadcastQueue: Appop Denial: receiving Intent { act=android.intent.action.SERVICE_STATE flg=0x1000010 (has extras) } to ProcessRecord{5d519b7 3464:com.android.systemui/u0a62} (pid=3464, uid=10062) excludes appop android:read_phone_state due to sender android (uid 1001)
09-17 16:16:18.765  3789  3789 V PhoneGlobals: handleServiceStateChanged
09-17 16:16:18.765  1448  1512 W BroadcastQueue: Appop Denial: receiving Intent { act=android.intent.action.SERVICE_STATE flg=0x1000010 (has extras) } to ProcessRecord{2d7a16 1448:system/1000} (pid=1448, uid=1000) excludes appop android:read_phone_state due to sender android (uid 1001)
09-17 16:16:18.765  3789  3789 D NotificationMgr: updateNetworkSelection, Use Samsung codes instead of AOSP codes
09-17 16:16:18.765  3789  3789 V PhoneGlobals: subId=-1, mDefaultDataSubId=46, ss roaming=false
09-17 16:16:18.765  1448  1512 W BroadcastQueue: Appop Denial: receiving Intent { act=android.intent.action.SERVICE_STATE flg=0x1000010 (has extras) } to ProcessRecord{3b3db12 3789:com.android.phone/1001} (pid=3789, uid=1001) excludes appop android:read_phone_state due to sender android (uid 1001)
09-17 16:16:18.765  3789  3789 V PhoneGlobals: handleServiceStateChanged
09-17 16:16:18.765  3789  3789 D NotificationMgr: updateNetworkSelection, Use Samsung codes instead of AOSP codes
09-17 16:16:18.765  1448  1512 W BroadcastQueue: Appop Denial: receiving Intent { act=android.intent.action.SERVICE_STATE flg=0x1000010 (has extras) } to ProcessRecord{3b3db12 3789:com.android.phone/1001} (pid=3789, uid=1001) excludes appop android:read_phone_state due to sender android (uid 1001)
09-17 16:16:18.765  3789  3789 V PhoneGlobals: subId=46, mDefaultDataSubId=46, ss roaming=false
09-17 16:16:18.766  3789  3789 V PhoneGlobals: updateDataRoamingStatus
09-17 16:16:18.766  1448  1512 W BroadcastQueue: Appop Denial: receiving Intent { act=android.intent.action.SERVICE_STATE flg=0x1000010 (has extras) } to ProcessRecord{3b3db12 3789:com.android.phone/1001} (pid=3789, uid=1001) excludes appop android:read_phone_state due to sender android (uid 1001)
09-17 16:16:18.766  1448  1512 W BroadcastQueue: Permission Denial: receiving Intent { act=android.intent.action.SERVICE_STATE flg=0x1000010 (has extras) } to com.google.android.cellbroadcastreceiver/com.android.cellbroadcastreceiver.CellBroadcastReceiver requires android.permission.ACCESS_FINE_LOCATION due to sender android (uid 1001)
09-17 16:16:18.766  3789  3789 V PhoneGlobals: dataAllowed=false, reasons=Data disallowed reasons: NOT_ATTACHED
09-17 16:16:18.766  3464  3553 D MobileSignalController(0/46): notifyListener: enabled=true, connected=false, dataConnected=false, networkType=LTE (4G), emergencyOnly=false, roaming=false, isDefault=false, dataActivity=, level=0, ca=false, mmWave=false, disabledDataIcon=false, simCard=ETC
09-17 16:16:18.767  1448  1512 W BroadcastQueue: Permission Denial: receiving Intent { act=android.intent.action.SERVICE_STATE flg=0x1000010 (has extras) } to com.google.android.cellbroadcastreceiver/com.android.cellbroadcastreceiver.CellBroadcastReceiver requires android.permission.READ_PHONE_STATE due to sender android (uid 1001)
09-17 16:16:18.768  3848  4191 I ConfigTrigger<0>: isWaitAutoConfig:
09-17 16:16:18.768  3464  3553 D MobileStatusTracker(0/46): onDataActivity: direction=0
09-17 16:16:18.769  3848  4191 I ImsServiceSwitchEur[0]:  isRcsEnabled: true mDefaultSms true mUpsmEnabled false mEmergencyEnabled false
09-17 16:16:18.769  3848  4191 I RegiMgr-Utils: selectPdnType: rat=0pdn=0
09-17 16:16:18.769  3848  4191 I RegiMgr<0>: getServiceForNetwork: network 0
09-17 16:16:18.769  3848  4191 I RegiMgr<0>: EE for Internet PDN: no ims service for current rat0
09-17 16:16:18.770 19127 19127 D CellBroadcastReceiver: onReceive Intent { act=android.intent.action.SERVICE_STATE flg=0x1000010 cmp=com.google.android.cellbroadcastreceiver/com.android.cellbroadcastreceiver.CellBroadcastReceiver (has extras) }
09-17 16:16:18.771  3848  4191 E #IMSCR  : 09-17 16:16:18 0x1101000B:0,FILTERED ALL:0
09-17 16:16:18.771  3848  4191 I RcsPolicyMgr<0>: pendingRcsRegister: mActiveDataPhoneId = 0
09-17 16:16:18.771  3848  4191 I RegisterTask: isSuspended: mSuspended(false) mSuspendByIrat(false)
09-17 16:16:18.771  3848  4191 I RegiMgr<0>: [EE for IMS UK|CONNECTING] checkForTryRegister id: 492
09-17 16:16:18.771  3848  4191 I RegiMgr : isPdnConnected: false, PdnType: 11
09-17 16:16:18.771 19127 19127 D CellBroadcastReceiver: onServiceStateChanged, ss: 1
09-17 16:16:18.771 19127 19127 D CellBroadcastReceiver: networkOperator: 23430
09-17 16:16:18.771 19127 19127 D CellBroadcastReceiver: roamingNetworks: [XXX]
09-17 16:16:18.771  3848  4191 I PdnController: getDefaultNetworkBearer: CELLULAR
09-17 16:16:18.771  3848  4191 I PdnController<0>: isNetworkAvailable: isEpdgConnected=false getDataNetworkType()=13
09-17 16:16:18.772 19127 19127 D CellBroadcastReceiver: update supported roaming operator as 
09-17 16:16:18.772  3848  4191 I PdnController<0>: isNetworkAvailable: isEpdgConnected=false getDataNetworkType()=13
09-17 16:16:18.773  1448  5399 D PhoneRestrictionPolicy: isOperationAllowed >>> slotNum: 0 function: 1
09-17 16:16:18.773  3848  4191 I RegiMgr-Utils<0>: Not found best network in LTE - OOS: true
09-17 16:16:18.773  3848  4191 I RegiGvnBase<0>: isReadyToDualRegister : true
09-17 16:16:18.774  3848  4191 I RegiMgr<0>: [EE for IMS UK|CONNECTING] checkInitialRegistrationIsReady: APM ON [false], Roamimg [false]
09-17 16:16:18.774  3848  4191 I RcsPolicyMgr<0>: pendingRcsRegister: mActiveDataPhoneId = 0
09-17 16:16:18.774  3848  4191 I ImsProfile: isRttSupportByCallApp : false ttyType : 1
09-17 16:16:18.774  3848  4191 I RegiMgr-Utils<0>: getPriorityRegiedTask : isPriority  High? true
09-17 16:16:18.775  3848  4191 I RegiGvnBase: checkRegiStatus: getState()=CONNECTING mIsUpdateRegistering=false
09-17 16:16:18.775  3848  4191 I RegiMgr<0>: getTelephonyCallStatus:
09-17 16:16:18.775  3848  4191 I GeolocationCon: handleMessage : what = SERVICE_STATE_CHANGED
09-17 16:16:18.775  3848  4191 I GeolocationCon: matchTimingReqLocation ,match=2, timing=4
09-17 16:16:18.775  3848  4191 I GeolocationCon: matchTimingReqLocation ,match=0, timing=4
09-17 16:16:18.775  3848  4191 I GeolocationCon: matchTimingReqLocation ,match=0, timing=4
09-17 16:16:18.776  3848  4191 I GeolocationCon: profile is null
09-17 16:16:18.776  3848  4191 I PdnController<0>: Active Phone Id = 0 MobileConnected = false
09-17 16:16:18.776  3848  4191 I PhoneStateTracker<0>: onServiceStateChanged: state={mVoiceRegState=1(OUT_OF_SERVICE), mDataRegState=1(OUT_OF_SERVICE), mChannelNumber=2147483647, duplexMode()=0, mCellBandwidths=[20000], mOperatorAlphaLong=, mOperatorAlphaShort=, isManualNetworkSelection=false(automatic), getRilVoiceRadioTechnology=0(Unknown), getRilDataRadioTechnology=14(LTE), mCssIndicator=unsupported, mNetworkId=*1, mSystemId=*1, mCdmaRoamingIndicator=-1, mCdmaDefaultRoamingIndicator=-1, VoiceRegType=0, Snap=0, MobileData=OUT_OF_SERVICE, MobileDataRoamingType=home, MobileDataRat=Unknown, PsOnly=false, FemtocellInd=0, SprDisplayRoam=false, OptRadioTech=0, MsimSubmode=0, IsVoiceCallAvailable=false, mIsEmergencyOnly=false, isUsingCarrierAggregation=false, mArfcnRsrpBoost=0, mNetworkRegistrationInfos=[NetworkRegistrationInfo{ domain=CS transportType=WWAN registrationState=NOT_REG_SEARCHING roamingType=NOT_ROAMING accessNetworkTechnology=UNKNOWN rejectCause=0 emergencyEnabled=false availableServices=[] cellIdentity=null voiceSpecificInfo=VoiceSpecificRegistrationInfo { mCssSupported=false mRoamingIndicator=0 mSystemIsInPrl=0 mDefaultRoamingIndicator=0} dataSpecificInfo=null nrState=**** rRplmn= isUsingCarrierAggregation=false}, NetworkRegistrationInfo{ domain=PS transportType=WWAN registrationState=NOT_REG_SEARCHING roamingType=NOT_ROAMING accessNetworkTechnology=LTE rejectCause=0 emergencyEnabled=false availableServices=[] cellIdentity=CellIdentityLte:{ mCi=3****59 mPci=0 mTac=0 mEarfcn=2147483647 mBands=[] mBandwidth=2147483647 mMcc=234 mMnc=30 mAlphaLong=EE mAlphaShort=EE mAdditionalPlmns={} mCsgInfo=null} voiceSpecificInfo=null dataSpecificInfo=android.telephony.DataSpecificRegistrationInfo :{ maxDataCalls = 16 isDcNrRestricted = false isNrAvailable = false isEnDcAvailable = false LteVopsSupportInfo :  mVopsSupport = 1 mEmcBearerSupport = 1 } nrState=**** rRplmn=23430 isUsingCarrierAggregation=false}], mNrFrequencyRange=0, mOperatorAlphaLongRaw=, mOperatorAlphaShortRaw=, mIsDataRoamingFromRegistration=false, mIsIwlanPreferred=false}Changed=
09-17 16:16:18.776  3848  4191 I PdnController<0>: notifyDataConnectionState
09-17 16:16:18.776  3848  4191 I PdnController<0>: initialize PendedEPDGWeakSignal flag
09-17 16:16:18.776  3848  4191 I PdnController<0>: setPendedEPDGWeakSignal
09-17 16:16:18.776  3848  4191 I PdnController<0>: notifyDataConnectionState: needNotify=false networkType=13 isEpdgConnected=false dataNetType=13=>13 dataRegState=1=>1
09-17 16:16:18.776  3848  4191 I PhoneStateTracker<0>: notifySnapshotState: snapshotState=0 old=0
09-17 16:16:18.776  3848  4191 I RegiMgr-Handler: handleMessage: EVENT_DO_PENDING_UPDATE_REGISTRATION
09-17 16:16:18.776  3848  4191 I GeolocationCon: handleMessage : what = SERVICE_STATE_CHANGED
09-17 16:16:18.776  3848  4191 I GeolocationCon: matchTimingReqLocation ,match=2, timing=4
09-17 16:16:18.776  3848  4191 I GeolocationCon: matchTimingReqLocation ,match=0, timing=4
09-17 16:16:18.776  3848  4191 I GeolocationCon: matchTimingReqLocation ,match=0, timing=4
09-17 16:16:18.776  3848  4191 I GeolocationCon: profile is null
09-17 16:16:18.781  1448  5399 D PhoneRestrictionPolicy: isOperationAllowed >>> slotNum: 0 function: 1
09-17 16:16:18.784  3789  3789 V PhoneGlobals: handleServiceStateChanged
09-17 16:16:18.784  3789  3789 D NotificationMgr: updateNetworkSelection, Use Samsung codes instead of AOSP codes
09-17 16:16:18.784  3789  3789 V PhoneGlobals: subId=-1, mDefaultDataSubId=46, ss roaming=false
09-17 16:16:18.785  3789  3789 I Telephony: TelecomAccountRegistry$AccountEntry: isRttCurrentlySupported -- regular acct,, hasVoiceAvailability: false, isRttSupported: false, alwaysAllowWhileRoaming: false, isRoaming: false, isOnWfc: false
09-17 16:16:18.785  3789  3789 V PhoneGlobals: handleServiceStateChanged
09-17 16:16:18.785  3789  3789 D NotificationMgr: updateNetworkSelection, Use Samsung codes instead of AOSP codes
09-17 16:16:18.785  3789  3789 V PhoneGlobals: subId=46, mDefaultDataSubId=46, ss roaming=false
09-17 16:16:18.785  3789  3789 V PhoneGlobals: updateDataRoamingStatus
09-17 16:16:18.785  3789  3789 V PhoneGlobals: dataAllowed=false, reasons=Data disallowed reasons: NOT_ATTACHED
09-17 16:16:18.826  3464  3464 D BubblesManager: onEntryUpdated : shouldBubbleUp=false ,key=0|com.android.phone|3|null|1001
09-17 16:16:18.827  3464  3464 D InterruptionStateProvider:  no Heads up : edgelighting enabled app. 0|com.android.phone|3|null|1001
09-17 16:16:18.834  1227 19611 D vendor.qti.bluetooth@1.0-wake_lock: Acquire wakelock is acquired 
09-17 16:16:18.834  1227 19611 D vendor.qti.bluetooth@1.0-uart_transport: Init:> soc_type: 4, need_reload: 1
09-17 16:16:18.834  1227 19611 D vendor.qti.bluetooth@1.0-uart_transport: ConfigUart: fd: 9, p_cfg: 0x7b6646a7e4
09-17 16:16:18.834  1227 19611 D vendor.qti.bluetooth@1.0-uart_transport: ConfigUart: baud {0x0, 0x1002}, fmt: 0x8209
09-17 16:16:18.834  1227 19611 D vendor.qti.bluetooth@1.0-uart_transport: ConfigUart: data_bits: 0x30, parity: 0x0, stop_bits: 0x0
09-17 16:16:18.834  1227 19611 I vendor.qti.bluetooth@1.0-uart_transport: ConfigUart: HW flow control enabled
09-17 16:16:18.835  1227 19611 D vendor.qti.bluetooth@1.0-uart_transport: OpenUart: succeed to open /dev/ttyHS0, fd: 9
09-17 16:16:18.835  1227 19611 D vendor.qti.bluetooth@1.0-uart_transport: InitTransport: soc_type(4), opening '/dev/ttyHS0' return fd=9
09-17 16:16:18.835  1227 19611 D vendor.qti.bluetooth@1.0-patch_dl_manager: PatchDLManager
09-17 16:16:18.836  1227 19611 D vendor.qti.bluetooth@1.0-ibs_handler: IsEnabled: SIBS enabled: true
09-17 16:16:18.836  1227 19611 D vendor.qti.bluetooth@1.0-ibs_handler: IbsHandler
09-17 16:16:18.836  1227 19611 D vendor.qti.bluetooth@1.0-ibs_handler: InitInt: tty_fd = 9
09-17 16:16:18.837  1227 19611 D vendor.qti.bluetooth@1.0-bluetooth_address: GetLocalAddress
09-17 16:16:18.837  1227 19611 I vendor.qti.bluetooth@1.0-bluetooth_address: getting bdaddr from property
09-17 16:16:18.840  1227 19611 I vendor.qti.bluetooth@1.0-uart_transport: ## userial_vendor_ioctl: UART Flow On 
09-17 16:16:18.840  1227 19611 I vendor.qti.bluetooth@1.0-patch_dl_manager: Wipower not enabled
09-17 16:16:18.840  1227 19611 I vendor.qti.bluetooth@1.0-patch_dl_manager:  SocInit 
09-17 16:16:18.840  1227 19611 D vendor.qti.bluetooth@1.0-patch_dl_manager: PatchVerReq: Sending Get Version CMD to SOC
09-17 16:16:18.840  1227 19611 D vendor.qti.bluetooth@1.0-patch_dl_manager: HciSendVsCmd: Get Version Cmd sent to SOC
09-17 16:16:18.842  3464  3464 I FaceWidgetPositionAlgorithm: getClockContainerHeight() supplier = 309, bottom margin = 0, real height = 381
09-17 16:16:18.842  3464  3464 I FaceWidgetPositionAlgorithm: getClockContainerHeight() supplier = 309, bottom margin = 72, real height = 381
09-17 16:16:18.843  3464  3464 I FaceWidgetPositionAlgorithm: getMediaContainerHeight() height = 0 container Visibility = 8, isValid = false, mIsDozing = false, fraction = 1.0, source = 0, target = 0
09-17 16:16:18.843  3464  3464 I FaceWidgetPositionAlgorithm: getMediaContainerHeight() supplier = 0
09-17 16:16:18.845  1227 19611 I vendor.qti.bluetooth@1.0-patch_dl_manager: ReadVsHciEvent: Expected CC
09-17 16:16:18.845  1227 19611 I vendor.qti.bluetooth@1.0-patch_dl_manager: HCI Unified command interface supported
09-17 16:16:18.845  1227 19611 I vendor.qti.bluetooth@1.0-patch_dl_manager: 	 unified Current Product ID		: 0x00000010
09-17 16:16:18.845  1227 19611 I vendor.qti.bluetooth@1.0-patch_dl_manager: 	 unified Current Patch Version		: 0x0d2b
09-17 16:16:18.845  1227 19611 I vendor.qti.bluetooth@1.0-patch_dl_manager: 	 unified Current ROM Build Version	: 0x0200
09-17 16:16:18.845  1227 19611 I vendor.qti.bluetooth@1.0-patch_dl_manager: 	 unified Current SOC Version		: 0x400a0200
09-17 16:16:18.845  1227 19611 E vendor.qti.bluetooth@1.0-power_manager: 
09-17 16:16:18.845  1227 19611 E vendor.qti.bluetooth@1.0-power_manager: bt soc version  (1074397696)
09-17 16:16:18.845  1227 19611 E vendor.qti.bluetooth@1.0-patch_dl_manager: PatchVerReq: rsp[CMD_RSP_OFFSET] = 1 ,  rsp[RSP_TYPE_OFFSET] = 0
09-17 16:16:18.845  1227 19611 I vendor.qti.bluetooth@1.0-patch_dl_manager: SocInit: Chipset Version (0x400a020000100200)
09-17 16:16:18.845  1227 19611 D vendor.qti.bluetooth@1.0-patch_dl_manager: FormRegularPaths: Checking and Setting proper Rampatch and NVM path
09-17 16:16:18.845  1227 19611 D vendor.qti.bluetooth@1.0-patch_dl_manager: FormRegularPaths: Done checking and setting proper Rampatch and NVM path
09-17 16:16:18.845  1227 19611 I vendor.qti.bluetooth@1.0-uart_transport: ## userial_vendor_ioctl: UART Flow Off 
09-17 16:16:18.867  1227 19611 I vendor.qti.bluetooth@1.0-uart_transport: ## userial_vendor_set_baud: 17
09-17 16:16:18.869  3464  3464 I FaceWidgetPositionAlgorithm: getClockContainerHeight() supplier = 309, bottom margin = 0, real height = 381
09-17 16:16:18.869  3464  3464 I FaceWidgetPositionAlgorithm: getClockContainerHeight() supplier = 309, bottom margin = 72, real height = 381
09-17 16:16:18.869  3464  3464 I FaceWidgetPositionAlgorithm: getMediaContainerHeight() height = 0 container Visibility = 8, isValid = false, mIsDozing = false, fraction = 1.0, source = 0, target = 0
09-17 16:16:18.869  3464  3464 I FaceWidgetPositionAlgorithm: getMediaContainerHeight() supplier = 0
09-17 16:16:18.871  1227 19611 I vendor.qti.bluetooth@1.0-uart_transport: SetBaudRate: in BOTHER
09-17 16:16:18.871  1227 19611 I vendor.qti.bluetooth@1.0-uart_transport: GetBaudRate: Current Baudrate = 3200000 bps
09-17 16:16:18.871  1227 19611 I vendor.qti.bluetooth@1.0-uart_transport: ## userial_vendor_ioctl: UART Flow On 
09-17 16:16:18.871  1227 19611 D vendor.qti.bluetooth@1.0-patch_dl_manager: ReadHciEvent: Expected CC
09-17 16:16:18.871  1227 19611 I vendor.qti.bluetooth@1.0-patch_dl_manager: SocInit: Baud rate changed successfully 
09-17 16:16:18.871  1227 19611 I vendor.qti.bluetooth@1.0-patch_dl_manager: File open /vendor/firmware/htbtfw20.tlv succeeded
09-17 16:16:18.873  1322  1407 I VSyncReactor: Current= 120, TransitioningTo= 0, hwcPeriod= 120, Distance= 0
09-17 16:16:18.875  1227 19611 I vendor.qti.bluetooth@1.0-patch_dl_manager: ====================================================
09-17 16:16:18.875  1227 19611 I vendor.qti.bluetooth@1.0-patch_dl_manager: TLV Type			 : 0x1
09-17 16:16:18.875  1227 19611 I vendor.qti.bluetooth@1.0-patch_dl_manager: Length			 : 213308 bytes
09-17 16:16:18.875  1227 19611 I vendor.qti.bluetooth@1.0-patch_dl_manager: Total Length			 : 213276 bytes
09-17 16:16:18.875  1227 19611 I vendor.qti.bluetooth@1.0-patch_dl_manager: Patch Data Length			 : 213240 bytes
09-17 16:16:18.875  1227 19611 I vendor.qti.bluetooth@1.0-patch_dl_manager: Signing Format Version	 : 0x1
09-17 16:16:18.875  1227 19611 I vendor.qti.bluetooth@1.0-patch_dl_manager: Signature Algorithm		 : 0x0
09-17 16:16:18.875  1227 19611 I vendor.qti.bluetooth@1.0-patch_dl_manager: Event Handling			 : 0x3
09-17 16:16:18.875  1227 19611 I vendor.qti.bluetooth@1.0-patch_dl_manager: Reserved			 : 0x0
09-17 16:16:18.875  1227 19611 I vendor.qti.bluetooth@1.0-patch_dl_manager: Product ID			 : 0x0010
09-17 16:16:18.875  1227 19611 I vendor.qti.bluetooth@1.0-patch_dl_manager: Rom Build Version		 : 0x0200
09-17 16:16:18.875  1227 19611 I vendor.qti.bluetooth@1.0-patch_dl_manager: Patch Version		 : 0x5def
09-17 16:16:18.875  1227 19611 I vendor.qti.bluetooth@1.0-patch_dl_manager: Reserved			 : 0x0
09-17 16:16:18.875  1227 19611 I vendor.qti.bluetooth@1.0-patch_dl_manager: Patch Entry Address		 : 0x0
09-17 16:16:18.875  1227 19611 I vendor.qti.bluetooth@1.0-patch_dl_manager: ====================================================
09-17 16:16:18.875  1227 19611 I vendor.qti.bluetooth@1.0-patch_dl_manager: TlvDnldReq: TLV size: 213312, Total Seg num: 877, remain size: 201
09-17 16:16:18.875  1227 19611 I vendor.qti.bluetooth@1.0-patch_dl_manager: Event handling type: SKIP_EVT_VSE_CC
09-17 16:16:18.890  3464  3464 I FaceWidgetPositionAlgorithm: getClockContainerHeight() supplier = 309, bottom margin = 0, real height = 381
09-17 16:16:18.890  3464  3464 I FaceWidgetPositionAlgorithm: getClockContainerHeight() supplier = 309, bottom margin = 72, real height = 381
09-17 16:16:18.890  3464  3464 I FaceWidgetPositionAlgorithm: getMediaContainerHeight() height = 0 container Visibility = 8, isValid = false, mIsDozing = false, fraction = 1.0, source = 0, target = 0
09-17 16:16:18.890  3464  3464 I FaceWidgetPositionAlgorithm: getMediaContainerHeight() supplier = 0
09-17 16:16:18.893 19127 19559 D CellBroadcastReceiver: mockmodem is running? = false
09-17 16:16:18.896  1311  5577 V APM_AudioPolicyManager: setAppState(portId:2209, state:2)
09-17 16:16:18.944  1601 19302 I cnss-daemon: WLPS service connected
09-17 16:16:18.955  2469  2482 D SemNativeCarrierFeature_vendor: getInstance
09-17 16:16:18.960  2469  2482 D SemNativeCarrierFeature_vendor: getInstance
09-17 16:16:18.973  2469  2482 D SemNativeCarrierFeature_vendor: getInstance
09-17 16:16:18.974  2469  2482 D SemNativeCarrierFeature_vendor: getInstance
09-17 16:16:18.975  3789  3819 I System.out: Broadcasting: Intent { act=android.intent.action.LTE_SMS_STATUS (has extras) }
09-17 16:16:18.984  3789  3819 I System.out: Broadcasting: Intent { act=android.intent.action.LTE_SMS_STATUS (has extras) }
09-17 16:16:18.987  3848  3848 I VolteServiceModule: onBarringInfoChanged: barringInfo BarringInfo {mCellIdentity=CellIdentityLte:{ mCi=3****59 mPci=0 mTac=2***1 mEarfcn=0 mBands=[1] mBandwidth=0 mMcc=234 mMnc=30 mAlphaLong= mAlphaShort= mAdditionalPlmns={} mCsgInfo=null}, mBarringServiceInfos={8={isBarred: false (type: 0, isConditionally: false), factor: 0, timeseconds: 0}}}
09-17 16:16:18.987  3789  8293 I System.out: Broadcast completed: result=0
09-17 16:16:18.987  3789  3819 I System.out: Broadcasting: Intent { act=com.samsung.intent.action.BIG_DATA_INFO (has extras) }
09-17 16:16:18.987  3848  4411 I VolteServiceModule: voiceBarringInfo mConditionalBarringFactor:0 mConditionalBarringTimeSeconds:0
09-17 16:16:18.987  3848  4411 I VolteServiceModule: videoBarringInfo mConditionalBarringFactor:0 mConditionalBarringTimeSeconds:0
09-17 16:16:18.987  3848  4411 I SsacManager: updateSSACInfo[1] : Voice(100:0) Video(100:0)
09-17 16:16:18.988  3848  4411 I SsacManager: Voice Call updateSSACInfo[1] : f[100], t[0]
09-17 16:16:18.988  3848  4411 I SsacManager: Video Call updateSSACInfo[1] : f[100], t[0]
09-17 16:16:18.988  3848  4411 I VolteServiceModule: onBarringInfoChanged: barringInfo BarringInfo {mCellIdentity=CellIdentityLte:{ mCi=3****59 mPci=0 mTac=2***1 mEarfcn=0 mBands=[1] mBandwidth=0 mMcc=234 mMnc=30 mAlphaLong= mAlphaShort= mAdditionalPlmns={} mCsgInfo=null}, mBarringServiceInfos={8={isBarred: false (type: 0, isConditionally: false), factor: 0, timeseconds: 0}}}
09-17 16:16:18.988  3848  4411 I VolteServiceModule: voiceBarringInfo mConditionalBarringFactor:0 mConditionalBarringTimeSeconds:0
09-17 16:16:18.988  3848  4411 I VolteServiceModule: videoBarringInfo mConditionalBarringFactor:0 mConditionalBarringTimeSeconds:0
09-17 16:16:18.988  3848  4411 I SsacManager: updateSSACInfo[0] : Voice(100:0) Video(100:0)
09-17 16:16:18.988  3848  4411 I SsacManager: Voice Call updateSSACInfo[0] : f[100], t[0]
09-17 16:16:18.988  3848  4411 I SsacManager: Video Call updateSSACInfo[0] : f[100], t[0]
09-17 16:16:18.991  3789  8293 I System.out: Broadcast completed: result=0
09-17 16:16:18.992  1448  1448 I NSLocationMonitor: Broadcast receiver, action=com.samsung.intent.action.BIG_DATA_INFO
09-17 16:16:18.993  1448  3345 V SemCellularStateManager: notifyCellularStateChanged : sendCommandUpdateCellularCapabilities called
09-17 16:16:18.994  3464  3553 D MobileStatusTracker(0/46): onSignalStrengthsChanged level=4, vendorLevel=4
09-17 16:16:18.995  3789  3789 D SemBigDataInfoController: Intent: com.samsung.intent.action.BIG_DATA_INFO
09-17 16:16:18.995  3789  3789 D SemBigDataInfoController: BIG_DATA insertLog slot: 0, feature: 6
09-17 16:16:18.995  3464  3553 D MobileSignalController(0/46): notifyListener: enabled=true, connected=false, dataConnected=false, networkType=LTE (4G), emergencyOnly=false, roaming=false, isDefault=false, dataActivity=, level=0, ca=false, mmWave=false, disabledDataIcon=false, simCard=ETC
09-17 16:16:18.996  3464  3553 D NetworkController: SignalStrength from intent slotId=0
09-17 16:16:19.002  3789  3789 D SemBigDataInfoController: Intent: com.samsung.intent.action.BIG_DATA_INFO
09-17 16:16:19.002  3789  6724 I System.out: Broadcast completed: result=0
09-17 16:16:19.003  2469  2482 D SemNativeCarrierFeature_vendor: getInstance
09-17 16:16:19.009 16454 16454 I [ND]NetworkDiagnosticReceiver: main | onReceive: sec.intent.action.networkdiagnostic.USE_APP_FEATURE_SURVEY
09-17 16:16:19.009  1137  2612 D QC-time-services: Daemon:mdm_ind_cb: Got Update from mdm msg_id 51
09-17 16:16:19.009 16454 16454 I [ND]NetworkDiagnosticReceiver: main | onReceive: Bundle[mParcelledData.dataSize=400]
09-17 16:16:19.010 16454 16454 I [ND]JobScheduleUtil: main | schedule
09-17 16:16:19.010 16454 16454 I [ND]JobScheduleUtil: main | USE_APP_FEATURE_SURVEY
09-17 16:16:19.014 16454 16454 I [ND]StartBackgroundServices: main | enqueueWork: 7
09-17 16:16:19.015 16524 16524 D XCAL-Smart [BatteryAmpere] :: (ADB_MainActivity.java:6108).getCurrentAmpere - UI Update -70 mA
09-17 16:16:19.018  1448  3537 D PackageManager: setEnabledSetting : userId = 0 packageName = com.samsung.android.networkdiagnostic cmp = androidx.work.impl.background.systemalarm.RescheduleReceiver newState = 1 callingPackage = 5023/com.samsung.android.networkdiagnostic
09-17 16:16:19.019  1448  3537 D ApplicationPolicy: getApplicationStateEnabled : pkg = com.samsung.android.networkdiagnostic userId : 0
09-17 16:16:19.019  1448  3537 D ApplicationPolicy: getApplicationComponentState : pkg = com.samsung.android.networkdiagnostic userId : 0
09-17 16:16:19.022  1583 18292 I OMX-VENC: venc_dev: stats: avg. fps 33.62, bitrate 673534
09-17 16:16:19.028  2469  2482 D SemNativeCarrierFeature_vendor: getInstance
09-17 16:16:19.029  2469  2482 D SemNativeCarrierFeature_vendor: getInstance
09-17 16:16:19.029  3789  3819 I System.out: Broadcasting: Intent { act=android.intent.action.LTE_SMS_STATUS (has extras) }
09-17 16:16:19.036  3789  3819 I System.out: Broadcasting: Intent { act=android.intent.action.LTE_SMS_STATUS (has extras) }
09-17 16:16:19.036  2469  2482 D SemNativeCarrierFeature_vendor: getInstance
09-17 16:16:19.041  3789  6724 I System.out: Broadcast completed: result=0
09-17 16:16:19.043  3789  6724 I System.out: Broadcast completed: result=0
09-17 16:16:19.054  2469  2482 D SemNativeCarrierFeature_vendor: getInstance
09-17 16:16:19.054  2469  2482 D SemNativeCarrierFeature_vendor: getInstance
09-17 16:16:19.060  2469 19622 D QC-time-services: Lib:time_genoff_operation: pargs->base = 12
09-17 16:16:19.060  2469 19622 D QC-time-services: Lib:time_genoff_operation: pargs->operation = 0
09-17 16:16:19.060  2469 19622 D QC-time-services: Lib:time_genoff_operation: pargs->ts_val = 2005255494978000
09-17 16:16:19.060  1137  1365 D QC-time-services: Daemon: Connection accepted:time_genoff
09-17 16:16:19.061  2469 19622 D QC-time-services: Lib:time_genoff_operation: Send to server  passed!!
09-17 16:16:19.061  1137 19623 D QC-time-services: Daemon: genoff_handler: Process name is rild
09-17 16:16:19.061  1137 19623 D QC-time-services: Daemon:Received base = 12, unit = 1, operation = 0,value = 2005255494978000
09-17 16:16:19.061  1137 19623 D QC-time-services: Daemon:genoff_opr: Base = 12, val = 2005255494978000, operation = 0
09-17 16:16:19.061  1137 19623 D QC-time-services: Daemon:Value read from QTimer mseconds = 2772028372
09-17 16:16:19.061  1137 19623 D QC-time-services: Daemon:Value read from RTC mseconds on boot = 16317691000
09-17 16:16:19.061  1137 19623 D QC-time-services: Daemon:Delta read on boot mseconds = 16317633136
09-17 16:16:19.061  1137 19623 D QC-time-services: Daemon:new time 2005255494978000 
09-17 16:16:19.061  1137 19623 D QC-time-services: Daemon: delta 2005236405316492 genoff 2005236405316492 
09-17 16:16:19.061  1137 19623 D QC-time-services: Daemon:genoff_persistent_update: Writing genoff = 2005236405316492 to memory
09-17 16:16:19.061  1137 19623 D QC-time-services: Daemon:Opening File: /mnt/vendor/persist/time/ats_12 /data/vendor/time/ats_12
09-17 16:16:19.061  1137 19623 D QC-time-services: Daemon:time_persistent_memory_opr:Genoff write operation 
09-17 16:16:19.066 16454 19624 I [ND]SurveyMeasurementWorker: androidx.work-3 | Start Work
09-17 16:16:19.067 16454 19624 I [ND]SurveyMeasurementWorker: androidx.work-3 | internal receiver is registered
09-17 16:16:19.071  2469 19622 E QC-time-services: Receive Passed == base = 12, unit = 1, operation = 0, result = 0
09-17 16:16:19.071  2469 19622 D QC-time-services: Lib:time_genoff_operation: pargs->base = 13
09-17 16:16:19.071  2469 19622 D QC-time-services: Lib:time_genoff_operation: pargs->operation = 0
09-17 16:16:19.071  2469 19622 D QC-time-services: Lib:time_genoff_operation: pargs->ts_val = 2005255494978000
09-17 16:16:19.071  1137  1365 E QC-time-services: Daemon: Time-services: Waiting to acceptconnection
09-17 16:16:19.071  1137  1365 D QC-time-services: Daemon: Connection accepted:time_genoff
09-17 16:16:19.071  2469 19622 D QC-time-services: Lib:time_genoff_operation: Send to server  passed!!
09-17 16:16:19.072  1137 19625 D QC-time-services: Daemon: genoff_handler: Process name is rild
09-17 16:16:19.072  1137 19625 D QC-time-services: Daemon:Received base = 13, unit = 1, operation = 0,value = 2005255494978000
09-17 16:16:19.072  1137 19625 D QC-time-services: Daemon:genoff_opr: Base = 13, val = 2005255494978000, operation = 0
09-17 16:16:19.072  1137 19625 D QC-time-services: Daemon:Value read from QTimer mseconds = 2772028382
09-17 16:16:19.072  1137 19625 D QC-time-services: Daemon:Value read from RTC mseconds on boot = 16317691000
09-17 16:16:19.072  1137 19625 D QC-time-services: Daemon:Delta read on boot mseconds = 16317633136
09-17 16:16:19.072  1137 19625 D QC-time-services: Daemon:new time 2005255494978000 
09-17 16:16:19.072  1137 19625 D QC-time-services: Daemon: delta 2005236405316482 genoff 2005236405316482 
09-17 16:16:19.072  1137 19625 D QC-time-services: Daemon:genoff_persistent_update: Writing genoff = 2005236405316482 to memory
09-17 16:16:19.072  1137 19625 D QC-time-services: Daemon:Opening File: /mnt/vendor/persist/time/ats_13 /data/vendor/time/ats_13
09-17 16:16:19.072  1137 19625 D QC-time-services: Daemon:time_persistent_memory_opr:Genoff write operation 
09-17 16:16:19.074  2469  2493 D SemNativeCarrierFeature_vendor: getInstance
09-17 16:16:19.075  2469 19622 E QC-time-services: Receive Passed == base = 13, unit = 1, operation = 0, result = 0
09-17 16:16:19.075  1137  1365 E QC-time-services: Daemon: Time-services: Waiting to acceptconnection
09-17 16:16:19.077  1448  1502 D time_detector: For more accuracy, systemClockUpdateThreshold changed to 500
09-17 16:16:19.078  1448  1502 D time_detector: Not setting system clock. New time and system clock are close enough. elapsedRealtimeMillis=2772024376 newTime=TimestampedValue{mReferenceTimeMillis=2735565176, mValue=1726549719773} cause=Found good network suggestion., networkSuggestion=NetworkTimeSuggestion{mUnixEpochTime=TimestampedValue{mReferenceTimeMillis=2735565176, mValue=1726549719773}, mDebugInfo=[Origin: NetworkTimeUpdateService. event=2]}, detectionReason=New telephony time suggested. timeSuggestion=TelephonyTimeSuggestion{mSlotIndex='0', mUnixEpochTime=TimestampedValue{mReferenceTimeMillis=2772024363, mValue=1726586178000}, mDebugInfo=[Sending new time suggestion nitzSignal=NitzSignal{mReceiptElapsedMillis=PT770H24.363S, mNitzData=NitzData{mOriginalString=24/09/17,15:16:18+04,01, mZoneOffset=3600000, mDstOffset=3600000, mCurrentTimeMillis=1726586178000, mEmulatorHostTimeZone=null}, mAgeMillis=0}, reason=handleNitzReceived(NitzSignal{mReceiptElapsedMillis=PT770H24.363S, mNitzData=NitzData{mOriginalString=24/09/17,15:16:18+04,01, mZoneOffset=3600000, mDstOffset=3600000, mCurrentTimeMillis=1726586178000, mEmulatorHostTimeZone=null}, mAgeMillis=0})]} systemClockUpdateThreshold=500 absTimeDifference=104
09-17 16:16:19.078 16454 19624 W [ND]SurveyMeasurementWorker: androidx.work-3 | duplicated PDPS message is coming
09-17 16:16:19.090 16454 19624 I [ND]Preconditions: androidx.work-3 | prop:false->false, pref:false->false, GRM mode (false)
09-17 16:16:19.090 16454 19624 I [ND]Preconditions: androidx.work-3 | UT Mode | Preconditions are NOT satisfied | "SM-G781B" in [ SurveyModelDomain(useModel=SM-G981N), SurveyModelDomain(useModel=SM-G986N), SurveyModelDomain(useModel=SM-G988N), SurveyModelDomain(useModel=SM-F700N), SurveyModelDomain(useModel=SM-F707N), SurveyModelDomain(useModel=SM-G977N), SurveyModelDomain(useModel=SM-N986N), SurveyModelDomain(useModel=SM-N981N), SurveyModelDomain(useModel=SM-F916N), SurveyModelDomain(useModel=SM-G991N), SurveyModelDomain(useModel=SM-G996N), SurveyModelDomain(useModel=SM-G998N), SurveyModelDomain(useModel=SM-F711N), SurveyModelDomain(useModel=SM-F926N), SurveyModelDomain(useModel=SM-S901N), SurveyModelDomain(useModel=SM-S906N), SurveyModelDomain(useModel=SM-S908N) ]
09-17 16:16:19.090 16454 19624 I [ND]UtModeUtilityImpl: androidx.work-3 | Get nedi.ut_mode (false)
09-17 16:16:19.090 16454 19624 I [ND]UtModeUtilityImpl: androidx.work-3 | Get nedi.grm_mode (false)
09-17 16:16:19.096  2469  2493 D SemNativeCarrierFeature_vendor: getInstance
09-17 16:16:19.101 16454 19624 W [ND]LocationUtilityImpl: androidx.work-3 | getLocationSingle: location time/provider condition is not satisfied
09-17 16:16:19.112  2469  2493 D SemNativeCarrierFeature_vendor: getInstance
09-17 16:16:19.113 16454 19624 I [ND]SurveyMeasurementWorker: androidx.work-3 | onComplete, disposed=true
09-17 16:16:19.114 16454 19624 I [ND]SurveyMeasurementWorker: androidx.work-3 | internal receiver is unregistered
09-17 16:16:19.114 16454 19624 I [ND]SurveyMeasurementWorker: androidx.work-3 | End Work: Success {mOutputData=Data {}}
09-17 16:16:19.116 16454 16506 I WM-WorkerWrapper: Worker result SUCCESS for Work [ id=7b796a3f-3471-4385-9469-45d25959827c, tags={ com.samsung.android.networkdiagnostic.core.background.cp.SurveyMeasurementWorker, LimitedAndStorageNotLow } ]
09-17 16:16:19.131  3789  3789 I TelephonyProvider: D/TelephonyProvider: update: match = 13
09-17 16:16:19.131  3789  3789 I TelephonyProvider: D/TelephonyProvider: subIdString = 46 subId = 46
09-17 16:16:19.132  3789  3789 I TelephonyProvider: D/TelephonyProvider: APN updated !! match = 13
09-17 16:16:19.137  3464  3464 V KeyguardUpdateMonitor: onSubscriptionInfoChanged()
09-17 16:16:19.138  1448  1448 I NSLocationMonitor: onSubscriptionsChanged
09-17 16:16:19.139  3848  3848 I SimManagerFactory: onSubscriptionsChanged: subInfo={id=46 iccId=894412260[****] simSlotIndex=0 carrierId=718 displayName=EE carrierName=EE nameSource=1 iconTint=-16746133 number=[****] dataRoaming=0 iconBitmap=null mcc=234 mnc=33 countryIso=gb isEmbedded=false nativeAccessRules=null cardString=894412260[****] cardId=45 portIndex=0 isOpportunistic=false groupUUID=null isGroupDisabled=false profileClass=-1 ehplmns=[] hplmns=[23430, 23430, 23430] subscriptionType=0 groupOwner=null carrierConfigAccessRules=null areUiccApplicationsEnabled=true usageSetting=0}
09-17 16:16:19.139  3848  3848 I SimManagerFactory: Do not notify: SubId is not changed.
09-17 16:16:19.139  3848  3848 I SimManagerFactory: updateAdsSlot: subId:46 phoneId:0 curActiveDataPhone:0
09-17 16:16:19.139 16787 16787 I Finsky  : [2] ogt.onSubscriptionsChanged(6): onSubscriptionsChanged
09-17 16:16:19.140  3464  3464 V KeyguardUpdateMonitor: SubInfo:{id=46 iccId=894412260[****] simSlotIndex=0 carrierId=718 displayName=EE carrierName=EE nameSource=1 iconTint=-16746133 number=[****] dataRoaming=0 iconBitmap=null mcc=234 mnc=33 countryIso=gb isEmbedded=false nativeAccessRules=null cardString=894412260[****] cardId=45 portIndex=0 isOpportunistic=false groupUUID=null isGroupDisabled=false profileClass=-1 ehplmns=[] hplmns=[23430, 23430, 23430] subscriptionType=0 groupOwner=null carrierConfigAccessRules=null areUiccApplicationsEnabled=true usageSetting=0}
09-17 16:16:19.140  1448  1448 W NSLocationMonitor: SubId[46] for sim[0] was not changed
09-17 16:16:19.140  1448  1448 W NSLocationMonitor: Failed to load subId for sim[1]
09-17 16:16:19.142  3464  3553 D NetworkController: doUpdateMobileControllers size=1 from=com.android.systemui.statusbar.connectivity.NetworkControllerImpl.updateMobileControllers:1066 com.android.systemui.statusbar.connectivity.NetworkControllerImpl.-$$Nest$mupdateMobileControllers:0 com.android.systemui.statusbar.connectivity.NetworkControllerImpl$SubListener.onSubscriptionsChanged:1730 android.telephony.TelephonyRegistryManager$1.lambda$onSubscriptionsChanged$0:125 
09-17 16:16:19.142  3464  3553 D NetworkController: SubInfo:{id=46 iccId=894412260[****] simSlotIndex=0 carrierId=718 displayName=EE carrierName=EE nameSource=1 iconTint=-16746133 number=[****] dataRoaming=0 iconBitmap=null mcc=234 mnc=33 countryIso=gb isEmbedded=false nativeAccessRules=null cardString=894412260[****] cardId=45 portIndex=0 isOpportunistic=false groupUUID=null isGroupDisabled=false profileClass=-1 ehplmns=[] hplmns=[23430, 23430, 23430] subscriptionType=0 groupOwner=null carrierConfigAccessRules=null areUiccApplicationsEnabled=true usageSetting=0}
09-17 16:16:19.142  1448  3306 D GnssNetworkConnectivityHandler: Active Sub List size: 1
09-17 16:16:19.143  3464  3464 D CarrierTextController: onRefreshCarrierInfo(), mTelephonyCapable: true
09-17 16:16:19.143  3464  3464 D CarrierTextController: updateCarrierText(): 1
09-17 16:16:19.143  3464  3464 D CarrierTextController: Handling (subId=46): 5 EE
09-17 16:16:19.143  3464  3464 D CarrierTextController: carrierTextForSimState = EE
09-17 16:16:19.143  3464  3464 D CarrierTextController: setText : EE
09-17 16:16:19.143  3464  3464 D FaceWidgetPagesController: onRefreshCarrierInfo()
09-17 16:16:19.143  3464  3464 D FaceWidgetClockRoamManager: isNetworkRoamingState id=46
09-17 16:16:19.143  3464  3464 D FaceWidgetClockRoamManager: isNetworkRoamingState false
09-17 16:16:19.144  3464  3464 D FaceWidgetClockRoamManager: onRefreshCarrierInfo(pre, now): false, false
09-17 16:16:19.144  3464  3464 D FaceWidgetClockPage: onRefreshCarrierInfo : isChanged false mIsRoaming false
09-17 16:16:19.144  3464  3464 D CarrierTextController: onRefreshCarrierInfo(), mTelephonyCapable: true
09-17 16:16:19.144  3464  3464 D CarrierTextController: updateCarrierText(): 1
09-17 16:16:19.144  3464  3464 D CarrierTextController: Handling (subId=46): 5 EE
09-17 16:16:19.144  3464  3464 D CarrierTextController: carrierTextForSimState = EE
09-17 16:16:19.144  3464  3464 D CarrierTextController: setText : EE
09-17 16:16:19.144  3464  3464 D MultiSIMController: onSubscriptionsChanged: 
09-17 16:16:19.144  3464  3464 D MultiSIMController: MESSAGE_UPDATE_SUBSCRIPTION_INFO
09-17 16:16:19.145  1448  1448 D SemWifiService: onServiceStateChanged : state - 0, dataNetworkType : 13
09-17 16:16:19.145  1448  1448 D SemWifiApServiceImpl: onServiceStateChanged : 0dataNetworkType : 13
09-17 16:16:19.146  1448  1448 W NSLocationMonitor: onServiceStateChanged, state=0 / channel=1815
09-17 16:16:19.146  1448  1448 I NSLocationMonitor: networkType[13]=LTE / nrState=false
09-17 16:16:19.146  3848  3848 I VolteServiceModule: onServiceStateChanged({mVoiceRegState=0(IN_SERVICE), mDataRegState=0(IN_SERVICE), mChannelNumber=1815, duplexMode()=1, mCellBandwidths=[], mOperatorAlphaLong=EE, mOperatorAlphaShort=EE, isManualNetworkSelection=false(automatic), getRilVoiceRadioTechnology=14(LTE), getRilDataRadioTechnology=14(LTE), mCssIndicator=unsupported, mNetworkId=*1, mSystemId=*1, mCdmaRoamingIndicator=-1, mCdmaDefaultRoamingIndicator=-1, VoiceRegType=0, Snap=0, MobileData=IN_SERVICE, MobileDataRoamingType=home, MobileDataRat=LTE, PsOnly=false, FemtocellInd=0, SprDisplayRoam=false, OptRadioTech=0, MsimSubmode=0, IsVoiceCallAvailable=true, mIsEmergencyOnly=false, isUsingCarrierAggregation=false, mArfcnRsrpBoost=0, mNetworkRegistrationInfos=[NetworkRegistrationInfo{ domain=CS transportType=WWAN registrationState=HOME roamingType=NOT_ROAMING accessNetworkTechnology=LTE rejectCause=0 emergencyEnabled=false availableServices=[VOICE,SMS,VIDEO] cellIdentity=CellIdentityLte:{ mCi=3****59 mPci=480 mTac=2***1 mEarfcn=1815 mBands=[3] mBandwidth=2147483647 mMcc=234 mMnc=30 mAlphaLong=EE mAlphaShort=EE mAdditionalPlmns={} mCsgInfo=null} voiceSpecificInfo=VoiceSpecificRegistrationInfo { mCssSupported=false mRoamingIndicator=0 mSystemIsInPrl=0 mDefaultRoamingIndicator=0} dataSpecificInfo=null nrState=**** rRplmn=23430 isUsingCarrierAggregation=false}, NetworkRegistrationInfo{ domain=PS transportType=WWAN registrationState=HOME roamingType=NOT_ROAMING accessNetworkTechnology=LTE rejectCause=0 emergencyEnabled=false availableServices=[DATA] cellIdentity=CellIdentityLte:{ mCi=3****59 mPci=480 mTac=2***1 mEarfcn=1815 mBands=[3] mBandwidth=2147483647 mMcc=234 mMnc=30 mAlphaLong=EE mAlphaShort=EE mAdditionalPlmns={} mCsgInfo=null} voiceSpecificInfo=null dataSpecificInfo=android.telephony.DataSpecificRegistrationInfo :{ maxDataCalls = 16 isDcNrRestricted = false isNrAvailable = false isEnDcAvailable = false LteVopsSupportInfo :  mVopsSupport = 2 mEmcBearerSupport = 2 } nrState=**** rRplmn=23430 isUsingCarrierAggregation=false}], mNrFrequencyRange=0, mOperatorAlphaLongRaw=EE, mOperatorAlphaShortRaw=EE, mIsDataRoamingFromRegistration=false, mIsIwlanPreferred=false})
09-17 16:16:19.146  3848  3848 I VolteServiceModule: mIsLteEpsOnlyAttached(1):false
09-17 16:16:19.146  1448  1448 W AS.PhoneStateHelper: RIL State is changed: 1 -> 0
09-17 16:16:19.147  3848  4191 I PdnController<0>: Active Phone Id = 0 MobileConnected = false
