--------- beginning of main
09-17 16:16:08.004 16524 16524 D XCAL-Smart [BatteryAmpere] :: (ADB_MainActivity.java:6108).getCurrentAmpere - UI Update 289 mA
--------- beginning of system
09-17 16:16:08.869  1448  1508 E Watchdog: !@Sync: 92359 heap: 121 / 133 FD: 1093 [2024-09-17 16:16:08.868]
09-17 16:16:09.006 16524 16524 D XCAL-Smart [BatteryAmpere] :: (ADB_MainActivity.java:6108).getCurrentAmpere - UI Update 236 mA
09-17 16:16:09.364   697   697 D io_stats: !@   8,0 r 7185341 164205392 w 8323956 106528488 d 2568360 118375892 f 0 0 iot 5011324 0 th 0 0 0 pt 0 inp 0 0 2772014.663
09-17 16:16:10.008 16524 16524 D XCAL-Smart [BatteryAmpere] :: (ADB_MainActivity.java:6108).getCurrentAmpere - UI Update 310 mA
09-17 16:16:10.076  1244  1244 I android.hardware.health@2.1-service-samsung: updateLrpSysfs: write: 273
09-17 16:16:10.288 18252 18278 D CCodecBufferChannel: [c2.android.opus.encoder#876] DEBUG: elapsed: n=4 [in=0 pipeline=0 out=0]
09-17 16:16:10.953 18252 18274 D BufferPoolAccessor2.0: bufferpool2 0xb400007b3faf7c28 : 5(19200 size) total buffers - 4(15360 size) used buffers - 2814/2819 (recycle/alloc) - 5/5629 (fetch/transfer)
09-17 16:16:10.954  1599 18296 D BufferPoolAccessor2.0: bufferpool2 0xb4000075bb039428 : 2(48000 size) total buffers - 1(24000 size) used buffers - 2814/2816 (recycle/alloc) - 2/2814 (fetch/transfer)
09-17 16:16:11.009 16524 16524 D XCAL-Smart [BatteryAmpere] :: (ADB_MainActivity.java:6108).getCurrentAmpere - UI Update 335 mA
09-17 16:16:11.366   697   697 D io_stats: !@   8,0 r 7185341 164205392 w 8323964 106528524 d 2568360 118375892 f 0 0 iot 5011328 0 th 0 0 0 pt 0 inp 0 0 2772016.664
09-17 16:16:12.010 16524 16524 D XCAL-Smart [BatteryAmpere] :: (ADB_MainActivity.java:6108).getCurrentAmpere - UI Update 301 mA
09-17 16:16:12.312  9666 15790 W ghnv    : [{0}] Failed to resolve name. status={1}
09-17 16:16:12.822 32147 15619 W ghnv    : [{0}] Failed to resolve name. status={1}
09-17 16:16:13.009 16524 16524 D XCAL-Smart [BatteryAmpere] :: (ADB_MainActivity.java:6108).getCurrentAmpere - UI Update 294 mA
09-17 16:16:13.096  1448  3305 W DeviceStorageMonitorService: updateBroadcasts(/data) oldLevel:0, newLevel:0, seq:1
09-17 16:16:13.097  1448  3305 D DeviceStorageMonitorService: Available File Node Number is [13432526]
09-17 16:16:13.098  1448  3305 W DeviceStorageMonitorService: updateBroadcasts_filenode(/data) fn_oldLevel:0, fn_newLevel:0, seq:1
09-17 16:16:13.595 18252 18278 D CCodecBufferChannel: [c2.android.opus.encoder#876] DEBUG: elapsed: n=4 [in=0 pipeline=0 out=0]
09-17 16:16:14.009 16524 16524 D XCAL-Smart [BatteryAmpere] :: (ADB_MainActivity.java:6108).getCurrentAmpere - UI Update 299 mA
09-17 16:16:14.240  1448  3325 D UsbStatsMonitor: 0 0 0 0 0 0 0 0 0 0 0 0 0 0 0 0 0 0 0 0 0 0 0 0 0 0 0 0 0 0 0 0 0 0 0 0 0 0 0 0 0 0 0 0 0 0 0 0 0 0 0 0 0 26804890894362
09-17 16:16:14.443  1311  5577 V APM_AudioPolicyManager: setAppState(portId:2209, state:2)
09-17 16:16:14.443  1311  5577 V APM_AudioPolicyManager: setAppState(portId:2209, state:2)
09-17 16:16:14.774  1248 15866 I sensors-hal: handle_sns_client_event:252, auto_rotation_debug_2 mode,255, type,1,0 acc,0.165,0.010,10.005, ar,0, ver,10
09-17 16:16:15.011 16524 16524 D XCAL-Smart [BatteryAmpere] :: (ADB_MainActivity.java:6108).getCurrentAmpere - UI Update 317 mA
09-17 16:16:16.017 16524 16524 D XCAL-Smart [BatteryAmpere] :: (ADB_MainActivity.java:6108).getCurrentAmpere - UI Update 328 mA
09-17 16:16:16.072 18252 18274 D BufferPoolAccessor2.0: bufferpool2 0xb400007b3faf7c28 : 5(19200 size) total buffers - 4(15360 size) used buffers - 3070/3075 (recycle/alloc) - 5/6141 (fetch/transfer)
09-17 16:16:16.073  1599 18296 D BufferPoolAccessor2.0: bufferpool2 0xb4000075bb039428 : 2(48000 size) total buffers - 1(24000 size) used buffers - 3070/3072 (recycle/alloc) - 2/3070 (fetch/transfer)
09-17 16:16:16.508  3464  3464 D TileLifecycleManager: Unbinding service Intent { cmp=com.google.android.gms/.nearby.sharing.SharingTileService (has extras) } UserHandle{0}
09-17 16:16:16.512 32147 32147 I NearbySharing: SharingTileService destroyed
09-17 16:16:16.517  1448  3537 I ActivityManager: Killing 16401:com.google.android.partnersetup/u0a240 (adj 915): empty #31
09-17 16:16:16.548  1153  1153 I Zygote  : Process 16401 exited due to signal 9 (Killed)
09-17 16:16:16.551  1448  4918 I ActivityManager: Killing 15909:com.samsung.android.app.contacts/u0a116 (adj 999): empty #31
09-17 16:16:16.554  1448  2577 I UMR     : B|Compact com.samsung.android.app.telephonyui(19144)
09-17 16:16:16.555  1448  1515 I libprocessgroup: Successfully killed process cgroup uid 10240 pid 16401 in 37ms
09-17 16:16:16.556  1448  1515 I libprocessgroup: Successfully killed process cgroup uid 10116 pid 15909 in 0ms
09-17 16:16:16.557  1311  5577 V APM_AudioPolicyManager: setAppState(portId:2209, state:2)
09-17 16:16:16.603  1153  1153 I Zygote  : Process 15909 exited due to signal 9 (Killed)
09-17 16:16:16.624  1448  2577 I UMR     : E|Compact d_rss=-33584KB
09-17 16:16:16.624  1448  2577 I UMR     : B|Compact android.process.acore(32368)
09-17 16:16:16.704  1448  2577 I UMR     : E|Compact d_rss=-17172KB
09-17 16:16:16.902 18252 18278 D CCodecBufferChannel: [c2.android.opus.encoder#876] DEBUG: elapsed: n=4 [in=0 pipeline=0 out=0]
09-17 16:16:17.018 16524 16524 D XCAL-Smart [BatteryAmpere] :: (ADB_MainActivity.java:6108).getCurrentAmpere - UI Update 217 mA
09-17 16:16:17.082 18930 19068 I [SC]ConfigurationItemDataManager: getFilePath : configurationName = scloud-backup-common
09-17 16:16:17.093   723   723 W keymaster_tee: [WRN]begin req PARAMS: A32 B2 P64 
09-17 16:16:17.097   723   723 D keymaster_swd: keymaster_swd [WRN] (swd_run_cb:257) swd_begin() returns 0
09-17 16:16:17.097   720 16543 I keystore2: keystore2::security_level: In create_operation. Success to create IKeystoreOperation. 5009, None
09-17 16:16:17.101   723   723 D keymaster_swd: keymaster_swd [WRN] (swd_run_cb:257) swd_update() returns 0
09-17 16:16:17.103   723   723 D keymaster_swd: keymaster_swd [WRN] (swd_run_cb:257) swd_finish() returns 0
09-17 16:16:17.114 18930 19068 I [SC]CtbConfigurationManager: initialized : 1726586177114
09-17 16:16:17.116  1448  3562 D SettingsProvider: isChangeAllowed() : name = ctb_retention_day
09-17 16:16:17.116  1448  3562 D SettingsProvider: edmUri: content://com.sec.knox.provider/RestrictionPolicy3
09-17 16:16:17.116  1448  3562 D SettingsProvider: projectionArgs: isSettingsChangesAllowed
09-17 16:16:17.116  1448  3562 D SettingsProvider: selectionArgs: false
09-17 16:16:17.116  1448  3562 D SettingsProvider: selectionArgs: 5009
09-17 16:16:17.116  1448  3562 D SecContentProvider: query(), uri = 17 selection = isSettingsChangesAllowed
09-17 16:16:17.117  1448  3562 D SecContentProvider: called from android.uid.samsungcloud:5009
09-17 16:16:17.117  1448  3562 D RestrictionPolicy: isSettingsChangesAllowedAsUser, userId 0 : true
09-17 16:16:17.117  1448  3562 D SettingsProvider: ret = 1
09-17 16:16:17.117 18930 19068 I [SC]CtbConfigurationManager: setting reset ctb support success : true
09-17 16:16:17.938  1448  3562 D SettingsProvider: isChangeAllowed() : name = airplane_mode_on
09-17 16:16:17.938  1448  3562 D SettingsProvider: edmUri: content://com.sec.knox.provider/RestrictionPolicy1
09-17 16:16:17.938  1448  3562 D SettingsProvider: projectionArgs: isAirplaneModeAllowed
09-17 16:16:17.938  1448  3562 D SettingsProvider: selectionArgs: false
09-17 16:16:17.938  1448  3562 D SecContentProvider: query(), uri = 15 selection = isAirplaneModeAllowed
09-17 16:16:17.938  1448  3562 D SecContentProvider: called from android.uid.system:1000
09-17 16:16:17.938  1448  3562 D RestrictionPolicy: isAirplaneModeAllowed : true
09-17 16:16:17.938  1448  3562 D SettingsProvider: ret = 1
09-17 16:16:17.938  1448  3562 I GenerationRegistry: mBackingStore.isClosed() : false
09-17 16:16:17.940  1448  2652 I BluetoothAdapter: STATE_OFF=10
09-17 16:16:17.941  1448  1448 D WifiConnectivityMonitor: AIRPLANE_MODE_CHANGED
09-17 16:16:17.941  1448  2652 D BluetoothManagerService: Airplane Mode change - current state:  OFF, isAirplaneModeOn()=false
09-17 16:16:17.941  3848  4368 E RegiObsMgr: onChange: content://settings/global/airplane_mode_on => match [3]
09-17 16:16:17.942  1448  3285 D WifiController: Airplane mode disabled, determine next state
09-17 16:16:17.942  3848  4368 E #IMSREGI: Airplane Mode Changed (false)
09-17 16:16:17.942  1448  3285 D WifiActiveModeWarden: Starting primary ClientModeManager in scan only mode
09-17 16:16:17.942  1448  3369 D WifiConnectivityMonitor: Updating secure settings CurrentState=com.samsung.android.server.wifi.SemWifiConnectivityMonitor$NotConnectedState@1775047
09-17 16:16:17.942  3848  4191 I RegiMgr-Handler: handleMessage: EVENT_FLIGHT_MODE_CHANGED
09-17 16:16:17.942  1448  3285 D WifiController: DisabledState.exit()
09-17 16:16:17.942  1448  3285 D WifiController: EnabledState.enter()
09-17 16:16:17.942  1448  3285 D WifiClientModeManager[unknown]: entering IdleState
09-17 16:16:17.942  3848  4191 I RegiMgr<0>: tryRegister:
09-17 16:16:17.942  3848  4191 I RegiMgr<0>: RegisterTask(s): EE for Internet PDN (IDLE), EE for IMS UK (CONNECTING)
09-17 16:16:17.942  3848  4191 I RcsPolicyMgr<0>: pendingRcsRegister: mActiveDataPhoneId = 0
09-17 16:16:17.942  3848  4191 I RcsUtils: isDualRcsReg: false
09-17 16:16:17.942  3848  4191 I RegisterTask: isSuspended: mSuspended(false) mSuspendByIrat(false)
09-17 16:16:17.943  3848  4191 I RegiMgr<0>: [EE for Internet PDN|IDLE] checkForTryRegister id: 493
09-17 16:16:17.943  3848  4191 I RegiMgr : isPdnConnected: false, PdnType: 0
09-17 16:16:17.943  3848  3848 I UtServiceModule: AirplaneModeObserver onChange: 0
09-17 16:16:17.943  3848  4191 I PdnController: getDefaultNetworkBearer: CELLULAR
09-17 16:16:17.944  3848  4191 I PdnController: isWifiConnected: Default NW is null 
09-17 16:16:17.944  3848  4191 I RegiMgr-Utils<0>: Not found best network in LTE - OOS: true
09-17 16:16:17.944  3848  4191 I RegiGvnBase<0>: isReadyToDualRegister : true
09-17 16:16:17.944 17470 17470 D SettingsHelper: onChange() COMPLETED elapsed= 4
09-17 16:16:17.944 17470 17470 V SettingsHelper: *** broadcastChange for content://settings/global/airplane_mode_on
09-17 16:16:17.944  1448  3759 I SLocation: DeviceStatusNotiManager - received action : android.intent.action.AIRPLANE_MODE
09-17 16:16:17.945  1448  3759 W Settings: Setting airplane_mode_on has moved from android.provider.Settings.System to android.provider.Settings.Global, returning read-only value.
09-17 16:16:17.945  3464  3553 D NetworkController: IsPowerOffServiceState is true
09-17 16:16:17.945  3464  3553 D Tile.AirplaneModeTile: Tile.STATE_UNAVAILABLE
09-17 16:16:17.945  3464  3553 D Tile.AirplaneModeTile:  handleUpdateState:  value = true, state = 0
09-17 16:16:17.945  3464  3553 D MobileSignalController(0/46): notifyListener: enabled=true, connected=false, dataConnected=false, networkType=UNKNOWN (Unknown), emergencyOnly=false, roaming=false, isDefault=false, dataActivity=, level=0, ca=false, mmWave=false, disabledDataIcon=false, simCard=ETC
09-17 16:16:17.945  3464  3553 D KeyguardUpdateMonitor: updateCarrierTextInfo
09-17 16:16:17.945  3464  3553 D PanelCarrierLabelWriter: setTextForCommon=No service CarrierLabelInfo(subId=46, slotId=0, validSub=true, networkName=No service, emergencyOnly=false, hasVoWifiNetworkName=false), airplaneMode=false, hasAtLeastOneVoWifiNetworkName=false, rtl=false
09-17 16:16:17.945  3464  3553 D PanelCarrierLabelManager: setTextForCommon(text:No service)
09-17 16:16:17.946  3848  4191 I RegiMgr<0>: [EE for Internet PDN|IDLE] checkInitialRegistrationIsReady: APM ON [false], Roamimg [false]
09-17 16:16:17.946  3848  4191 I RcsPolicyMgr<0>: pendingRcsRegister: mActiveDataPhoneId = 0
09-17 16:16:17.946  3848  4191 I RcsUtils: isDualRcsReg: false
09-17 16:16:17.946  3848  4191 I ImsProfile: isRttSupportByCallApp : false ttyType : 1
09-17 16:16:17.946  3848  4191 I RegiMgr-Utils<0>: getPriorityRegiedTask : isPriority  High? true
09-17 16:16:17.946  1448  1448 D SemSoftApManager: Received : android.intent.action.AIRPLANE_MODE,isDunCheckRequired:true
09-17 16:16:17.946  3848  4191 I RegiGvnBase: checkRegiStatus: getState()=IDLE mIsUpdateRegistering=false
09-17 16:16:17.946  1448  1448 D SemSoftApManager: isAirplaneMode:false
09-17 16:16:17.946  3848  4191 I RegiMgr<0>: getTelephonyCallStatus:
09-17 16:16:17.946  1448  1448 D SemSoftApManager: CMD_AIRPLANE_TOGGLED ,isMobileApOn():falsecsc_opALL
09-17 16:16:17.946  1448  1448 I SemWifiApSmartNetworkCallback: isWifihasInternet,activeNetwork is null
09-17 16:16:17.946  1448  1448 I SemWifiApSmartNetworkCallback: isWifihasInternet :false
09-17 16:16:17.946  1448  1448 I SemWifiApSmartNetworkCallback: checkMobileDataEnabled,activeNetwork is null
09-17 16:16:17.946  1448  1448 I SemWifiApSmartNetworkCallback: checkMobileDataEnabled :false
09-17 16:16:17.947  1448  1448 D SemWifiApContentProviderHelper: SemWifiApContentProviderHelper insert:android,Binder.getCallingUid():1000,hasPermission:true
09-17 16:16:17.948  1448  1448 I SemWifiApConfigStore:  getAsopSoftApConfiguration isSoftApModified:0 forceupdate false
09-17 16:16:17.949  1448  3369 D WifiConnectivityMonitor: change TrafficStatsCallback interval by turning off airplane mode
09-17 16:16:17.949  1448  1512 W BroadcastQueue: Background execution not allowed: receiving Intent { act=android.intent.action.AIRPLANE_MODE flg=0x10 (has extras) } to com.android.stk/.StkCmdReceiver
09-17 16:16:17.949  1448  3367 D SemWifiSwitchForIndividualAppsService: stopTCPMonitoring : already stopped
09-17 16:16:17.949  1448  3367 D SemWifiTransportLayerNotificationManager: showTcpMonitorSuggestionNotification: false, null
09-17 16:16:17.949  1448  3367 D SemWifiTransportLayerNotificationManager: showTcpMonitorHeadUpNotification: false, 0, null
09-17 16:16:17.949  1448  3367 D SemWifiTransportLayerNotificationManager: showTcpMonitorNotification: false, 0, null
09-17 16:16:17.949  3848  4191 I ConfigProvider: query uri:xxxxx
09-17 16:16:17.950  1448  1512 W BroadcastQueue: Background execution not allowed: receiving Intent { act=android.intent.action.AIRPLANE_MODE flg=0x10 (has extras) } to com.android.stk2/.StkCmdReceiver
09-17 16:16:17.950  3464  3464 D SettingsHelper: onChange() COMPLETED elapsed= 9
09-17 16:16:17.951  3789  3789 V PhoneGlobals: Airplane mode changed, airplaneMode: false
09-17 16:16:17.951  3789  3789 V PhoneGlobals: handleAirplaneModeChange, cellState: 2
09-17 16:16:17.951  3789  3789 I PhoneGlobals: Turning radio on - airplane
09-17 16:16:17.951  1448  1448 I SemCscParser: csc region: EUR
09-17 16:16:17.952  1448  1448 E SemWifiApConfigStore: getWifiApConfiguration ssid
09-17 16:16:17.952  1448  1448 I SemWifiApSmartNetworkCallback: checkActiveNetwork,activeNetwork is null
09-17 16:16:17.952  1448  1448 I SemWifiApSmartNetworkCallback: Updating Autohotspot Switch state - , isActiveNetworkhasInternet : false, isTetheringRestricted : false, isAirplaneModeOn : false, isSimDisabled : false, isMobileDataEnabled : false, isWifiConnected : false, isSamsungAccountLoggedOut : true, isNearByDeviceScanningDisabled : true, isDefaultPassphraseSet: false, isWifiSharingEnabled: true
09-17 16:16:17.952  1448  1486 D SettingsProvider: isChangeAllowed() : name = cell_on
09-17 16:16:17.952  3848  4191 I ConfigProvider: queryStorage path content://com.samsung.rcs.autoconfigurationprovider/parameter/version#simslot0
09-17 16:16:17.952  1448  1486 I GenerationRegistry: mBackingStore.isClosed() : false
09-17 16:16:17.952  1448  1448 I SemWifiApSmartNetworkCallback: NetworkDisconnected changed. sendBroadcastForMDE
09-17 16:16:17.952  1448  4873 D SettingsProvider: isChangeAllowed() : name = enable_cellular_on_boot
09-17 16:16:17.952  1448  4873 I GenerationRegistry: mBackingStore.isClosed() : false
09-17 16:16:17.952  1448  1448 D SemWifiApSmartClient: isAirplaneMode:false
09-17 16:16:17.950  3464  3464 V SettingsHelper: *** broadcastChange for content://settings/global/airplane_mode_on
09-17 16:16:17.952  3464  3464 W Settings: Setting airplane_mode_on has moved from android.provider.Settings.System to android.provider.Settings.Global, returning read-only global URI.
09-17 16:16:17.953  1448  1448 D SemWifiApSmartBleScanner: isAirplaneMode:false
09-17 16:16:17.953  3464  3464 D MultiSIMController: onChanged() - airplane_mode : false
09-17 16:16:17.953  3464  3464 D KeyguardUpdateMonitor: received broadcast android.intent.action.AIRPLANE_MODE
09-17 16:16:17.953  1448  1448 I SemWifiApSmartBleScanner: AirplaneMode changed. sendBroadcastForMDE
09-17 16:16:17.953  3464  3464 D Tile.AirplaneModeTile: onReceive android.intent.action.AIRPLANE_MODE
09-17 16:16:17.953  1448  1448 D SemWifiApSmartD2DMHS: isAirplaneMode:false
09-17 16:16:17.953  1448  1448 D SemWifiApSmartD2DClient: isAirplaneMode:false
09-17 16:16:17.953  3464  3553 D NetworkController: IsPowerOffServiceState is true
09-17 16:16:17.953  3464  3553 D Tile.AirplaneModeTile:  handleUpdateState:  isTransient  true state.value true state.state 0
09-17 16:16:17.953  9666  9666 I PersonalSafety: Settings changed. [CONTEXT service_id=310 ]
09-17 16:16:17.953  9666  9666 W Settings: Setting airplane_mode_on has moved from android.provider.Settings.System to android.provider.Settings.Global, returning read-only value.
09-17 16:16:17.954  1448 19356 W ContextImpl: Calling a method in the system process without a qualified user: android.app.ContextImpl.sendBroadcast:1252 com.samsung.android.server.wifi.ap.SemWifiApUtils$2.run:332 java.lang.Thread.run:1012 <bottom of call stack> <bottom of call stack> 
09-17 16:16:17.954  1448 19357 W ContextImpl: Calling a method in the system process without a qualified user: android.app.ContextImpl.sendBroadcast:1252 com.samsung.android.server.wifi.ap.SemWifiApUtils$2.run:332 java.lang.Thread.run:1012 <bottom of call stack> <bottom of call stack> 
09-17 16:16:17.954  1448  3416 V AutoWifi.Scanner: AutoWifi isAvailable : true, true
09-17 16:16:17.955  1448  3416 I AutoWifi.Geofence: starting manager
09-17 16:16:17.955 19644 19644 I BCMGR[11.0.01.10]: BeaconService] AirPlaneReceiver - ACTION_AIRPLANE_MODE_CHANGED false, when nearby ON_AIRPLANE
09-17 16:16:17.956  1448  4918 D SettingsProvider: isChangeAllowed() : name = nearby_scanning_enabled
09-17 16:16:17.956  1448  4918 D SettingsProvider: edmUri: content://com.sec.knox.provider/RestrictionPolicy3
09-17 16:16:17.956  1448  4918 D SettingsProvider: projectionArgs: isSettingsChangesAllowed
09-17 16:16:17.956  1448  4918 D SettingsProvider: selectionArgs: false
09-17 16:16:17.956  1448  4918 D SettingsProvider: selectionArgs: 5006
09-17 16:16:17.956  1448  4918 D SecContentProvider: query(), uri = 17 selection = isSettingsChangesAllowed
09-17 16:16:17.956  1448  4918 D SecContentProvider: called from android.uid.bcmgr:5006
09-17 16:16:17.956  1448  4918 D RestrictionPolicy: isSettingsChangesAllowedAsUser, userId 0 : true
09-17 16:16:17.956  1448  4918 D SettingsProvider: ret = 1
09-17 16:16:17.956  1448  4918 I GenerationRegistry: mBackingStore.isClosed() : false
09-17 16:16:17.956  1448  3285 I android_os_HwBinder: HwBinder: Starting thread pool for getting: android.hardware.wifi@1.0::IWifi/default
09-17 16:16:17.957 19644 19644 I BCMGR[11.0.01.10]: BeaconService] CreateBeaconManager  - setting:ON
09-17 16:16:17.957 19644 19644 I BCMGR[11.0.01.10]: BeaconService] CreateBeaconManager  - create new Beacon Manager.
09-17 16:16:17.957  3464  3464 D CarrierTextController: onRefreshCarrierInfo(), mTelephonyCapable: true
09-17 16:16:17.957  3464  3464 D CarrierTextController: updateCarrierText(): 1
09-17 16:16:17.957  3464  3464 D CarrierTextController: Handling (subId=46): 5 null
09-17 16:16:17.957  3464  3464 D CarrierTextController: carrierTextForSimState = null
09-17 16:16:17.958  3848  4191 I ImsServiceSwitchEur[0]:  isRcsEnabled: true mDefaultSms true mUpsmEnabled false mEmergencyEnabled false
09-17 16:16:17.959  1322  1407 I VSyncReactor: Current= 120, TransitioningTo= 120, hwcPeriod= 120, Distance= 0
09-17 16:16:17.959  3464  3464 D CarrierTextController: setText : No SIM
09-17 16:16:17.959  3464  3464 D FaceWidgetPagesController: onRefreshCarrierInfo()
09-17 16:16:17.959  1311  5577 V APM_AudioPolicyManager: setAppState(portId:2209, state:2)
09-17 16:16:17.959  3464  3464 D FaceWidgetClockRoamManager: isNetworkRoamingState id=46
09-17 16:16:17.959  3464  3464 D FaceWidgetClockRoamManager: isNetworkRoamingState false
09-17 16:16:17.959  3464  3464 D FaceWidgetClockRoamManager: onRefreshCarrierInfo(pre, now): false, false
09-17 16:16:17.959  3464  3464 D FaceWidgetClockPage: onRefreshCarrierInfo : isChanged false mIsRoaming false
09-17 16:16:17.959  3464  3464 D CarrierTextController: onRefreshCarrierInfo(), mTelephonyCapable: true
09-17 16:16:17.960  3464  3464 D CarrierTextController: updateCarrierText(): 1
09-17 16:16:17.960  3464  3464 D CarrierTextController: Handling (subId=46): 5 null
09-17 16:16:17.960  3464  3464 D CarrierTextController: carrierTextForSimState = null
09-17 16:16:17.960  3464  3464 D CarrierTextController: setText : No SIM
09-17 16:16:17.960  1448  4253 D WifiProfileShare: nearby scanning settings run
09-17 16:16:17.960  1448  4253 D WifiProfileShare: nearby scanning settings run
09-17 16:16:17.960  1448  4253 V WifiProfileShare.Caster: checkAndGetShareData(pwd sta) - config is null
09-17 16:16:17.960  1448  4253 V WifiProfileShare.Caster: checkAndGetShareData - there is no data
09-17 16:16:17.960  3464  3464 D CarrierTextController: onRefreshCarrierInfo(), mTelephonyCapable: true
09-17 16:16:17.960  3464  3464 D CarrierTextController: updateCarrierText(): 1
09-17 16:16:17.960  3848  4191 I ConfigTrigger<0>: isWaitAutoConfig:
09-17 16:16:17.960  3464  3464 D CarrierTextController: Handling (subId=46): 5 null
09-17 16:16:17.960  3464  3464 D CarrierTextController: carrierTextForSimState = null
09-17 16:16:17.960  3464  3464 D CarrierTextController: setText : No SIM
09-17 16:16:17.960  3464  3464 D FaceWidgetPagesController: onRefreshCarrierInfo()
09-17 16:16:17.960  3464  3464 D FaceWidgetClockRoamManager: isNetworkRoamingState id=46
09-17 16:16:17.960  3464  3464 D FaceWidgetClockRoamManager: isNetworkRoamingState false
09-17 16:16:17.960  3464  3464 D FaceWidgetClockRoamManager: onRefreshCarrierInfo(pre, now): false, false
09-17 16:16:17.960  3464  3464 D FaceWidgetClockPage: onRefreshCarrierInfo : isChanged false mIsRoaming false
09-17 16:16:17.960  3464  3464 D CarrierTextController: onRefreshCarrierInfo(), mTelephonyCapable: true
09-17 16:16:17.960  3464  3464 D CarrierTextController: updateCarrierText(): 1
09-17 16:16:17.960  3464  3464 D CarrierTextController: Handling (subId=46): 5 null
09-17 16:16:17.960  3464  3464 D CarrierTextController: carrierTextForSimState = null
09-17 16:16:17.961  1448  3416 D CompatibilityChangeReporter: Compat change id reported: 161145287; UID 1000; state: DISABLED
09-17 16:16:17.961 17436 17436 I MDENotifyReceiver: onReceive : com.samsung.intent.action.MDE_SUGGESTION_NOTIFY
09-17 16:16:17.961  3848  4191 I ImsServiceSwitchEur[0]:  isRcsEnabled: true mDefaultSms true mUpsmEnabled false mEmergencyEnabled false
09-17 16:16:17.961 17436 17537 D ActionExecutionHandler: handleMessage : MSG_INIT
09-17 16:16:17.961  3848  4191 I RegiMgr-Utils: selectPdnType: rat=0pdn=0
09-17 16:16:17.961 17436 17537 D ActionExecutionHandler: handleMessage : MSG_LOAD
09-17 16:16:17.961  3848  4191 I RegiMgr<0>: getServiceForNetwork: network 0
09-17 16:16:17.961  3848  4191 I RegiMgr<0>: EE for Internet PDN: no ims service for current rat0
09-17 16:16:17.961 17436 17537 D ActionExecutionHandler: handleMessage : MSG_EXECUTE
09-17 16:16:17.961 17436 17537 I Engine  : runScenarios : start runScenarios
09-17 16:16:17.962  9666  9724 W Settings: Setting airplane_mode_on has moved from android.provider.Settings.System to android.provider.Settings.Global, returning read-only value.
09-17 16:16:17.962 17436 17537 D Utils   : removeIdListToLocalStorage
09-17 16:16:17.962 17436 17537 D Engine  : runActionFlow : Quick Share On
09-17 16:16:17.962  3848  4191 E #IMSCR  : 09-17 16:16:17 0x1101000B:0,FILTERED ALL:0
09-17 16:16:17.962  3848  4191 I RcsPolicyMgr<0>: pendingRcsRegister: mActiveDataPhoneId = 0
09-17 16:16:17.962 17436 17537 I ActionDispatcher: executeAction : tag = get/is_samsung_account_signed_in
09-17 16:16:17.962  3848  4191 I RegisterTask: isSuspended: mSuspended(false) mSuspendByIrat(false)
09-17 16:16:17.962  3848  4191 I RegiMgr<0>: [EE for IMS UK|CONNECTING] checkForTryRegister id: 492
09-17 16:16:17.962  3848  4191 I RegiMgr : isPdnConnected: false, PdnType: 11
09-17 16:16:17.963 17436 17537 I ActionDispatcher: executeAction : tag = get/quickshare_status
09-17 16:16:17.963  1448  3416 D SLocation: CommonUtil - check android.permission.ACCESS_FINE_LOCATION Permission pid=1448, uid=1000, hasPermission=true
09-17 16:16:17.963  3848  4191 I PdnController: getDefaultNetworkBearer: CELLULAR
09-17 16:16:17.963  1448  3416 D SLocation: GeopointGeofenceParam - add geopoint geofence with no bssids
09-17 16:16:17.963  3848  4191 I PdnController<0>: isNetworkAvailable: isEpdgConnected=false getDataNetworkType()=0
09-17 16:16:17.963  1448  3416 D SLocation: GeopointGeofenceManager - startGeoPointGeofence ID = 631
09-17 16:16:17.963  1448  3416 D SLocation: GeopointGeofenceManager - Session paused, don't trigger new session
09-17 16:16:17.963  1448  3416 I AutoWifi.Geofence: add and monitor geofence id : 5, configKey : "Three_43BD"WPA_PSK
09-17 16:16:17.963  1448  3416 V AutoWifi.Geofence: saved geofence configs size: 6
09-17 16:16:17.963  1448  3416 D SLocation: CommonUtil - check android.permission.ACCESS_FINE_LOCATION Permission pid=1448, uid=1000, hasPermission=true
09-17 16:16:17.963  1448  3416 D SLocation: GeopointGeofenceParam - add geopoint geofence with no bssids
09-17 16:16:17.963  1448  3416 D SLocation: GeopointGeofenceManager - startGeoPointGeofence ID = 632
09-17 16:16:17.963  1448  3416 D SLocation: GeopointGeofenceManager - Session paused, don't trigger new session
09-17 16:16:17.963  1448  3416 I AutoWifi.Geofence: add and monitor geofence id : 4, configKey : "EAGLE PLACE "WPA_PSK
09-17 16:16:17.963  1448  3416 V AutoWifi.Geofence: saved geofence configs size: 6
09-17 16:16:17.964  1448  3416 D SLocation: CommonUtil - check android.permission.ACCESS_FINE_LOCATION Permission pid=1448, uid=1000, hasPermission=true
09-17 16:16:17.964  1448  3759 W SLocation: ReceiverPairWithWifi - handle Wifi Connection ID = 631
09-17 16:16:17.964  1448  3759 D SLocation: PositionManager - last location time exceed threshold 79550 / 30000
09-17 16:16:17.964  1448  3759 D SLocation: GeopointGeofenceManager - getLastLocation is abnromal!
09-17 16:16:17.964  1448  3759 D SLocation: LocationProviderStatus - try to update provider status (GPS/NLP)
09-17 16:16:17.964  1448  3759 D SLocation: LocationProviderStatus - set isGpsOn : true, isNlpOn : true
09-17 16:16:17.964  1448  3759 D SLocation: LocationProviderStatus - gps & nlp status not changed
09-17 16:16:17.964  1448  3759 D SLocation: SContentManager - IsNetworkAvailable = false
09-17 16:16:17.964  1448  3759 D SLocation: PositionManager - NLP is unavailable
09-17 16:16:17.964  3848  4191 I PdnController<0>: isNetworkAvailable: isEpdgConnected=false getDataNetworkType()=0
09-17 16:16:17.964  1448  3759 D CompatibilityChangeReporter: Compat change id reported: 171306433; UID 1000; state: ENABLED
09-17 16:16:17.965  3848  4191 I RegiMgr-Utils<0>: Not found best network in LTE - OOS: true
09-17 16:16:17.965  3848  4191 I RegiGvnBase<0>: isReadyToDualRegister : true
09-17 16:16:17.966 17436 17436 I MDENotifyReceiver: onReceive : com.samsung.intent.action.MDE_SUGGESTION_NOTIFY
09-17 16:16:17.966  3848  4191 I RegiMgr<0>: [EE for IMS UK|CONNECTING] checkInitialRegistrationIsReady: APM ON [false], Roamimg [false]
09-17 16:16:17.966  3848  4191 I RcsPolicyMgr<0>: pendingRcsRegister: mActiveDataPhoneId = 0
09-17 16:16:17.966  3848  4191 I ImsProfile: isRttSupportByCallApp : false ttyType : 1
09-17 16:16:17.966  3848  4191 I RegiMgr-Utils<0>: getPriorityRegiedTask : isPriority  High? true
09-17 16:16:17.966  1448  3759 D CompatibilityChangeReporter: Compat change id reported: 218533173; UID 1000; state: ENABLED
09-17 16:16:17.966  3848  4191 I RegiGvnBase: checkRegiStatus: getState()=CONNECTING mIsUpdateRegistering=false
09-17 16:16:17.967  3848  4191 I RegiMgr<0>: getTelephonyCallStatus:
09-17 16:16:17.967  3464  3464 D CarrierTextController: setText : No SIM
09-17 16:16:17.967  3848  4191 I RegiMgr<1>: tryRegister:
09-17 16:16:17.968  3848  4191 I RegiMgr<0>: RegisterTask(s): EE for Internet PDN (IDLE), EE for IMS UK (CONNECTING)
09-17 16:16:17.969  1250  1250 D android.hardware.wifi@1.0-service: Initialize legacy HAL
09-17 16:16:17.969  1250  1250 E android.hardware.wifi@1.0-service: WIFI_HIDL_FEATURE_DUAL_INTERFACE defined 
09-17 16:16:17.969 18856 18873 I ShareLive: [SLog][binder:18856_3][ExternalProvider] query: content://com.samsung.android.sharelive.external/exsettings/1
09-17 16:16:17.969  1250  1250 E android.hardware.wifi@1.0-service: SecIsDualInterfaceSupported vendor.wifi.dualconcurrent.interface swlan0 rValue :1
09-17 16:16:17.969  1250  1250 E android.hardware.wifi@1.0-service: wifisharing chip mode
09-17 16:16:17.969  1448  3759 W SLocation: ReceiverPairWithWifi - handle Wifi Connection ID = 632
09-17 16:16:17.969  1448  3759 D SLocation: PositionManager - last location time exceed threshold 79556 / 30000
09-17 16:16:17.969  1448  3759 D SLocation: GeopointGeofenceManager - getLastLocation is abnromal!
09-17 16:16:17.970  1448  3759 D SLocation: LocationProviderStatus - try to update provider status (GPS/NLP)
09-17 16:16:17.970  1448  3759 D SLocation: LocationProviderStatus - set isGpsOn : true, isNlpOn : true
09-17 16:16:17.970  1448  3759 D SLocation: LocationProviderStatus - gps & nlp status not changed
09-17 16:16:17.970  1448  3759 D SLocation: SContentManager - IsNetworkAvailable = false
09-17 16:16:17.970  1448  3759 D SLocation: PositionManager - NLP is unavailable
09-17 16:16:17.971  1448  3416 D SLocation: GeopointGeofenceParam - add geopoint geofence with no bssids
09-17 16:16:17.971  1311  5577 V APM_AudioPolicyManager: setAppState(portId:2209, state:2)
09-17 16:16:17.971  1448  3416 D SLocation: GeopointGeofenceManager - startGeoPointGeofence ID = 633
09-17 16:16:17.971  1448  3416 D SLocation: GeopointGeofenceManager - Session paused, don't trigger new session
09-17 16:16:17.971  1448  3416 I AutoWifi.Geofence: add and monitor geofence id : 3, configKey : "_BTWi-fi"NONE
09-17 16:16:17.971  1448  3416 V AutoWifi.Geofence: saved geofence configs size: 6
09-17 16:16:17.972  1448  3416 D SLocation: CommonUtil - check android.permission.ACCESS_FINE_LOCATION Permission pid=1448, uid=1000, hasPermission=true
09-17 16:16:17.972  1448  3416 D SLocation: GeopointGeofenceParam - add geopoint geofence with no bssids
09-17 16:16:17.972  1250  1250 I android.hardware.wifi@1.0-service: Wifi HAL started
09-17 16:16:17.972  1448  3416 D SLocation: GeopointGeofenceManager - startGeoPointGeofence ID = 634
09-17 16:16:17.972  1448  3416 D SLocation: GeopointGeofenceManager - Session paused, don't trigger new session
09-17 16:16:17.972  1448  3416 I AutoWifi.Geofence: add and monitor geofence id : 2, configKey : "REGUS"NONE
09-17 16:16:17.972  1448  3416 V AutoWifi.Geofence: saved geofence configs size: 6
09-17 16:16:17.972 18856 18873 I ShareLive: [SLog][binder:18856_3][SettingsDao] Update airplane mode : false
09-17 16:16:17.972  1448  3416 D SLocation: CommonUtil - check android.permission.ACCESS_FINE_LOCATION Permission pid=1448, uid=1000, hasPermission=true
09-17 16:16:17.972  3464  3464 I FaceWidgetPositionAlgorithm: getClockContainerHeight() supplier = 309, bottom margin = 0, real height = 381
09-17 16:16:17.973  1448  3416 D SLocation: GeopointGeofenceParam - add geopoint geofence with no bssids
09-17 16:16:17.973  1448  3416 D SLocation: GeopointGeofenceManager - startGeoPointGeofence ID = 635
09-17 16:16:17.973  3464  3464 I FaceWidgetPositionAlgorithm: getClockContainerHeight() supplier = 309, bottom margin = 72, real height = 381
09-17 16:16:17.973  1448  3416 D SLocation: GeopointGeofenceManager - Session paused, don't trigger new session
09-17 16:16:17.973  1448  3416 I AutoWifi.Geofence: add and monitor geofence id : 6, configKey : "SKY9RNJY"WPA_PSK
09-17 16:16:17.973  1448  3416 V AutoWifi.Geofence: saved geofence configs size: 6
09-17 16:16:17.973  3464  3464 I FaceWidgetPositionAlgorithm: getMediaContainerHeight() height = 0 container Visibility = 8, isValid = false, mIsDozing = false, fraction = 1.0, source = 0, target = 0
09-17 16:16:17.973  3464  3464 I FaceWidgetPositionAlgorithm: getMediaContainerHeight() supplier = 0
09-17 16:16:17.973  1448  3416 D SLocation: CommonUtil - check android.permission.ACCESS_FINE_LOCATION Permission pid=1448, uid=1000, hasPermission=true
09-17 16:16:17.973 19644 19644 I BCMGR[11.0.01.10]: BeaconManagerFilter] setTvFilter - Target TV status - TvOnOff
09-17 16:16:17.973  3464  3464 V QsExpandAnimator: setQsExpansionPosition 0.0
09-17 16:16:17.973  1448  3416 D SLocation: GeopointGeofenceParam - add geopoint geofence with no bssids
09-17 16:16:17.973  1448  3416 D SLocation: GeopointGeofenceManager - startGeoPointGeofence ID = 636
09-17 16:16:17.973  1448  3416 D SLocation: GeopointGeofenceManager - Session paused, don't trigger new session
09-17 16:16:17.974  1448  3416 I AutoWifi.Geofence: add and monitor geofence id : 1, configKey : "VM2849680"WPA_PSK
09-17 16:16:17.974  1448  3416 V AutoWifi.Geofence: saved geofence configs size: 6
09-17 16:16:17.974 19644 19644 I BCMGR[11.0.01.10]: TvControlManager] TvControlManager  - mMyID is 26
09-17 16:16:17.976  1448  1793 W ProcessCpuTracker: Failed to stat(/proc/19351): android.system.ErrnoException: stat failed: ENOENT (No such file or directory)
09-17 16:16:17.976  1448  1793 W ProcessCpuTracker: Skipping unknown process pid 19351
09-17 16:16:17.976  3789  4130 W SQLiteLog: (28) double-quoted string literal: "airplane_mode_status"
09-17 16:16:17.978 19644 19644 I BCMGR[11.0.01.10]: BeaconManager] getInstance - make new instance com.samsung.android.beaconmanager.a@b45b2bf
09-17 16:16:17.979  3464  3464 V QsExpandAnimator: updateAnimators
09-17 16:16:17.979  3464  3464 V QsExpandAnimator: clearAnimationState 
09-17 16:16:17.979  3464  3464 V QsExpandAnimator: updateViews
09-17 16:16:17.980  3464  3464 V QsExpandAnimator: updateTileAnimator
09-17 16:16:17.980  3464  3464 V QsExpandAnimator: updateHeaderAnimator
09-17 16:16:17.980 19644 19644 I BCMGR[11.0.01.10]: BeaconService] CreateBeaconManager  - create initRemoteClient
09-17 16:16:17.980 19644 19644 I BCMGR[11.0.01.10]: RemoteClientManager] getSmartThingsClient - start
09-17 16:16:17.980 19644 19644 I BCMGR[11.0.01.10]: RemoteClientManager] getEasySetupClient - start
09-17 16:16:17.980  3464  3464 V QsExpandAnimator: updateBarAnimator
09-17 16:16:17.980  3464  3464 V QsExpandAnimator: setQsExpansionPosition 0.0
09-17 16:16:17.980  3464  3464 V QsExpandAnimator: onAnimationAtStart
09-17 16:16:17.982  3464  3464 D TileLifecycleManager: Binding service Intent { cmp=com.google.android.gms/.nearby.sharing.SharingTileService (has extras) } UserHandle{0}
09-17 16:16:17.983  1448  4918 D CompatibilityChangeReporter: Compat change id reported: 161252188; UID 10082; state: DISABLED
09-17 16:16:17.983 17436 17537 D [MdeResource]QuickShareStatusChecker: quick share status : false
09-17 16:16:17.983 17436 17537 D [MdeResource]QuickShareStatusChecker: Status ID : quickshare_continuity_status
09-17 16:16:17.983  1448  3285 I WifiVendorHal: Vendor Hal started successfully
09-17 16:16:17.983 17436 17537 I [SCPMSDK][0.9.1000][ScpmDeviceService]: call : Method = setStatus, appId = 7ifb2oyy52
09-17 16:16:17.984  1322  1322 D SurfaceFlinger: GPIS:: requestGPIS
09-17 16:16:17.987  1448  4918 I ActivityManager: com.samsung.android.easysetup is exempt from freezer by list
09-17 16:16:17.987  1448  4918 D CompatibilityChangeReporter: Compat change id reported: 135634846; UID 10082; state: DISABLED
09-17 16:16:17.987  1448  4918 D CompatibilityChangeReporter: Compat change id reported: 177438394; UID 10082; state: DISABLED
09-17 16:16:17.987  1448  4918 D CompatibilityChangeReporter: Compat change id reported: 135772972; UID 10082; state: DISABLED
09-17 16:16:17.987  1448  4918 D CompatibilityChangeReporter: Compat change id reported: 135754954; UID 10082; state: ENABLED
09-17 16:16:17.988  1448  1513 D CompatibilityChangeReporter: Compat change id reported: 143937733; UID 10082; state: ENABLED
09-17 16:16:17.990  1322  2709 D NativeSemDvfsManager: acquire:: timeout = 2000 mIsAcquired = 1  mTagName : SurfaceFlinger 
09-17 16:16:17.990  1448  3400 W HalDevMgr: createRttControllerIfPossible: not available from any of the chips
09-17 16:16:17.990  1322  2709 E NativeCustomFrequencyManager: [NativeCFMS] BpCustomFrequencyManager::acquire()
09-17 16:16:17.990  1251  1275 I HYPER-HAL: [RequestManager.cpp]acquire(): Acquired ID : 2698003  [1322 / 1000]    HINT : SF_GPU_MINLOCK    list : [TIMEOUT / 2000] 
09-17 16:16:17.990  1448  3400 D HalDevMgr: registerRttControllerLifecycleCallback: registering an existing callback=com.android.server.wifi.rtt.RttNative$1@1d3381f
09-17 16:16:17.992  1448  4918 D CompatibilityChangeReporter: Compat change id reported: 161252188; UID 10283; state: DISABLED
09-17 16:16:17.993  1448  4918 I ActivityManager: com.samsung.android.oneconnect is exempt from freezer by list
09-17 16:16:17.993  1448  4918 D CompatibilityChangeReporter: Compat change id reported: 135634846; UID 10283; state: DISABLED
09-17 16:16:17.993  1448  4918 D CompatibilityChangeReporter: Compat change id reported: 177438394; UID 10283; state: DISABLED
09-17 16:16:17.993  1448  4918 D CompatibilityChangeReporter: Compat change id reported: 135772972; UID 10283; state: DISABLED
09-17 16:16:17.993  1448  4918 D CompatibilityChangeReporter: Compat change id reported: 135754954; UID 10283; state: ENABLED
09-17 16:16:17.994  1448  3759 W SLocation: ReceiverPairWithWifi - handle Wifi Connection ID = 633
09-17 16:16:17.994  1448  3759 W SLocation: ReceiverPairWithWifi - handle Wifi Connection ID = 634
09-17 16:16:17.994  1448  3759 W SLocation: ReceiverPairWithWifi - handle Wifi Connection ID = 635
09-17 16:16:17.994  1448  3759 W SLocation: ReceiverPairWithWifi - handle Wifi Connection ID = 636
09-17 16:16:17.994  1250  1250 D android.hardware.wifi@1.0-service: Waiting for the driver ready
09-17 16:16:17.995 19644 19644 I BCMGR[11.0.01.10]: BeaconManager] PhoneStateListener - state changed : false to 0
09-17 16:16:17.995  1153  1153 D Zygote  : Forked child process 19364
09-17 16:16:17.995  1250  1250 D android.hardware.wifi@1.0-service: Starting legacy HAL
09-17 16:16:17.996  1448  1513 I ActivityManager: Start proc 19364:com.samsung.android.easysetup:IcControlService/u0a82 for service {com.samsung.android.easysetup/com.samsung.android.easysetup.icmanager.IcControlService}
09-17 16:16:17.996  1448  1513 D CompatibilityChangeReporter: Compat change id reported: 143937733; UID 10283; state: ENABLED
09-17 16:16:17.996 32147 32147 I NearbySharing: SharingTileService created.
09-17 16:16:17.996  3464  3464 D TileLifecycleManager: onStartListening
09-17 16:16:17.997 32147 32147 D TileService: onBind : mService = android.service.quicksettings.IQSService$Stub$Proxy@10462ca, mTileToken = android.os.BinderProxy@7421036oap
09-17 16:16:17.999 17436 17537 I [SCPMSDK][0.9.1000][ScpmDeviceService]: result = 2, rcode = 70000003, rmsg = No Account..
09-17 16:16:17.999 17436 17537 I ActionDispatcher: executeAction : tag = get/has_quickshare_off_history
09-17 16:16:18.000 32147 32147 D TileService: onBind : mTile = android.service.quicksettings.Tile@733cc3boap
09-17 16:16:18.000 18856 18873 I ShareLive: [SLog][binder:18856_3][ExternalProvider] query: content://com.samsung.android.sharelive.external/suggestSetting
09-17 16:16:18.001  3464  3464 D TileLifecycleManager: onServiceConnected ComponentInfo{com.google.android.gms/com.google.android.gms.nearby.sharing.SharingTileService}
09-17 16:16:18.001  3464  3464 D TileLifecycleManager: stopPackageListening
09-17 16:16:18.001  3464  3464 D TileLifecycleManager: Handling pending onStartListening
09-17 16:16:18.001  3464  3464 D TileLifecycleManager: onStartListening
09-17 16:16:18.002 32147 32147 W ComplianceFilepathHandl: Tracing data is not available [CONTEXT service_id=357 ]
09-17 16:16:18.002 32147 32147 W ComplianceFilepathHandl: Tracing data is not available [CONTEXT service_id=357 ]
09-17 16:16:18.002  1153  1153 D Zygote  : Forked child process 19366
09-17 16:16:18.002 18856 18873 I ShareLive: [SLog][binder:18856_3][SystemSettingUtil] isActivated: true
09-17 16:16:18.003  1448  1513 I ActivityManager: Start proc 19366:com.samsung.android.oneconnect:BeaconManagerControlService/u0a283 for service {com.samsung.android.oneconnect/com.samsung.android.oneconnect.easysetup.beaconmanager.BeaconManagerControlService}
09-17 16:16:18.003  3464 28644 D TileLifecycleManager: onStopListening
09-17 16:16:18.003  3464  3553 D Tile.CustomTile: updateState : Label = Nearby Share, State = 1, Icon = Icon(typ=RESOURCE pkg=com.google.android.gms id=0x7f0804a2)
09-17 16:16:18.003 32147 32147 W ComplianceFilepathHandl: Tracing data is not available [CONTEXT service_id=357 ]
09-17 16:16:18.003 32147 32147 W ComplianceFilepathHandl: Tracing data is not available [CONTEXT service_id=357 ]
09-17 16:16:18.008 17436 17537 D [MdeResource]QuickShareOffHistoryChecker: quick share off history : false
09-17 16:16:18.009 17436 17537 I ActionDispatcher: executeAction : tag = flow_control/branch_if
09-17 16:16:18.009 17436 17537 I ActionDispatcher: param.TYPE : STRING
09-17 16:16:18.009 17436 17537 I ActionDispatcher: param.VALUE : 1&&2&&3
09-17 16:16:18.009 17436 17537 I ActionDispatcher: param token : 1
09-17 16:16:18.009 17436 17537 I ActionDispatcher: param token : 2
09-17 16:16:18.009 17436 17537 I ActionDispatcher: param token : 3
09-17 16:16:18.009 17436 17537 I ActionDispatcher: expression.TYPE : LIST{STRING}
09-17 16:16:18.009 17436 17537 D ActionDispatcher: variable : get/is_samsung_account_signed_in, operator : ==, value : true, getter value : false, value type class : class java.lang.Boolean
09-17 16:16:18.009 17436 17537 I ActionDispatcher: executeAction : tag = flow_control/branch_endif
09-17 16:16:18.009 17436 17537 D Engine  : runActionFlow : Auto Hotspot On
09-17 16:16:18.009 17436 17537 I ActionDispatcher: executeAction : tag = get/is_samsung_account_signed_in
09-17 16:16:18.010 17436 17537 I ActionDispatcher: executeAction : tag = get/remote/phone_tablet
09-17 16:16:18.010 17436 17537 D [MdeResource]PhoneTabletCountChecker: My product code : SM-G781BZBDEVR
09-17 16:16:18.010 17436 17537 D [MdeResource]PhoneTabletCountChecker: Device types : [phone, tablet]
09-17 16:16:18.010 17436 17537 I [SCPMSDK][0.9.1000][ScpmDeviceService]: call : Method = getDevices, appId = 7ifb2oyy52
09-17 16:16:18.011  1583 18292 I OMX-VENC: venc_dev: stats: avg. fps 0.56, bitrate 11161
09-17 16:16:18.011 19365 19365 E btcoex_cont_config: failed to get seclevel log
09-17 16:16:18.012 19365 19365 E btcoex_cont_config: debug_level is 0x4f4c, build type is user, seclevel log is 
09-17 16:16:18.012 19365 19365 E btcoex_cont_config: disable btcoex contention info
09-17 16:16:18.012 16524 16524 D XCAL-Smart [BatteryAmpere] :: (ADB_MainActivity.java:6108).getCurrentAmpere - UI Update 288 mA
09-17 16:16:18.013 17436 17537 I [SCPMSDK][0.9.1000][ScpmDeviceService]: result = 2, rcode = 70000003, rmsg = No Account..
09-17 16:16:18.013 17436 17537 I [SCPMSDK][0.9.1000][ScpmDeviceService]: no bundles.(null or empty)
09-17 16:16:18.014 17436 17537 D [MdeResource]PhoneTabletCountChecker: ScpmDevices result : 2
09-17 16:16:18.014 17436 17537 E [MdeResource]PhoneTabletCountChecker: error while getting devices. reason: 70000003, No Account..
09-17 16:16:18.014 17436 17537 D [MdeResource]PhoneTabletCountChecker: getValue : 0
09-17 16:16:18.014 17436 17537 I ActionDispatcher: executeAction : tag = get/auto_hotspot_status
09-17 16:16:18.014 17436 17537 D [MdeResource]AutoHotspotStatusChecker: auto hotspot status : false
09-17 16:16:18.014 17436 17537 D [MdeResource]AutoHotspotStatusChecker: Status ID : autohotspot_continuity_status
09-17 16:16:18.014 17436 17537 I [SCPMSDK][0.9.1000][ScpmDeviceService]: call : Method = setStatus, appId = 7ifb2oyy52
09-17 16:16:18.016 18252 18275 I MediaCodec: setCodecState state(1), called in 6
09-17 16:16:18.016 19364 19364 I cControlService: Using CollectorTypeCC GC.
09-17 16:16:18.016  4857  4857 I SemMediaResourceHelper: onState
09-17 16:16:18.016 22613 22640 V ResourceManagerHelper-JNI: JNIMediaResourceHelper::notify eventType : 3, ext1 : 0, ext2 : 0
09-17 16:16:18.017 22613 22640 V ResourceManagerHelper-JNI: notify eventType : 3, ext1 : 0, ext2 : 0
09-17 16:16:18.017 22613 22650 I SemMediaResourceHelper: onState
09-17 16:16:18.017 22613 22650 I DrmMediaResourceHelper: onStateChanged size = 1
09-17 16:16:18.017 22613 22650 I DrmMediaResourceHelper: resource type: 2,,,isSecured :  falseIsEncoder : truegetCodecState : 1getpid : 18252
09-17 16:16:18.017 19366 19366 I rControlService: Using CollectorTypeCC GC.
09-17 16:16:18.018  1251  1275 I HYPER-HAL: [RequestManager.cpp]releaseLocked(): Released ID : 11875517
09-17 16:16:18.018  1448  1486 V ResourceManagerHelper-JNI: JNIMediaResourceHelper::notify eventType : 3, ext1 : 0, ext2 : 0
09-17 16:16:18.018  1448  1486 V ResourceManagerHelper-JNI: notify eventType : 3, ext1 : 0, ext2 : 0
09-17 16:16:18.018  1448  2633 I SemMediaResourceHelper: onState
09-17 16:16:18.019 19364 19364 E cControlService: Not starting debugger since process cannot load the jdwp agent.
09-17 16:16:18.019  9666 11817 I NearbySharing: A new client has bound to the NearbySharingService ClientBridge for calling package com.google.android.gms and PID 32147
09-17 16:16:18.019 17436 17537 I [SCPMSDK][0.9.1000][ScpmDeviceService]: result = 2, rcode = 70000003, rmsg = No Account..
09-17 16:16:18.019 17436 17537 I ActionDispatcher: executeAction : tag = get/auto_hotspot_available
09-17 16:16:18.020  1448  4918 I SemWifiApUtils: Getting(DB) AutoHotspot: false
09-17 16:16:18.020 19366 19366 E rControlService: Not starting debugger since process cannot load the jdwp agent.
09-17 16:16:18.020 32147 32147 W ComplianceFilepathHandl: Tracing data is not available [CONTEXT service_id=357 ]
09-17 16:16:18.021 32147 32147 W ComplianceFilepathHandl: Tracing data is not available [CONTEXT service_id=357 ]
09-17 16:16:18.021  1448  4918 I SemWifiApUtils: ActiveNetwork is Null
09-17 16:16:18.021  3464 28644 D TileLifecycleManager: onStopListening
09-17 16:16:18.022  1448  4918 I SemWifiApUtils: Is samsung Account logged out: true
09-17 16:16:18.022  1448  4918 D SemWifiApSmartMHS: Can AutoHotspot switch be made Enabled - , isAutoHotspotSupported : true, isAutoHotspotEnabled : false, isTetheringRestricted : false, isAirplaneModeOn : false, isSimDisabled : false, isNetworkDisconnected : true, isSamsungAccountLoggedOut : true, isNearByDeviceScanningDisabled : false
09-17 16:16:18.022 32147 32147 W ComplianceFilepathHandl: Tracing data is not available [CONTEXT service_id=357 ]
09-17 16:16:18.022 32147 32147 W ComplianceFilepathHandl: Tracing data is not available [CONTEXT service_id=357 ]
09-17 16:16:18.022  3464  3553 D Tile.CustomTile: updateState : Label = Nearby Share, State = 1, Icon = Icon(typ=RESOURCE pkg=com.google.android.gms id=0x7f0804a2)
09-17 16:16:18.022 17436 17537 I SemWifiApAutoHotspotHelper: setIfAutoHotspotCanBeEnabled() - false
09-17 16:16:18.022 17436 17537 D SemWifiApContentProviderHelper: SemWifiApContentProviderHelper insert:com.android.settings.intelligence,Binder.getCallingUid():10128,hasPermission:true
09-17 16:16:18.023  3464 28644 D TileLifecycleManager: onStopListening
09-17 16:16:18.024 19366 19366 D ActivityThread: setConscryptValidator
09-17 16:16:18.024 19366 19366 D ActivityThread: setConscryptValidator - put
09-17 16:16:18.025  3464  3553 D Tile.CustomTile: updateState : Label = Nearby Share, State = 1, Icon = Icon(typ=RESOURCE pkg=com.google.android.gms id=0x7f0804a2)
09-17 16:16:18.025  1448  3537 I SemWifiApContentProvider: updated:content://com.samsung.android.wifi.softap/softapInfo
09-17 16:16:18.026 17436 17537 I SemWifiApContentProviderHelper: key is already present:key_can_auto_hotspot_be_enabled,ret:1
09-17 16:16:18.026 17436 17537 D SemWifiApContentProviderHelper: SemWifiApContentProviderHelper insert:com.android.settings.intelligence,Binder.getCallingUid():10128,hasPermission:true
09-17 16:16:18.027  1448  1486 D CompatibilityChangeReporter: Compat change id reported: 168419799; UID 10283; state: DISABLED
09-17 16:16:18.027  1448  1486 I ActivityManager: DSS OFF for com.samsung.android.oneconnect
09-17 16:16:18.027 17436 17537 I SemWifiApAutoHotspotHelper: getIfAutoHotspotCanBeEnabled() - Getting: 0
09-17 16:16:18.027 17436 17537 D [MdeResource]AutoHotspotAvailableChecker: getValue : false
09-17 16:16:18.027 17436 17537 I ActionDispatcher: executeAction : tag = flow_control/branch_if
09-17 16:16:18.027 17436 17537 I ActionDispatcher: param.TYPE : STRING
09-17 16:16:18.027 17436 17537 I ActionDispatcher: param.VALUE : 1&&2&&3&&4
09-17 16:16:18.027 17436 17537 I ActionDispatcher: param token : 1
09-17 16:16:18.027 17436 17537 I ActionDispatcher: param token : 2
09-17 16:16:18.027 17436 17537 I ActionDispatcher: param token : 3
09-17 16:16:18.027 17436 17537 I ActionDispatcher: param token : 4
09-17 16:16:18.027 17436 17537 I ActionDispatcher: expression.TYPE : LIST{STRING}
09-17 16:16:18.027 17436 17537 D ActionDispatcher: variable : get/is_samsung_account_signed_in, operator : ==, value : true, getter value : false, value type class : class java.lang.Boolean
