09-17 16:16:18.027 17436 17537 I ActionDispatcher: executeAction : tag = flow_control/branch_endif
09-17 16:16:18.028 17436 17537 D Engine  : runActionFlow : All Sync/Auto Backup On
09-17 16:16:18.028 17436 17537 I ActionDispatcher: executeAction : tag = get/is_samsung_account_signed_in
09-17 16:16:18.028 17436 17537 I ActionDispatcher: executeAction : tag = get/auto_sync_for_all_items_off
09-17 16:16:18.028 19364 19364 D ActivityThread: setConscryptValidator
09-17 16:16:18.028 17436 17537 D [MdeResource]AutoSyncForAllItemsOffChecker: Status tag : sync
09-17 16:16:18.028 19364 19364 D ActivityThread: setConscryptValidator - put
09-17 16:16:18.028 17436 17537 I [scsettingv2suggestion][2.0.11.0]: getStatusIds
09-17 16:16:18.030  1311 24224 V APM_AudioPolicyManager: setAppState(portId:2209, state:2)
09-17 16:16:18.030  1448  1486 D CompatibilityChangeReporter: Compat change id reported: 168419799; UID 10082; state: DISABLED
09-17 16:16:18.031  1448  1486 I ActivityManager: DSS OFF for com.samsung.android.easysetup
09-17 16:16:18.031 18930 18947 I [SC]SCloudStatusProvider: tagId: sync, method: get_status_ids, arg: null
09-17 16:16:18.031 17436 17537 D [MdeResource]AutoSyncForAllItemsOffChecker: Status IDs : []
09-17 16:16:18.031 17436 17537 I ActionDispatcher: executeAction : tag = get/auto_backup_for_all_items_off
09-17 16:16:18.031 17436 17537 D [MdeResource]AutoBackupForAllItemsOffChecker: Status tag : backup
09-17 16:16:18.032 17436 17537 I [scsettingv2suggestion][2.0.11.0]: getStatusIds
09-17 16:16:18.032 18930 18947 I [SC]SCloudStatusProvider: tagId: backup, method: get_status_ids, arg: null
09-17 16:16:18.032 19366 19366 D CompatibilityChangeReporter: Compat change id reported: 171979766; UID 10283; state: ENABLED
09-17 16:16:18.032 19644 19360 I BCMGR[11.0.01.10]: BeaconManager] updateScanCondition - 
09-17 16:16:18.033 19644 19360 I BCMGR[11.0.01.10]: BeaconManager] getScanFilter - filterFlag - 0b1100000
09-17 16:16:18.033 19644 19360 I BCMGR[11.0.01.10]: BeaconManager] updateScanCondition - no scanlist
09-17 16:16:18.033 19644 19360 I BCMGR[11.0.01.10]: BleScanHelper] stopBleScan - BluetoothAdapter is null or LE is not ON state
09-17 16:16:18.033  1311 24224 V APM_AudioPolicyManager: setAppState(portId:2209, state:2)
09-17 16:16:18.037 19364 19364 D CompatibilityChangeReporter: Compat change id reported: 171979766; UID 10082; state: ENABLED
09-17 16:16:18.038 18930 18947 I [SC]BackupSourceManager: getEnabledList: size: 36, list: [FrontHomeDualClock, APP, FrontHome, CONTACT, WEATHERWIDGET, CALLSETTING, EVENT, clock_widget_setting, BluetoothDeviceList, CALENDARSETTING, Shortcut, DOCUMENT, SBROWSERSETTING, Settings, RCSCHAT, MUSIC, FrontHomeAlarmWidget, TASK, TIMER, bedtime_alarm, clock_settings, CONNECTIONS, HomescreenBackup, CALLLOGS, WorldClock, RINGTONESETTING, SPAM, WifiPreference, CONTACTSETTING, RCSFT, DEXHOME, Alarm, SMS, MessagesSettings, MMS2, call_background]
09-17 16:16:18.039 17436 17537 D [MdeResource]AutoBackupForAllItemsOffChecker: Status IDs : [homescreen_backup_status, apps_backup_status, contacts_backup_status, calendar_backup_status, settings_backup_status, messages_backup_status, clock_backup_status, calllog_backup_status]
09-17 16:16:18.039 17436 17537 I [scsettingv2suggestion][2.0.11.0]: getStatus
09-17 16:16:18.040 18930 18947 I [SC]SCloudStatusProvider: tagId: backup, method: get_status_by_id, arg: null
09-17 16:16:18.040 18930 18947 I [SC]AutoBackup: get backup status homescreen_backup_status : 0
09-17 16:16:18.041 17436 17537 D [MdeResource]AutoBackupForAllItemsOffChecker: status id : homescreen_backup_status, value : 0
09-17 16:16:18.041 17436 17537 I [scsettingv2suggestion][2.0.11.0]: getStatus
09-17 16:16:18.041 18930 18947 I [SC]SCloudStatusProvider: tagId: backup, method: get_status_by_id, arg: null
09-17 16:16:18.041 18930 18947 I [SC]AutoBackup: get backup status apps_backup_status : 0
09-17 16:16:18.042 17436 17537 D [MdeResource]AutoBackupForAllItemsOffChecker: status id : apps_backup_status, value : 0
09-17 16:16:18.042 17436 17537 I [scsettingv2suggestion][2.0.11.0]: getStatus
09-17 16:16:18.042 18930 18947 I [SC]SCloudStatusProvider: tagId: backup, method: get_status_by_id, arg: null
09-17 16:16:18.042 18930 18947 I [SC]AutoBackup: get backup status contacts_backup_status : 0
09-17 16:16:18.043 17436 17537 D [MdeResource]AutoBackupForAllItemsOffChecker: status id : contacts_backup_status, value : 0
09-17 16:16:18.043 17436 17537 I [scsettingv2suggestion][2.0.11.0]: getStatus
09-17 16:16:18.043 18930 18947 I [SC]SCloudStatusProvider: tagId: backup, method: get_status_by_id, arg: null
09-17 16:16:18.044 18930 18947 I [SC]AutoBackup: get backup status calendar_backup_status : 0
09-17 16:16:18.045 17436 17537 D [MdeResource]AutoBackupForAllItemsOffChecker: status id : calendar_backup_status, value : 0
09-17 16:16:18.045 17436 17537 I [scsettingv2suggestion][2.0.11.0]: getStatus
09-17 16:16:18.053 18930 18947 I [SC]SCloudStatusProvider: tagId: backup, method: get_status_by_id, arg: null
09-17 16:16:18.053 18930 18947 I [SC]AutoBackup: get backup status settings_backup_status : 0
09-17 16:16:18.054 17436 17537 D [MdeResource]AutoBackupForAllItemsOffChecker: status id : settings_backup_status, value : 0
09-17 16:16:18.054 17436 17537 I [scsettingv2suggestion][2.0.11.0]: getStatus
09-17 16:16:18.055 18930 18947 I [SC]SCloudStatusProvider: tagId: backup, method: get_status_by_id, arg: null
09-17 16:16:18.055 18930 18947 I [SC]AutoBackup: get backup status messages_backup_status : 0
09-17 16:16:18.056 17436 17537 D [MdeResource]AutoBackupForAllItemsOffChecker: status id : messages_backup_status, value : 0
09-17 16:16:18.056 17436 17537 I [scsettingv2suggestion][2.0.11.0]: getStatus
09-17 16:16:18.057 18930 18947 I [SC]SCloudStatusProvider: tagId: backup, method: get_status_by_id, arg: null
09-17 16:16:18.057 18930 18947 I [SC]AutoBackup: get backup status clock_backup_status : 0
09-17 16:16:18.059 17436 17537 D [MdeResource]AutoBackupForAllItemsOffChecker: status id : clock_backup_status, value : 0
09-17 16:16:18.059 17436 17537 I [scsettingv2suggestion][2.0.11.0]: getStatus
09-17 16:16:18.060 18930 18947 I [SC]SCloudStatusProvider: tagId: backup, method: get_status_by_id, arg: null
09-17 16:16:18.060 18930 18947 I [SC]AutoBackup: get backup status calllog_backup_status : 0
09-17 16:16:18.060 17436 17537 D [MdeResource]AutoBackupForAllItemsOffChecker: status id : calllog_backup_status, value : 0
09-17 16:16:18.060 17436 17537 I ActionDispatcher: executeAction : tag = flow_control/branch_if
09-17 16:16:18.061 17436 17537 I ActionDispatcher: param.TYPE : STRING
09-17 16:16:18.061 17436 17537 I ActionDispatcher: param.VALUE : 1&&2&&3
09-17 16:16:18.061 17436 17537 I ActionDispatcher: param token : 1
09-17 16:16:18.061 17436 17537 I ActionDispatcher: param token : 2
09-17 16:16:18.061 17436 17537 I ActionDispatcher: param token : 3
09-17 16:16:18.061 17436 17537 I ActionDispatcher: expression.TYPE : LIST{STRING}
09-17 16:16:18.061 17436 17537 D ActionDispatcher: variable : get/is_samsung_account_signed_in, operator : ==, value : true, getter value : false, value type class : class java.lang.Boolean
09-17 16:16:18.061 17436 17537 I ActionDispatcher: executeAction : tag = flow_control/branch_endif
09-17 16:16:18.061 17436 17537 D Engine  : runActionFlow : All Sync On
09-17 16:16:18.061 17436 17537 I ActionDispatcher: executeAction : tag = get/is_samsung_account_signed_in
09-17 16:16:18.062 17436 17537 I ActionDispatcher: executeAction : tag = get/auto_sync_for_all_items_off
09-17 16:16:18.063 17436 17537 D [MdeResource]AutoSyncForAllItemsOffChecker: Status tag : sync
09-17 16:16:18.063 17436 17537 I [scsettingv2suggestion][2.0.11.0]: getStatusIds
09-17 16:16:18.063 18930 18947 I [SC]SCloudStatusProvider: tagId: sync, method: get_status_ids, arg: null
09-17 16:16:18.065 17436 17537 D [MdeResource]AutoSyncForAllItemsOffChecker: Status IDs : []
09-17 16:16:18.065 17436 17537 I ActionDispatcher: executeAction : tag = get/auto_backup_for_all_items_off
09-17 16:16:18.065 17436 17537 D [MdeResource]AutoBackupForAllItemsOffChecker: Status tag : backup
09-17 16:16:18.065 17436 17537 I [scsettingv2suggestion][2.0.11.0]: getStatusIds
09-17 16:16:18.065  3789  3789 D SecImsManager: isWfcEnabledByPlatform
09-17 16:16:18.065 18930 18947 I [SC]SCloudStatusProvider: tagId: backup, method: get_status_ids, arg: null
09-17 16:16:18.070 18930 18947 I [SC]BackupSourceManager: getEnabledList: size: 36, list: [FrontHomeDualClock, APP, FrontHome, CONTACT, WEATHERWIDGET, CALLSETTING, EVENT, clock_widget_setting, BluetoothDeviceList, CALENDARSETTING, Shortcut, DOCUMENT, SBROWSERSETTING, Settings, RCSCHAT, MUSIC, FrontHomeAlarmWidget, TASK, TIMER, bedtime_alarm, clock_settings, CONNECTIONS, HomescreenBackup, CALLLOGS, WorldClock, RINGTONESETTING, SPAM, WifiPreference, CONTACTSETTING, RCSFT, DEXHOME, Alarm, SMS, MessagesSettings, MMS2, call_background]
09-17 16:16:18.073 17436 17537 D [MdeResource]AutoBackupForAllItemsOffChecker: Status IDs : [homescreen_backup_status, apps_backup_status, contacts_backup_status, calendar_backup_status, settings_backup_status, messages_backup_status, clock_backup_status, calllog_backup_status]
09-17 16:16:18.073 17436 17537 I [scsettingv2suggestion][2.0.11.0]: getStatus
09-17 16:16:18.075 18930 18947 I [SC]SCloudStatusProvider: tagId: backup, method: get_status_by_id, arg: null
09-17 16:16:18.075 18930 18947 I [SC]AutoBackup: get backup status homescreen_backup_status : 0
09-17 16:16:18.076 17436 17537 D [MdeResource]AutoBackupForAllItemsOffChecker: status id : homescreen_backup_status, value : 0
09-17 16:16:18.076 17436 17537 I [scsettingv2suggestion][2.0.11.0]: getStatus
09-17 16:16:18.076 18930 18947 I [SC]SCloudStatusProvider: tagId: backup, method: get_status_by_id, arg: null
09-17 16:16:18.076 18930 18947 I [SC]AutoBackup: get backup status apps_backup_status : 0
09-17 16:16:18.077 17436 17537 D [MdeResource]AutoBackupForAllItemsOffChecker: status id : apps_backup_status, value : 0
09-17 16:16:18.077 17436 17537 I [scsettingv2suggestion][2.0.11.0]: getStatus
09-17 16:16:18.078 18930 18947 I [SC]SCloudStatusProvider: tagId: backup, method: get_status_by_id, arg: null
09-17 16:16:18.078 18930 18947 I [SC]AutoBackup: get backup status contacts_backup_status : 0
09-17 16:16:18.079 17436 17537 D [MdeResource]AutoBackupForAllItemsOffChecker: status id : contacts_backup_status, value : 0
09-17 16:16:18.079 17436 17537 I [scsettingv2suggestion][2.0.11.0]: getStatus
09-17 16:16:18.081 18930 18947 I [SC]SCloudStatusProvider: tagId: backup, method: get_status_by_id, arg: null
09-17 16:16:18.081 18930 18947 I [SC]AutoBackup: get backup status calendar_backup_status : 0
09-17 16:16:18.082 17436 17537 D [MdeResource]AutoBackupForAllItemsOffChecker: status id : calendar_backup_status, value : 0
09-17 16:16:18.082 17436 17537 I [scsettingv2suggestion][2.0.11.0]: getStatus
09-17 16:16:18.083 18930 18947 I [SC]SCloudStatusProvider: tagId: backup, method: get_status_by_id, arg: null
09-17 16:16:18.083 18930 18947 I [SC]AutoBackup: get backup status settings_backup_status : 0
09-17 16:16:18.082  1448  1486 I GenerationRegistry: mBackingStore.isClosed() : false
09-17 16:16:18.083 17436 17537 D [MdeResource]AutoBackupForAllItemsOffChecker: status id : settings_backup_status, value : 0
09-17 16:16:18.083 17436 17537 I [scsettingv2suggestion][2.0.11.0]: getStatus
09-17 16:16:18.084  2469  2496 D SemNativeCarrierFeature_vendor: getInstance
09-17 16:16:18.084 18930 18947 I [SC]SCloudStatusProvider: tagId: backup, method: get_status_by_id, arg: null
09-17 16:16:18.084 18930 18947 I [SC]AutoBackup: get backup status messages_backup_status : 0
09-17 16:16:18.085 17436 17537 D [MdeResource]AutoBackupForAllItemsOffChecker: status id : messages_backup_status, value : 0
09-17 16:16:18.085 17436 17537 I [scsettingv2suggestion][2.0.11.0]: getStatus
09-17 16:16:18.085 18930 18947 I [SC]SCloudStatusProvider: tagId: backup, method: get_status_by_id, arg: null
09-17 16:16:18.086 18930 18947 I [SC]AutoBackup: get backup status clock_backup_status : 0
09-17 16:16:18.086 17436 17537 D [MdeResource]AutoBackupForAllItemsOffChecker: status id : clock_backup_status, value : 0
09-17 16:16:18.086 17436 17537 I [scsettingv2suggestion][2.0.11.0]: getStatus
09-17 16:16:18.087 18930 18947 I [SC]SCloudStatusProvider: tagId: backup, method: get_status_by_id, arg: null
09-17 16:16:18.087 18930 18947 I [SC]AutoBackup: get backup status calllog_backup_status : 0
09-17 16:16:18.088 17436 17537 D [MdeResource]AutoBackupForAllItemsOffChecker: status id : calllog_backup_status, value : 0
09-17 16:16:18.088 17436 17537 I ActionDispatcher: executeAction : tag = flow_control/branch_if
09-17 16:16:18.088 17436 17537 I ActionDispatcher: param.TYPE : STRING
09-17 16:16:18.088 17436 17537 I ActionDispatcher: param.VALUE : 1&&2&&3
09-17 16:16:18.088 17436 17537 I ActionDispatcher: param token : 1
09-17 16:16:18.088 17436 17537 I ActionDispatcher: param token : 2
09-17 16:16:18.088 17436 17537 I ActionDispatcher: param token : 3
09-17 16:16:18.088 17436 17537 I ActionDispatcher: expression.TYPE : LIST{STRING}
09-17 16:16:18.088 17436 17537 D ActionDispatcher: variable : get/is_samsung_account_signed_in, operator : ==, value : true, getter value : false, value type class : class java.lang.Boolean
09-17 16:16:18.088 17436 17537 I ActionDispatcher: executeAction : tag = flow_control/branch_endif
09-17 16:16:18.089 17436 17537 D Engine  : runActionFlow : Auto Backup on
09-17 16:16:18.089 17436 17537 I ActionDispatcher: executeAction : tag = get/is_samsung_account_signed_in
09-17 16:16:18.089 17436 17537 I ActionDispatcher: executeAction : tag = get/auto_sync_for_all_items_off
09-17 16:16:18.090 17436 17537 D [MdeResource]AutoSyncForAllItemsOffChecker: Status tag : sync
09-17 16:16:18.090 17436 17537 I [scsettingv2suggestion][2.0.11.0]: getStatusIds
09-17 16:16:18.092 18930 18947 I [SC]SCloudStatusProvider: tagId: sync, method: get_status_ids, arg: null
09-17 16:16:18.094 17436 17537 D [MdeResource]AutoSyncForAllItemsOffChecker: Status IDs : []
09-17 16:16:18.094 17436 17537 I ActionDispatcher: executeAction : tag = get/auto_backup_for_all_items_off
09-17 16:16:18.094 17436 17537 D [MdeResource]AutoBackupForAllItemsOffChecker: Status tag : backup
09-17 16:16:18.094 17436 17537 I [scsettingv2suggestion][2.0.11.0]: getStatusIds
09-17 16:16:18.095 18930 18947 I [SC]SCloudStatusProvider: tagId: backup, method: get_status_ids, arg: null
09-17 16:16:18.100 18930 18947 I [SC]BackupSourceManager: getEnabledList: size: 36, list: [FrontHomeDualClock, APP, FrontHome, CONTACT, WEATHERWIDGET, CALLSETTING, EVENT, clock_widget_setting, BluetoothDeviceList, CALENDARSETTING, Shortcut, DOCUMENT, SBROWSERSETTING, Settings, RCSCHAT, MUSIC, FrontHomeAlarmWidget, TASK, TIMER, bedtime_alarm, clock_settings, CONNECTIONS, HomescreenBackup, CALLLOGS, WorldClock, RINGTONESETTING, SPAM, WifiPreference, CONTACTSETTING, RCSFT, DEXHOME, Alarm, SMS, MessagesSettings, MMS2, call_background]
09-17 16:16:18.101 17436 17537 D [MdeResource]AutoBackupForAllItemsOffChecker: Status IDs : [homescreen_backup_status, apps_backup_status, contacts_backup_status, calendar_backup_status, settings_backup_status, messages_backup_status, clock_backup_status, calllog_backup_status]
09-17 16:16:18.101 17436 17537 I [scsettingv2suggestion][2.0.11.0]: getStatus
09-17 16:16:18.102 18930 18947 I [SC]SCloudStatusProvider: tagId: backup, method: get_status_by_id, arg: null
09-17 16:16:18.102 18930 18947 I [SC]AutoBackup: get backup status homescreen_backup_status : 0
09-17 16:16:18.102 17436 17537 D [MdeResource]AutoBackupForAllItemsOffChecker: status id : homescreen_backup_status, value : 0
09-17 16:16:18.103 17436 17537 I [scsettingv2suggestion][2.0.11.0]: getStatus
09-17 16:16:18.103 18930 18947 I [SC]SCloudStatusProvider: tagId: backup, method: get_status_by_id, arg: null
09-17 16:16:18.103 18930 18947 I [SC]AutoBackup: get backup status apps_backup_status : 0
09-17 16:16:18.104 17436 17537 D [MdeResource]AutoBackupForAllItemsOffChecker: status id : apps_backup_status, value : 0
09-17 16:16:18.104 17436 17537 I [scsettingv2suggestion][2.0.11.0]: getStatus
09-17 16:16:18.104  3789  3789 D SecImsManager: isWfcEnabledByPlatform
09-17 16:16:18.104 18930 18947 I [SC]SCloudStatusProvider: tagId: backup, method: get_status_by_id, arg: null
09-17 16:16:18.104 18930 18947 I [SC]AutoBackup: get backup status contacts_backup_status : 0
09-17 16:16:18.105 17436 17537 D [MdeResource]AutoBackupForAllItemsOffChecker: status id : contacts_backup_status, value : 0
09-17 16:16:18.105 17436 17537 I [scsettingv2suggestion][2.0.11.0]: getStatus
09-17 16:16:18.105 18930 18947 I [SC]SCloudStatusProvider: tagId: backup, method: get_status_by_id, arg: null
09-17 16:16:18.105 18930 18947 I [SC]AutoBackup: get backup status calendar_backup_status : 0
09-17 16:16:18.107 17436 17537 D [MdeResource]AutoBackupForAllItemsOffChecker: status id : calendar_backup_status, value : 0
09-17 16:16:18.107 17436 17537 I [scsettingv2suggestion][2.0.11.0]: getStatus
09-17 16:16:18.109 18930 18947 I [SC]SCloudStatusProvider: tagId: backup, method: get_status_by_id, arg: null
09-17 16:16:18.109 18930 18947 I [SC]AutoBackup: get backup status settings_backup_status : 0
09-17 16:16:18.110 17436 17537 D [MdeResource]AutoBackupForAllItemsOffChecker: status id : settings_backup_status, value : 0
09-17 16:16:18.110 17436 17537 I [scsettingv2suggestion][2.0.11.0]: getStatus
09-17 16:16:18.110 18930 18947 I [SC]SCloudStatusProvider: tagId: backup, method: get_status_by_id, arg: null
09-17 16:16:18.110 18930 18947 I [SC]AutoBackup: get backup status messages_backup_status : 0
09-17 16:16:18.111 17436 17537 D [MdeResource]AutoBackupForAllItemsOffChecker: status id : messages_backup_status, value : 0
09-17 16:16:18.111 17436 17537 I [scsettingv2suggestion][2.0.11.0]: getStatus
09-17 16:16:18.112 18930 18947 I [SC]SCloudStatusProvider: tagId: backup, method: get_status_by_id, arg: null
09-17 16:16:18.112 18930 18947 I [SC]AutoBackup: get backup status clock_backup_status : 0
09-17 16:16:18.113 17436 17537 D [MdeResource]AutoBackupForAllItemsOffChecker: status id : clock_backup_status, value : 0
09-17 16:16:18.113 17436 17537 I [scsettingv2suggestion][2.0.11.0]: getStatus
09-17 16:16:18.114 18930 18947 I [SC]SCloudStatusProvider: tagId: backup, method: get_status_by_id, arg: null
09-17 16:16:18.114 18930 18947 I [SC]AutoBackup: get backup status calllog_backup_status : 0
09-17 16:16:18.114 17436 17537 D [MdeResource]AutoBackupForAllItemsOffChecker: status id : calllog_backup_status, value : 0
09-17 16:16:18.114 17436 17537 I ActionDispatcher: executeAction : tag = flow_control/branch_if
09-17 16:16:18.114 17436 17537 I ActionDispatcher: param.TYPE : STRING
09-17 16:16:18.114 17436 17537 I ActionDispatcher: param.VALUE : 1&&2&&3
09-17 16:16:18.115 17436 17537 I ActionDispatcher: param token : 1
09-17 16:16:18.115 17436 17537 I ActionDispatcher: param token : 2
09-17 16:16:18.115 17436 17537 I ActionDispatcher: param token : 3
09-17 16:16:18.115 17436 17537 I ActionDispatcher: expression.TYPE : LIST{STRING}
09-17 16:16:18.115 17436 17537 D ActionDispatcher: variable : get/is_samsung_account_signed_in, operator : ==, value : true, getter value : false, value type class : class java.lang.Boolean
09-17 16:16:18.115 17436 17537 I ActionDispatcher: executeAction : tag = flow_control/branch_endif
09-17 16:16:18.115 17436 17537 D Engine  : runActionFlow : Gallery OneDrive Connect
09-17 16:16:18.115 17436 17537 I ActionDispatcher: executeAction : tag = get/is_samsung_account_signed_in
09-17 16:16:18.116 17436 17537 I ActionDispatcher: executeAction : tag = get/onedrive_link_status
09-17 16:16:18.116 17436 17537 D [MdeResource]OnedriveLinkStatusChecker: Status Id : onedrive_link_status
09-17 16:16:18.116 17436 17537 I [scsettingv2suggestion][2.0.11.0]: getStatus
09-17 16:16:18.116 18930 18947 I [SC]SCloudStatusProvider: tagId: link, method: get_status_by_id, arg: null
09-17 16:16:18.117 18930 18947 I [SC]LinkStatusQueryResolver: getOneDriveLinkStatus: -1
09-17 16:16:18.118 17436 17537 D [MdeResource]OnedriveLinkStatusChecker: Status result : -1
09-17 16:16:18.118 17436 17537 I ActionDispatcher: executeAction : tag = flow_control/branch_if
09-17 16:16:18.118 17436 17537 I ActionDispatcher: param.TYPE : STRING
09-17 16:16:18.118 17436 17537 I ActionDispatcher: param.VALUE : 1&&2
09-17 16:16:18.118 17436 17537 I ActionDispatcher: param token : 1
09-17 16:16:18.118 17436 17537 I ActionDispatcher: param token : 2
09-17 16:16:18.118 17436 17537 I ActionDispatcher: expression.TYPE : LIST{STRING}
09-17 16:16:18.118 17436 17537 D ActionDispatcher: variable : get/is_samsung_account_signed_in, operator : ==, value : true, getter value : false, value type class : class java.lang.Boolean
09-17 16:16:18.118 17436 17537 I ActionDispatcher: executeAction : tag = flow_control/branch_endif
09-17 16:16:18.118 17436 17537 D Engine  : runActionFlow : Wifi Sync On
09-17 16:16:18.118 17436 17537 I ActionDispatcher: executeAction : tag = get/is_samsung_account_signed_in
09-17 16:16:18.119 17436 17537 I ActionDispatcher: executeAction : tag = get/wifi_sync_status
09-17 16:16:18.119 17436 17537 D [MdeResource]WiFiSyncStatusChecker: Status Id : wifi_sync_status
09-17 16:16:18.119 17436 17537 I [scsettingv2suggestion][2.0.11.0]: getStatus
09-17 16:16:18.119  2469  2493 D SemNativeCarrierFeature_vendor: getInstance
09-17 16:16:18.120 18930 18947 I [SC]SCloudStatusProvider: tagId: sync, method: get_status_by_id, arg: null
09-17 16:16:18.120 18930 18947 I [SC]SyncSettingManager: getCategory: com.android.settings.wifiprofilesync
09-17 16:16:18.121  1448  1512 I ActivityManager: com.samsung.android.messaging is exempt from freezer by list
09-17 16:16:18.121  1448  1512 D CompatibilityChangeReporter: Compat change id reported: 135634846; UID 10124; state: DISABLED
09-17 16:16:18.121  1448  1512 D CompatibilityChangeReporter: Compat change id reported: 177438394; UID 10124; state: DISABLED
09-17 16:16:18.121  1448  1512 D CompatibilityChangeReporter: Compat change id reported: 135772972; UID 10124; state: DISABLED
09-17 16:16:18.121  1448  1512 D CompatibilityChangeReporter: Compat change id reported: 135754954; UID 10124; state: ENABLED
09-17 16:16:18.122  1448  1513 D CompatibilityChangeReporter: Compat change id reported: 143937733; UID 10124; state: ENABLED
09-17 16:16:18.127 19366 19366 I [+0100]oneconnect[1.8.17.22_01][BEACON_MANAGER_CONTROL_SERVICE]: QcApplication.onCreate - ************** CREATE *************
09-17 16:16:18.128 17436 17537 D [MdeResource]WiFiSyncStatusChecker: Status result : -1
09-17 16:16:18.128 19366 19366 I [+0100]oneconnect[1.8.17.22_01][BEACON_MANAGER_CONTROL_SERVICE]: QcApplication.onCreate - processConfig: BEACON_MANAGER_CONTROL_SERVICE
09-17 16:16:18.128 17436 17537 I ActionDispatcher: executeAction : tag = get/is_possible_wifi_sync
09-17 16:16:18.129 17436 17537 I ActionDispatcher: executeAction : tag = flow_control/branch_if
09-17 16:16:18.129 17436 17537 I ActionDispatcher: param.TYPE : STRING
09-17 16:16:18.129 17436 17537 I ActionDispatcher: param.VALUE : 1&&2&&3
09-17 16:16:18.129 17436 17537 I ActionDispatcher: param token : 1
09-17 16:16:18.129 17436 17537 I ActionDispatcher: param token : 2
09-17 16:16:18.129 17436 17537 I ActionDispatcher: param token : 3
09-17 16:16:18.129 17436 17537 I ActionDispatcher: expression.TYPE : LIST{STRING}
09-17 16:16:18.129 17436 17537 D ActionDispatcher: variable : get/is_samsung_account_signed_in, operator : ==, value : true, getter value : false, value type class : class java.lang.Boolean
09-17 16:16:18.129 17436 17537 I ActionDispatcher: executeAction : tag = flow_control/branch_endif
09-17 16:16:18.129 17436 17537 D Engine  : runActionFlow : Offline Finding On
09-17 16:16:18.130 17436 17537 I ActionDispatcher: executeAction : tag = get/is_samsung_account_signed_in
09-17 16:16:18.130  1153  1153 D Zygote  : Forked child process 19398
09-17 16:16:18.131 17436 17537 I ActionDispatcher: executeAction : tag = get/offline_finding_status
09-17 16:16:18.131 17436 17537 D [MdeResource]OfflineFindingStatusChecker: offline finding status : false
09-17 16:16:18.131 17436 17537 D [MdeResource]OfflineFindingStatusChecker: Status ID : offline_finding_status
09-17 16:16:18.131 17436 17537 I [SCPMSDK][0.9.1000][ScpmDeviceService]: call : Method = setStatus, appId = 7ifb2oyy52
09-17 16:16:18.131  1448  1513 I ActivityManager: Start proc 19398:com.samsung.android.messaging/u0a124 for broadcast {com.samsung.android.messaging/com.samsung.android.messaging.ui.receiver.cb.CbReceiver}
09-17 16:16:18.131  1448  1513 D DynamicHiddenApp_BGProtectManager: [SecIpm] it's a ML_TYPE_EMPTYPROCESS protected process com.samsung.android.messaging
09-17 16:16:18.129 19366 19366 I [+0100]oneconnect[1.8.17.22_01][BEACON_MANAGER_CONTROL_SERVICE]: SystemInfo.hasSepFeature - true
09-17 16:16:18.132 19366 19366 I [+0100]oneconnect[1.8.17.22_01][BEACON_MANAGER_CONTROL_SERVICE]: SystemInfo.isSemAvailable : - ? true ,Version: 3301
09-17 16:16:18.134 17436 17537 I [SCPMSDK][0.9.1000][ScpmDeviceService]: result = 2, rcode = 70000003, rmsg = No Account..
09-17 16:16:18.134 19366 19366 I SamsungAnalyticsLogger: initialize
09-17 16:16:18.134 17436 17537 I ActionDispatcher: executeAction : tag = get/is_china_model
09-17 16:16:18.134 17436 17537 I ActionDispatcher: executeAction : tag = flow_control/branch_if
09-17 16:16:18.134 17436 17537 I ActionDispatcher: param.TYPE : STRING
09-17 16:16:18.134 17436 17537 I ActionDispatcher: param.VALUE : 1&&2&&3
09-17 16:16:18.135 17436 17537 I ActionDispatcher: param token : 1
09-17 16:16:18.135 17436 17537 I ActionDispatcher: param token : 2
09-17 16:16:18.135 17436 17537 I ActionDispatcher: param token : 3
09-17 16:16:18.135 17436 17537 I ActionDispatcher: expression.TYPE : LIST{STRING}
09-17 16:16:18.135 17436 17537 D ActionDispatcher: variable : get/is_samsung_account_signed_in, operator : ==, value : true, getter value : false, value type class : class java.lang.Boolean
09-17 16:16:18.135 17436 17537 I ActionDispatcher: executeAction : tag = flow_control/branch_endif
09-17 16:16:18.135 17436 17537 D Utils   : getIdListFromLocalStorage : 
09-17 16:16:18.135 17436 17537 D Utils   : getIdListFromLocalStorage : 
09-17 16:16:18.135 17436 17537 D ActionExecutionHandler: handleMessage : MSG_FINISH
09-17 16:16:18.139 19366 19366 I [+0100]oneconnect[1.8.17.22_01][BEACON_MANAGER_CONTROL_SERVICE]: ExternalOnboardingUtil.enableWiFiHomeScanAndWiFiSettingsOnboarding - rssi Threshold:-55, supportSsidFormats: ^.+(_E1){1}\p{Alnum}{7}.*,^.+(_E2){1}[0123]{1}\p{Alnum}{7}.*,^.+(_E3){1}\p{Alnum}{7}.*,^.+(_E4){1}\p{Alnum}{7}.*,^.+(_E5){1}\p{Alnum}{7}.*,\[floor a/c\] Samsung,\[room a/c\] Samsung,\[system a/c\] Samsung,\[air purifier\] Samsung,\[cooktop\] Samsung \(LCD\),\[cooktop\] Samsung \(Gas\),\[cooktop\] Samsung,\[cooktop\] Dacor \(Gas\),\[dishwasher\] Samsung,\[dishwasher\] Dacor,\[dryer\] Samsung \(LCD\),\[dryer\] Samsung,\[airdresser\] Samsung,\[oven\] Samsung \(LCD\),\[oven\] Samsung,\[oven\] Dacor \(LCD\),\[range\] Samsung \(LCD\),\[range\] Samsung,\[range\] Dacor \(LCD\),\[refrigerator\] Samsung \(LCD\),\[refrigerator\] Samsung,\[refrigerator\] Dacor,\[kimchiref\] Samsung,\[kimchiref\] Dacor,\[robot vacuum\] Samsung,\[washer\] Samsung \(LCD\),\[washer\] Samsung,\[winecellar\] Dacor,\[Floor A/C\] Samsung,\[Room A/C\] Samsung,\[System A/C\] Samsung,\[Air Purifier\] Samsung,\[Cooktop\] Samsung,\[Cooktop\] Samsung,\[Cooktop\] Samsung,\[Cooktop\] Dacor,\[Cooktop\] Dacor,\[Dish Washer\] Samsung,\[Dish Washer\] Dacor,\[Dryer\] Samsung,\[Dryer\] Samsung,\[Oven\] Samsung,\[Oven\] Samsung,\[Oven\] Dacor,\[Range\] Samsung,\[Range\] Dacor,\[Refrigerator\] Samsung,\[Refrigerator\] Samsung,\[Refrigerator\] Dacor,\[KimchiRef\] Samsung,\[KimchiRef\] Dacor,\[Robot Vacuum\] Samsung,\[Washer\] Samsung,\[Washer\] Samsung
09-17 16:16:18.139  1448  4873 V SemWifiService: setEasySetupScanSettings for com.samsung.android.oneconnect
09-17 16:16:18.139  1448  4873 I SemWifiEasySetupManager: setEasySetupScanSettings package : com.samsung.android.oneconnect, mIsEnabled : true
09-17 16:16:18.143  2469  2496 D SemNativeCarrierFeature_vendor: getInstance
09-17 16:16:18.148  1448  4918 D CompatibilityChangeReporter: Compat change id reported: 161145287; UID 10283; state: DISABLED
09-17 16:16:18.151 19366 19400 I [+0100]oneconnect[1.8.17.22_01][BEACON_MANAGER_CONTROL_SERVICE]: UserProfileRepositoryCache.init - 
09-17 16:16:18.152  2469  2493 D SemNativeCarrierFeature_vendor: getInstance
09-17 16:16:18.154 19398 19398 I droid.messaging: Using CollectorTypeCC GC.
09-17 16:16:18.158 19398 19398 E droid.messaging: Not starting debugger since process cannot load the jdwp agent.
09-17 16:16:18.163 19366 19412 I [+0100]oneconnect[1.8.17.22_01][BEACON_MANAGER_CONTROL_SERVICE]: PrivacyPolicyAgreementManager.recomputeStatus - isPpAgreed : false
09-17 16:16:18.164 19398 19398 D ActivityThread: setConscryptValidator
09-17 16:16:18.164 19398 19398 D ActivityThread: setConscryptValidator - put
09-17 16:16:18.167  1448  4873 D CompatibilityChangeReporter: Compat change id reported: 168419799; UID 10124; state: DISABLED
09-17 16:16:18.167  1448  4873 I ActivityManager: DSS OFF for com.samsung.android.messaging
09-17 16:16:18.169 19364 19364 I IC_a[1.2.93]: initialize() - Skip configuration: false, false
09-17 16:16:18.172  1311 24224 V APM_AudioPolicyManager: setAppState(portId:2209, state:2)
09-17 16:16:18.176 19366 19366 I [+0100]oneconnect[1.8.17.22_01][BEACON_MANAGER_CONTROL_SERVICE]: AppInitializerHelper.initialize - 
09-17 16:16:18.177 19398 19398 D CompatibilityChangeReporter: Compat change id reported: 171979766; UID 10124; state: ENABLED
09-17 16:16:18.177 19366 19413 I [+0100]oneconnect[1.8.17.22_01][BEACON_MANAGER_CONTROL_SERVICE]: LaunchDarklyManager.getUser - User - ($)
09-17 16:16:18.178  1448  4918 I GenerationRegistry: mBackingStore.isClosed() : false
09-17 16:16:18.178 19366 19414 I [+0100]oneconnect[1.8.17.22_01][BEACON_MANAGER_CONTROL_SERVICE]: ServerDebugModePreference.getIotServerPos - 2
09-17 16:16:18.178 19366 19413 I [+0100]oneconnect[1.8.17.22_01][BEACON_MANAGER_CONTROL_SERVICE]: LaunchDarklyManager.prepareInternal - Initialize LD - ($)
09-17 16:16:18.179 19366 19400 I [+0100]oneconnect[1.8.17.22_01][BEACON_MANAGER_CONTROL_SERVICE]: PrivacyPolicyRepository.isPpAgreed - ppAgreed=false
09-17 16:16:18.179 19366 19400 E [+0100]oneconnect[1.8.17.22_01][BEACON_MANAGER_CONTROL_SERVICE]: SA-oneconnect.canEnableSALog - PP is not agreed, Skip logging
09-17 16:16:18.181 19366 19366 E [+0100]oneconnect[1.8.17.22_01][BEACON_MANAGER_CONTROL_SERVICE]: AppInitializerHelper.buildInitializers - Unhandled process type. type=BEACON_MANAGER_CONTROL_SERVICE
09-17 16:16:18.181 19366 19366 I [+0100]oneconnect[1.8.17.22_01][BEACON_MANAGER_CONTROL_SERVICE]: AppUiModeInitializer.initialize - 
09-17 16:16:18.182 19366 19366 I [+0100]oneconnect[1.8.17.22_01][BEACON_MANAGER_CONTROL_SERVICE]: ScreenModeManager.initialize - 
09-17 16:16:18.184  1448  1486 D PackageManager: setEnabledSetting : userId = 0 packageName = com.samsung.android.oneconnect cmp = androidx.work.impl.background.systemjob.SystemJobService newState = 1 callingPackage = 10283/com.samsung.android.oneconnect
09-17 16:16:18.185  1448  1486 D ApplicationPolicy: getApplicationStateEnabled : pkg = com.samsung.android.oneconnect userId : 0
09-17 16:16:18.185  1448  1486 D ApplicationPolicy: getApplicationComponentState : pkg = com.samsung.android.oneconnect userId : 0
09-17 16:16:18.187  2469  2493 D SemNativeCarrierFeature_vendor: getInstance
09-17 16:16:18.187 19366 19414 I [+0100]oneconnect[1.8.17.22_01][BEACON_MANAGER_CONTROL_SERVICE]: ServerDebugModePreference.getMetaServerPos - 1
09-17 16:16:18.187 19366 19414 I [+0100]oneconnect[1.8.17.22_01][BEACON_MANAGER_CONTROL_SERVICE]: ServerDebugModePreference.getPluginServerPos - 1
09-17 16:16:18.187 19366 19414 I [+0100]oneconnect[1.8.17.22_01][BEACON_MANAGER_CONTROL_SERVICE]: ServerDebugModePreference.getCatalogServerPos - 2
09-17 16:16:18.188 19366 19413 I [+0100]oneconnect[1.8.17.22_01][BEACON_MANAGER_CONTROL_SERVICE]: LaunchDarklySDK.log - Creating LaunchDarkly client. Version: 4.2.3
09-17 16:16:18.194 19366 19424 I [+0100]oneconnect[1.8.17.22_01][BEACON_MANAGER_CONTROL_SERVICE]: Auth@AuthTokenAllowedManager.isAllowed - chinaNalSecurity: true, ppAgree: false
09-17 16:16:18.196 19366 19366 I [+0100]oneconnect[1.8.17.22_01][BEACON_MANAGER_CONTROL_SERVICE]: WidgetInitializeHelper.initialize - 
09-17 16:16:18.196 19366 19366 I [+0100]oneconnect[1.8.17.22_01][BEACON_MANAGER_CONTROL_SERVICE]: WidgetInitializeHelper.disableWidgetComponent - OneUI is lower than 6.1.1. Disable package
09-17 16:16:18.196 19366 19414 I [+0100]oneconnect[1.8.17.22_01][BEACON_MANAGER_CONTROL_SERVICE]: AppInitializerHelper.serverInfo - IsTestMode=false Iot=PROD Meta=PROD Catalog=PROD Plugin=PROD SmartKit=PRODUCTION Country=0
09-17 16:16:18.197  1448  1486 D PackageManager: setEnabledSetting : userId = 0 packageName = com.samsung.android.oneconnect cmp = com.samsung.android.oneconnect.ui.widget.providers.MultiControlWidgetProvider newState = 2 callingPackage = 10283/com.samsung.android.oneconnect
09-17 16:16:18.198 19366 19366 I [+0100]oneconnect[1.8.17.22_01][BEACON_MANAGER_CONTROL_SERVICE]: QcApplication.onCreate - ***********************************
09-17 16:16:18.202  2469  2496 D SemNativeCarrierFeature_vendor: getInstance
09-17 16:16:18.203 19366 19366 I [+0100]oneconnect[1.8.17.22_01][BEACON_MANAGER_CONTROL_SERVICE]: BeaconManagerControlService.onCreate - 
09-17 16:16:18.204 19366 19366 I [+0100]oneconnect[1.8.17.22_01][BEACON_MANAGER_CONTROL_SERVICE]: ProcessUtil.setProcessForeground - [myPid]19366isForeground:true
09-17 16:16:18.214 19366 19366 I [+0100]oneconnect[1.8.17.22_01][BEACON_MANAGER_CONTROL_SERVICE]: QcSupportUtil.isQcSupportedMode - user: 0
09-17 16:16:18.215 19366 19424 I [+0100]oneconnect[1.8.17.22_01][BEACON_MANAGER_CONTROL_SERVICE]: DnsConfigHelper.updatePreferenceValues - server env=PRODUCTION, region=DEFAULT
09-17 16:16:18.218 19366 19366 I [+0100]oneconnect[1.8.17.22_01][BEACON_MANAGER_CONTROL_SERVICE]: SepBleHelper.getPassiveScanFilter() - 
09-17 16:16:18.218 19366 19366 I [+0100]oneconnect[1.8.17.22_01][BEACON_MANAGER_CONTROL_SERVICE]: SepBleHelper.getPassiveScanFilter() - 
09-17 16:16:18.218 19366 19366 E [+0100]oneconnect[1.8.17.22_01][BEACON_MANAGER_CONTROL_SERVICE]: SepBleHelper.getPassiveScanFilter() -  - error: java.lang.reflect.InvocationTargetException
09-17 16:16:18.218  2469  2496 D SemNativeCarrierFeature_vendor: getInstance
09-17 16:16:18.220 19366 19442 I [+0100]oneconnect[1.8.17.22_01][BEACON_MANAGER_CONTROL_SERVICE]: Auth@RestClientAccessTokenManager.initialize - Set Access Token Null
09-17 16:16:18.220 19366 19366 I [+0100]oneconnect[1.8.17.22_01][BEACON_MANAGER_CONTROL_SERVICE]: AppPackageUtil.isAppInstalled - Installed - com.samsung.android.mateagent
09-17 16:16:18.221 19366 19366 I [+0100]oneconnect[1.8.17.22_01][BEACON_MANAGER_CONTROL_SERVICE]: AppFilter.needScanForFriends - true
09-17 16:16:18.221 19366 19366 I [+0100]oneconnect[1.8.17.22_01][BEACON_MANAGER_CONTROL_SERVICE]: BeaconManagerFilter.addSamsungFriendsFilter - 
09-17 16:16:18.221  1448  4873 D CompatibilityChangeReporter: Compat change id reported: 319212206; UID 10283; state: DISABLED
09-17 16:16:18.221 19366 19366 I [+0100]oneconnect[1.8.17.22_01][BEACON_MANAGER_CONTROL_SERVICE]: AppPackageUtil.isAppInstalled - Installed - com.sec.android.easyMover.Agent
09-17 16:16:18.222 19366 19366 I [+0100]oneconnect[1.8.17.22_01][BEACON_MANAGER_CONTROL_SERVICE]: AppFilter.needScanForSmartSwitch - true
09-17 16:16:18.222 19366 19366 I [+0100]oneconnect[1.8.17.22_01][BEACON_MANAGER_CONTROL_SERVICE]: BeaconManagerFilter.addSmartSwitchFilter - 
09-17 16:16:18.224  1448  3295 D ConnectivityService: Rematched networks [computed 0ms] [applied 0ms] [issued 2]
09-17 16:16:18.224  1448  3295 D ConnectivityService: NetworkReassignment : no changes
09-17 16:16:18.226  1448  3295 D ConnectivityService: Rematched networks [computed 0ms] [applied 0ms] [issued 1]
09-17 16:16:18.226  1448  3295 D ConnectivityService: NetworkReassignment : no changes
09-17 16:16:18.227 19366 19442 I [+0100]oneconnect[1.8.17.22_01][BEACON_MANAGER_CONTROL_SERVICE]: Auth@AuthTokenAllowedManager.isAllowed - chinaNalSecurity: true, ppAgree: false
09-17 16:16:18.229 19366 19412 I [+0100]oneconnect[1.8.17.22_01][BEACON_MANAGER_CONTROL_SERVICE]: Auth@AuthTokenAllowedManager.isAllowed - chinaNalSecurity: true, ppAgree: false
09-17 16:16:18.234  2469  2496 D SemNativeCarrierFeature_vendor: getInstance
09-17 16:16:18.238 19364 19364 I EasySetup: EasyConnectUtil.onCreate - created!!
09-17 16:16:18.240  1448  1486 D CompatibilityChangeReporter: Compat change id reported: 194532703; UID 10283; state: ENABLED
09-17 16:16:18.241 19366 19438 I WM-GreedyScheduler: Ignoring schedule request in a secondary process
09-17 16:16:18.244  2469  2496 D SemNativeCarrierFeature_vendor: getInstance
09-17 16:16:18.252  2469  2493 D SemNativeCarrierFeature_vendor: getInstance
09-17 16:16:18.252 19364 19364 I DIAGMON_SDK[605059]: DiagMonAgent type: 2
09-17 16:16:18.252 19364 19364 I DIAGMON_SDK[605059][476-399-579853] : generated SR object
09-17 16:16:18.255  2469  2496 D SemNativeCarrierFeature_vendor: getInstance
09-17 16:16:18.257 19364 19364 I EasySetup[11.1.12.14] : IcControlService.onCreate - 
09-17 16:16:18.257 19364 19364 I EasySetup[11.1.12.14] : Util.isOwnerCurrentMode - user: 0
09-17 16:16:18.259  1448  1486 D CompatibilityChangeReporter: Compat change id reported: 161145287; UID 10082; state: DISABLED
09-17 16:16:18.259 19364 19364 I EasySetup[11.1.12.14] : IcControlService.onBind - 
09-17 16:16:18.261 19644 19644 I BCMGR[11.0.01.10]ContentValues: onServiceConnected - BeaconManagerControlService connected Intent { cmp=com.samsung.android.easysetup/.icmanager.IcControlService }
09-17 16:16:18.263 19364 19392 W EasySetup[11.1.12.14] : IcControlService.connectIntelligentContinuityService - 
09-17 16:16:18.263 19364 19392 W EasySetup[11.1.12.14] : IcControlService.start connectIntelligentContinuityService - 
09-17 16:16:18.264  1448  4873 I GenerationRegistry: mBackingStore.isClosed() : false
09-17 16:16:18.266 19364 19364 I EasySetup[11.1.12.14] : IcControlService.onStartCommand - 
09-17 16:16:18.266 19364 19364 W EasySetup[11.1.12.14] : IcControlService.connectIntelligentContinuityService - 
09-17 16:16:18.266 19364 19364 W EasySetup[11.1.12.14] : IcControlService.start connectIntelligentContinuityService - 
09-17 16:16:18.266 19644 19644 I BCMGR[11.0.01.10]: ContentValues(ES)] updateScanFilter - size : 0
09-17 16:16:18.266 19644 19644 I BCMGR[11.0.01.10]: BeaconManager] updateIcPacketFilters (EasySetup) - setEasySetupPacketFilters :0
09-17 16:16:18.266 19644 19644 I BCMGR[11.0.01.10]BeaconManagerFilter: setEasySetupFilterList - size : 0filter: 
09-17 16:16:18.267 19644 19360 I BCMGR[11.0.01.10]: BeaconManager] updateScanCondition - 
09-17 16:16:18.267 19644 19360 I BCMGR[11.0.01.10]: BeaconManager] getScanFilter - filterFlag - 0b1100000
09-17 16:16:18.267 19644 19360 I BCMGR[11.0.01.10]: BeaconManager] updateScanCondition - no scanlist
09-17 16:16:18.267 19644 19360 I BCMGR[11.0.01.10]: BleScanHelper] stopBleScan - BluetoothAdapter is null or LE is not ON state
09-17 16:16:18.270  2469  2496 D SemNativeCarrierFeature_vendor: getInstance
09-17 16:16:18.273  4847  4931 I DMASA[D][476-399-579853]: [DiagmonProvider]Received msg based on provider : request_deviceid / request_deviceid
09-17 16:16:18.275  4847  4931 I DMASA[D][476-399-579853]: [DiagmonProvider]Signature Check Success
09-17 16:16:18.275  4847  4931 I DMASA[D][476-399-579853]: [DiagmonProvider]Action : Request deviceID
09-17 16:16:18.275  2469  2493 D SemNativeCarrierFeature_vendor: getInstance
09-17 16:16:18.276  4847  4931 W DMASA[D][476-399-579853]: [DiagmonProvider]DeviceId failed : user binary or info null
09-17 16:16:18.276 19364 19458 I DIAGMON_SDK[605059][476-399-579853] : Agreement value: D
09-17 16:16:18.276 19364 19458 I DIAGMON_SDK[605059][476-399-579853] : Request Service Registration
09-17 16:16:18.277 19366 19366 I [+0100]oneconnect[1.8.17.22_01][BEACON_MANAGER_CONTROL_SERVICE]: QcSupportUtil.isQcSupportedMode - user: 0
09-17 16:16:18.277 19366 19366 I [+0100]oneconnect[1.8.17.22_01][BEACON_MANAGER_CONTROL_SERVICE]: BeaconManagerFilter.addSamsungDiscoveryFilter - 
09-17 16:16:18.277 19366 19366 I [+0100]oneconnect[1.8.17.22_01][BEACON_MANAGER_CONTROL_SERVICE]: BeaconManagerFilter.addSamsungConnectFilter - 
09-17 16:16:18.277  4847  4931 I DMASA[D][476-399-579853]: [DiagmonProvider]Received msg based on provider : registration / register_service
09-17 16:16:18.277 19366 19366 I [+0100]oneconnect[1.8.17.22_01][BEACON_MANAGER_CONTROL_SERVICE]: BeaconManagerFilter.addAqaraDoorLockFilter - 
09-17 16:16:18.277 19366 19366 I [+0100]oneconnect[1.8.17.22_01][BEACON_MANAGER_CONTROL_SERVICE]: BeaconManagerFilter.addMatterFilter - 
09-17 16:16:18.277 19364 19364 I IC_Service[1.2.93]: onCreate()
09-17 16:16:18.277 19366 19366 I [+0100]oneconnect[1.8.17.22_01][BEACON_MANAGER_CONTROL_SERVICE]: BeaconManagerFilter.addBleCloudV2Filter - 
09-17 16:16:18.277 19364 19364 I IC_Service[1.2.93]: initialize() - Called
09-17 16:16:18.277  4847  4931 I DMASA[D][476-399-579853]: [DiagmonProvider]Signature Check Success
09-17 16:16:18.277  4847  4931 I DMASA[D][476-399-579853]: [DiagmonProvider]Action : Register service
09-17 16:16:18.278  4847  4931 I DMASA[D][476-399-579853]: [b]Service Agree: true
09-17 16:16:18.278  4847  4931 I DMASA[D][476-399-579853]: [b]Device ID is null or empty
09-17 16:16:18.278  4847  4931 I DMASA[D][476-399-579853]: [b]Tracking ID is null or empty
09-17 16:16:18.278  2469  2496 D SemNativeCarrierFeature_vendor: getInstance
09-17 16:16:18.279  3848  3848 I VolteServiceModule: onBarringInfoChanged: barringInfo BarringInfo {mCellIdentity=null, mBarringServiceInfos={0={isBarred: false (type: 0, isConditionally: false), factor: 0, timeseconds: 0}, 1={isBarred: false (type: 0, isConditionally: false), factor: 0, timeseconds: 0}, 2={isBarred: false (type: 0, isConditionally: false), factor: 0, timeseconds: 0}, 3={isBarred: false (type: 0, isConditionally: false), factor: 0, timeseconds: 0}, 4={isBarred: false (type: 0, isConditionally: false), factor: 0, timeseconds: 0}, 5={isBarred: false (type: 0, isConditionally: false), factor: 0, timeseconds: 0}, 6={isBarred: false (type: 0, isConditionally: false), factor: 0, timeseconds: 0}, 7={isBarred: false (type: 0, isConditionally: false), factor: 0, timeseconds: 0}, 8={isBarred: false (type: 0, isConditionally: false), factor: 0, timeseconds: 0}, 9={isBarred: false (type: 0, isConditionally: false), factor: 0, timeseconds: 0}}}
09-17 16:16:18.280  3848  4411 I VolteServiceModule: voiceBarringInfo mConditionalBarringFactor:0 mConditionalBarringTimeSeconds:0
09-17 16:16:18.280  3848  4411 I VolteServiceModule: videoBarringInfo mConditionalBarringFactor:0 mConditionalBarringTimeSeconds:0
09-17 16:16:18.280  3848  4411 I SsacManager: updateSSACInfo[1] : Voice(100:0) Video(100:0)
09-17 16:16:18.280  4847  4931 I DMASA[D][476-399-579853]: [DiagmonProvider]SERVICE INFO already registered to server [476-399-579853]
09-17 16:16:18.280  3848  4411 I SsacManager: Voice Call updateSSACInfo[1] : f[100], t[0]
09-17 16:16:18.280  3848  4411 I SsacManager: Video Call updateSSACInfo[1] : f[100], t[0]
09-17 16:16:18.280 19364 19458 I DIAGMON_SDK[605059][476-399-579853] : Results : Success
09-17 16:16:18.280  3848  4411 I VolteServiceModule: onBarringInfoChanged: barringInfo BarringInfo {mCellIdentity=null, mBarringServiceInfos={0={isBarred: false (type: 0, isConditionally: false), factor: 0, timeseconds: 0}, 1={isBarred: false (type: 0, isConditionally: false), factor: 0, timeseconds: 0}, 2={isBarred: false (type: 0, isConditionally: false), factor: 0, timeseconds: 0}, 3={isBarred: false (type: 0, isConditionally: false), factor: 0, timeseconds: 0}, 4={isBarred: false (type: 0, isConditionally: false), factor: 0, timeseconds: 0}, 5={isBarred: false (type: 0, isConditionally: false), factor: 0, timeseconds: 0}, 6={isBarred: false (type: 0, isConditionally: false), factor: 0, timeseconds: 0}, 7={isBarred: false (type: 0, isConditionally: false), factor: 0, timeseconds: 0}, 8={isBarred: false (type: 0, isConditionally: false), factor: 0, timeseconds: 0}, 9={isBarred: false (type: 0, isConditionally: false), factor: 0, timeseconds: 0}}}
09-17 16:16:18.280  3848  4411 I VolteServiceModule: voiceBarringInfo mConditionalBarringFactor:0 mConditionalBarringTimeSeconds:0
09-17 16:16:18.281  3848  4411 I VolteServiceModule: videoBarringInfo mConditionalBarringFactor:0 mConditionalBarringTimeSeconds:0
09-17 16:16:18.281  3848  4411 I SsacManager: updateSSACInfo[0] : Voice(100:0) Video(100:0)
09-17 16:16:18.281  3848  4411 I SsacManager: Voice Call updateSSACInfo[0] : f[100], t[0]
09-17 16:16:18.281  3848  4411 I SsacManager: Video Call updateSSACInfo[0] : f[100], t[0]
09-17 16:16:18.281 19364 19364 I IC_Service[1.2.93]: clearRemoteCallbacks()
09-17 16:16:18.281 19366 19366 I [+0100]oneconnect[1.8.17.22_01][BEACON_MANAGER_CONTROL_SERVICE]: BeaconManagerControlService.onBind - 
09-17 16:16:18.282 19366 19474 I [+0100]oneconnect[1.8.17.22_01][BEACON_MANAGER_CONTROL_SERVICE]: SystemInfo.hasSepFeature - true
09-17 16:16:18.282 19366 19474 I [+0100]oneconnect[1.8.17.22_01][BEACON_MANAGER_CONTROL_SERVICE]: SystemInfo.isSemAvailable : - ? true ,Version: 3301
09-17 16:16:18.283 19366 19474 I [+0100]oneconnect[1.8.17.22_01][BEACON_MANAGER_CONTROL_SERVICE]: [BeaconManagerControlService] IntelligentContinuity.getNDSVersion - verCode : 1111200014
09-17 16:16:18.283 19364 19364 I Peripheral_PopupManager[1.2.93]: registerBluetoothStateListener()
09-17 16:16:18.285 19644 19644 I BCMGR[11.0.01.10]ContentValues: onServiceConnected - BeaconManagerControlService connected Intent { cmp=com.samsung.android.oneconnect/.easysetup.beaconmanager.BeaconManagerControlService }
09-17 16:16:18.285  2469  2493 D SemNativeCarrierFeature_vendor: getInstance
09-17 16:16:18.285 19644 19644 I BCMGR[11.0.01.10]: BeaconManager] updateSkipFilter - BroadcastReceiver onReceive end
09-17 16:16:18.285 19644 19644 W BCMGR[11.0.01.10]: BeaconManager] setSkipFilter - 0
09-17 16:16:18.286 19644 19644 I BCMGR[11.0.01.10]: ContentValues(ST)] updateScanFilter - size : 9
09-17 16:16:18.286 19644 19644 I BCMGR[11.0.01.10]: BeaconManager] updateCustomPacketFilters (Smartthings)  - setSmartthingsPacketFilters :9
09-17 16:16:18.287 19644 19644 I BCMGR[11.0.01.10]BeaconManagerFilter: setSmartThingsFilterList - size : 9filter: [SamsungFriends] , [SmartSwitch] , [SamsungDiscovery_StInvitation] , [SDiscovery_tvOn] , [SamsungIba] , [SamsungConnect_V2_V3_On] , [AqaraDoorLock] , [Matter] , [BleCloudV2] , 
09-17 16:16:18.287 19644 19360 I BCMGR[11.0.01.10]: BeaconManager] updateScanCondition - 
09-17 16:16:18.287 19644 19360 I BCMGR[11.0.01.10]: BeaconManager] getScanFilter - filterFlag - 0b1100000
09-17 16:16:18.287 19644 19360 I BCMGR[11.0.01.10]: BeaconManager] updateScanCondition - filter: (on : 9, off:0)[SamsungFriends] , [SmartSwitch] , [SamsungDiscovery_StInvitation] , [SDiscovery_tvOn] , [SamsungIba] , [SamsungConnect_V2_V3_On] , [AqaraDoorLock] , [Matter] , [BleCloudV2] , 
09-17 16:16:18.287 19644 19360 I BCMGR[11.0.01.10]: BleScanHelper] updateScanFilternInterval - On Filter: 9, Off Filter: 0
09-17 16:16:18.287 19644 19360 I BluetoothAdapter: STATE_OFF=10
09-17 16:16:18.287 19644 19360 I BluetoothAdapter: StandAloneBleMode=true called by PID : 19644 @ com.samsung.android.beaconmanager
09-17 16:16:18.287 19366 19366 I [+0100]oneconnect[1.8.17.22_01][BEACON_MANAGER_CONTROL_SERVICE]: BeaconManagerControlService.onStartCommand - start_self
09-17 16:16:18.288 19644 19360 I BluetoothAdapter:  setting StandAloneBleMode=true
09-17 16:16:18.288 19644 19360 I BluetoothAdapter: enableRadio() : Calling enable
09-17 16:16:18.288  1448  4918 D SecContentProvider: query(), uri = 3 selection = isBLEAllowed
09-17 16:16:18.289  1448  4918 D SecContentProvider: called from android.uid.system:1000
09-17 16:16:18.289  1448  4918 D BluetoothManagerService: enableBle(): mIsSamsungKernel = true, fromSamsungApp = true
09-17 16:16:18.289  1448  4918 D SecContentProvider: query(), uri = 3 selection = isBLEAllowed
09-17 16:16:18.289  1448  4918 D SecContentProvider: called from android.uid.system:1000
09-17 16:16:18.289  1448  4918 D BluetoothManagerService: updateBleAppCount #UP | mBleAppCount: 0, mSappCount: 0, Using SS: true
09-17 16:16:18.289  1448  2652 D BluetoothManagerService: binding Bluetooth service
09-17 16:16:18.290 19366 19474 I [+0100]oneconnect[1.8.17.22_01][BEACON_MANAGER_CONTROL_SERVICE]: SystemInfo.hasSepFeature - true
09-17 16:16:18.290 19366 19474 I [+0100]oneconnect[1.8.17.22_01][BEACON_MANAGER_CONTROL_SERVICE]: SystemInfo.isSemAvailable : - ? true ,Version: 3301
09-17 16:16:18.290 19364 19473 I CameraManagerGlobal: Connecting to camera service
09-17 16:16:18.291  2469  2493 D SemNativeCarrierFeature_vendor: getInstance
09-17 16:16:18.292  1448  2652 D CompatibilityChangeReporter: Compat change id reported: 135634846; UID 1002; state: DISABLED
09-17 16:16:18.295 19644 19655 W d.beaconmanager: Reducing the number of considered missed Gc histogram windows from 36024 to 100
09-17 16:16:18.296  3464  3464 V KeyguardUpdateMonitor: onSubscriptionInfoChanged()
09-17 16:16:18.296 19364 19364 I IC_g[1.2.93]: getSmartThingVersion, stub_app : false
09-17 16:16:18.296 19364 19364 I IC_g[1.2.93]: getSmartThingVersion, verCode : 181722010
09-17 16:16:18.296  1448  3302 D CompatibilityChangeReporter: Compat change id reported: 124107808; UID 1001; state: ENABLED
09-17 16:16:18.297 19364 19364 I IC_g[1.2.93]: getNDSVersion, verCode : 1111200014
09-17 16:16:18.297 19364 19364 I IC_g[1.2.93]: isNDSPrimary, Primary Supported
